<html>
<body>
<pre>
<h1>µVision Build Log</h1>
<h2>Tool Versions:</h2>
IDE-Version: µVision V5.12.0.0
Copyright (C) 2014 ARM Ltd and ARM Germany GmbH. All rights reserved.
License Information: Tony Kang, UCDavis, LIC=----
 
Tool Versions:
Toolchain:       MDK-Lite  Version: 5.12.0.0
Toolchain Path:  D:\Software\KEIL\ARM\ARMCC\Bin
C Compiler:      Armcc.exe V5.05 (build 41)
Assembler:       Armasm.exe V5.05 (build 41)
Linker/Locator:  ArmLink.exe V5.05 (build 41)
Library Manager: ArmAr.exe V5.05 (build 41)
Hex Converter:   FromElf.exe V5.05 (build 41)
CPU DLL:         SARMCM3.DLL V5.12.0.0
Dialog DLL:      DARMCM1.DLL V1.11.00.0
    Target DLL: PEMicro\Pemicro_ArmCortexInterface.dll
Dialog DLL:      TARMCM1.DLL V1.08.00.0
 
<h2>Project:</h2>
D:\workspace\Natcar\Lab2P1.uvprojx
Project File Date:  03/02/2015

<h2>Output:</h2>
Build target 'Blinky'
compiling Blinky.c...
Blinky.c(79): warning:  #177-D: variable "left_ratio" was declared but never referenced
        int left_ratio=20;
Blinky.c(80): warning:  #177-D: variable "right_ratio" was declared but never referenced
        int right_ratio=25;
Blinky.c(82): warning:  #177-D: variable "acc_flag" was declared but never referenced
        int acc_flag=1;
Blinky.c(83): warning:  #550-D: variable "turn_flag" was set but never used
        int turn_flag=0;
Blinky.c(84): warning:  #177-D: variable "acc_count" was declared but never referenced
        int acc_count=0;
Blinky.c(85): warning:  #177-D: variable "turning_high" was declared but never referenced
        int turning_high=25000;
Blinky.c(86): warning:  #177-D: variable "turning_low" was declared but never referenced
        int turning_low=15000;
Blinky.c(356): warning:  #177-D: variable "midpoint" was declared but never referenced
                int midpoint;
Blinky.c(357): warning:  #177-D: variable "keyIn" was declared but never referenced
                char keyIn;
Blinky.c: 9 warnings, 0 errors
linking...
Program Size: Code=9912 RO-data=384 RW-data=120 ZI-data=1744  
".\Objects\Lab2P1.axf" - 0 Error(s), 9 Warning(s).

<h2>Software Packages used:</h2>

Package Vendor: ARM
                http://www.keil.com/pack/ARM.CMSIS.4.2.0.pack
                ARM::CMSIS:CORE:3.40.0
                CMSIS (Cortex Microcontroller Software Interface Standard)
   * Component: CORE Version: 3.40.0

Package Vendor: Keil
                http://www.keil.com/pack/Keil.Kinetis_KLxx_DFP.1.4.0.pack
                Keil::Device:Startup:1.0.0
                Freescale Kinetis KLxx Series Device Support and Examples
   * Component: Startup Version: 1.0.0

<h2>Collection of Component include folders:</h2>
  D:\workspace\Natcar\RTE
  D:\Software\KEIL\ARM\PACK\ARM\CMSIS\4.2.0\CMSIS\Include
  D:\Software\KEIL\ARM\PACK\Keil\Kinetis_KLxx_DFP\1.4.0\Device\Include

<h2>Collection of Component Files used:</h2>

   * Component: ARM::CMSIS:CORE:3.40.0
      Source file:   CMSIS\UserCodeTemplates\ARM\ITM_Retarget.c

   * Component: Keil::Device:Startup:1.0.0
      Source file:   Device\Source\ARM\startup_MKL25Z4.s
      Source file:   Device\Source\system_MKL25Z4.c
Load "D:\\workspace\\Natcar\\Objects\\Lab2P1.axf" 
ce\Natcar\RTE
  D:\Software\KEIL\ARM\PACK\ARM\CMSIS\4.2.0\CMSIS\Include
  D:\Software\KEIL\ARM\PACK\Keil\Kinetis_KLxx_DFP\1.4.0\Device\Include

<h2>Collection of Component Files used:</h2>

   * Component: ARM::CMSIS:CORE:3.40.0
      Source file:   CMSIS\UserCodeTemplates\ARM\ITM_Retarget.c

   * Component: Keil::Device:Startup:1.0.0
      Source file:   Device\Source\ARM\startup_MKL25Z4.s
      Source file:   Device\Source\system_MKL25Z4.c
Load "D:\\workspace\\Natcar\\Objects\\Lab2P1.axf" 
