Component: ARM Compiler 5.05 (build 41) Tool: armlink [4d0eb9]

==============================================================================

Section Cross References

    adc0.o(.text) refers to adc16.o(.text) for ADC_Config_Alt
    blinky.o(.text) refers to uart.o(.text) for uart0_putchar
    blinky.o(.text) refers to kit_chain.o(.text) for DEBUG_print_camera
    blinky.o(.text) refers to timers.o(.text) for Init_PIT
    blinky.o(.text) refers to pwm_kit.o(.text) for Init_PWM_motor
    blinky.o(.text) refers to i2c.o(.text) for i2c_init
    blinky.o(.text) refers to mma8451.o(.text) for init_mma
    blinky.o(.text) refers to f2d.o(.text) for __aeabi_f2d
    blinky.o(.text) refers to cdrcmple.o(.text) for __aeabi_cdrcmple
    blinky.o(.text) refers to global_var.o(.data) for Camera_DONE
    blinky.o(.text) refers to global_var.o(.bss) for buffer
    blinky.o(.text) refers to mma8451.o(.data) for pitch
    timers.o(.text) refers to adc_kit.o(.text) for Init_ADC
    timers.o(.text) refers to global_var.o(.data) for ADC_FLG
    timers.o(.text) refers to global_var.o(.bss) for buffer
    uart.o(.text) refers to uidiv.o(.text) for __aeabi_uidivmod
    adc_kit.o(.text) refers to adc0.o(.text) for init_ADC0
    pwm_kit.o(.text) refers to global_var.o(.data) for servo_PW
    kit_chain.o(.text) refers to uart.o(.text) for uart0_putchar
    kit_chain.o(.text) refers to idiv.o(.text) for __aeabi_idivmod
    kit_chain.o(.text) refers to global_var.o(.data) for hex
    mma8451.o(.text) refers to i2c.o(.text) for i2c_read_byte
    mma8451.o(.text) refers to delay.o(.text) for Delay
    mma8451.o(.text) refers to dflti.o(.text) for __aeabi_i2d
    mma8451.o(.text) refers to ddiv.o(.text) for __aeabi_ddiv
    mma8451.o(.text) refers to d2f.o(.text) for __aeabi_d2f
    mma8451.o(.text) refers to f2d.o(.text) for __aeabi_f2d
    mma8451.o(.text) refers to atan2.o(i.atan2) for atan2
    mma8451.o(.text) refers to dmul.o(.text) for __aeabi_dmul
    mma8451.o(.text) refers to fmul.o(.text) for __aeabi_fmul
    mma8451.o(.text) refers to fadd.o(.text) for __aeabi_fadd
    mma8451.o(.text) refers to sqrt.o(i.sqrt) for sqrt
    mma8451.o(.text) refers to mma8451.o(.data) for acc_X
    startup_mkl25z4.o(RESET) refers to startup_mkl25z4.o(STACK) for __initial_sp
    startup_mkl25z4.o(RESET) refers to startup_mkl25z4.o(.text) for Reset_Handler
    startup_mkl25z4.o(RESET) refers to timers.o(.text) for ADC0_IRQHandler
    startup_mkl25z4.o(RESET) refers to pwm_kit.o(.text) for TPM0_IRQHandler
    startup_mkl25z4.o(.text) refers to system_mkl25z4.o(.text) for SystemInit
    startup_mkl25z4.o(.text) refers to entry.o(.ARM.Collect$$$$00000000) for __main
    system_mkl25z4.o(.text) refers to uidiv.o(.text) for __aeabi_uidivmod
    system_mkl25z4.o(.text) refers to system_mkl25z4.o(i.__ARM_common_switch8) for __ARM_common_switch8
    system_mkl25z4.o(.text) refers to system_mkl25z4.o(.data) for SystemCoreClock
    atan2.o(i.__softfp_atan2) refers (Special) to iusefp.o(.text) for __I$use$fp
    atan2.o(i.__softfp_atan2) refers to atan2.o(i.atan2) for atan2
    atan2.o(i.atan2) refers (Special) to iusefp.o(.text) for __I$use$fp
    atan2.o(i.atan2) refers to dunder.o(i.__mathlib_dbl_infnan2) for __mathlib_dbl_infnan2
    atan2.o(i.atan2) refers to atan.o(i.atan) for atan
    atan2.o(i.atan2) refers to ddiv.o(.text) for __aeabi_ddiv
    atan2.o(i.atan2) refers to dadd.o(.text) for __aeabi_dsub
    atan2.o(i.atan2) refers to qnan.o(.constdata) for __mathlib_zero
    atan2_x.o(i.____softfp_atan2$lsc) refers (Special) to iusefp.o(.text) for __I$use$fp
    atan2_x.o(i.____softfp_atan2$lsc) refers to atan2_x.o(i.__atan2$lsc) for __atan2$lsc
    atan2_x.o(i.__atan2$lsc) refers (Special) to iusefp.o(.text) for __I$use$fp
    atan2_x.o(i.__atan2$lsc) refers to dunder.o(i.__mathlib_dbl_infnan2) for __mathlib_dbl_infnan2
    atan2_x.o(i.__atan2$lsc) refers to atan.o(i.atan) for atan
    atan2_x.o(i.__atan2$lsc) refers to errno.o(i.__set_errno) for __set_errno
    atan2_x.o(i.__atan2$lsc) refers to ddiv.o(.text) for __aeabi_ddiv
    atan2_x.o(i.__atan2$lsc) refers to dadd.o(.text) for __aeabi_dsub
    atan2_x.o(i.__atan2$lsc) refers to qnan.o(.constdata) for __mathlib_zero
    sqrt.o(i.__softfp_sqrt) refers (Special) to iusefp.o(.text) for __I$use$fp
    sqrt.o(i.__softfp_sqrt) refers to dsqrt.o(.text) for _dsqrt
    sqrt.o(i.__softfp_sqrt) refers to errno.o(i.__set_errno) for __set_errno
    sqrt.o(i.sqrt) refers (Special) to iusefp.o(.text) for __I$use$fp
    sqrt.o(i.sqrt) refers to dsqrt.o(.text) for _dsqrt
    sqrt.o(i.sqrt) refers to errno.o(i.__set_errno) for __set_errno
    sqrt_x.o(i.____softfp_sqrt$lsc) refers (Special) to iusefp.o(.text) for __I$use$fp
    sqrt_x.o(i.____softfp_sqrt$lsc) refers to cdcmple.o(.text) for __aeabi_cdcmple
    sqrt_x.o(i.____softfp_sqrt$lsc) refers to errno.o(i.__set_errno) for __set_errno
    sqrt_x.o(i.____softfp_sqrt$lsc) refers to dsqrt.o(.text) for _dsqrt
    sqrt_x.o(i.__sqrt$lsc) refers (Special) to iusefp.o(.text) for __I$use$fp
    sqrt_x.o(i.__sqrt$lsc) refers to cdcmple.o(.text) for __aeabi_cdcmple
    sqrt_x.o(i.__sqrt$lsc) refers to errno.o(i.__set_errno) for __set_errno
    sqrt_x.o(i.__sqrt$lsc) refers to dsqrt.o(.text) for _dsqrt
    entry.o(.ARM.Collect$$$$00000000) refers (Special) to entry10a.o(.ARM.Collect$$$$0000000D) for __rt_final_cpp
    entry.o(.ARM.Collect$$$$00000000) refers (Special) to entry11a.o(.ARM.Collect$$$$0000000F) for __rt_final_exit
    entry.o(.ARM.Collect$$$$00000000) refers (Special) to entry7b.o(.ARM.Collect$$$$00000008) for _main_clock
    entry.o(.ARM.Collect$$$$00000000) refers (Special) to entry8b.o(.ARM.Collect$$$$0000000A) for _main_cpp_init
    entry.o(.ARM.Collect$$$$00000000) refers (Special) to entry9a.o(.ARM.Collect$$$$0000000B) for _main_init
    entry.o(.ARM.Collect$$$$00000000) refers (Special) to entry5.o(.ARM.Collect$$$$00000004) for _main_scatterload
    entry.o(.ARM.Collect$$$$00000000) refers (Special) to entry2.o(.ARM.Collect$$$$00000001) for _main_stk
    idiv.o(.text) refers to uidiv.o(.text) for __aeabi_uidivmod
    fadd.o(.text) refers (Special) to iusefp.o(.text) for __I$use$fp
    fadd.o(.text) refers to fepilogue.o(.text) for _float_epilogue
    fmul.o(.text) refers (Special) to iusefp.o(.text) for __I$use$fp
    dmul.o(.text) refers (Special) to iusefp.o(.text) for __I$use$fp
    dmul.o(.text) refers to depilogue.o(.text) for _double_epilogue
    ddiv.o(.text) refers (Special) to iusefp.o(.text) for __I$use$fp
    ddiv.o(.text) refers to depilogue.o(.text) for _double_round
    dflti.o(.text) refers (Special) to iusefp.o(.text) for __I$use$fp
    dflti.o(.text) refers to depilogue.o(.text) for _double_epilogue
    f2d.o(.text) refers (Special) to iusefp.o(.text) for __I$use$fp
    cdrcmple.o(.text) refers (Special) to iusefp.o(.text) for __I$use$fp
    d2f.o(.text) refers (Special) to iusefp.o(.text) for __I$use$fp
    d2f.o(.text) refers to fepilogue.o(.text) for _float_round
    atan.o(i.__softfp_atan) refers (Special) to iusefp.o(.text) for __I$use$fp
    atan.o(i.__softfp_atan) refers to atan.o(i.atan) for atan
    atan.o(i.atan) refers (Special) to iusefp.o(.text) for __I$use$fp
    atan.o(i.atan) refers to dunder.o(i.__mathlib_dbl_infnan) for __mathlib_dbl_infnan
    atan.o(i.atan) refers to fpclassify.o(i.__ARM_fpclassify) for __ARM_fpclassify
    atan.o(i.atan) refers to dunder.o(i.__mathlib_dbl_underflow) for __mathlib_dbl_underflow
    atan.o(i.atan) refers to dadd.o(.text) for __aeabi_dadd
    atan.o(i.atan) refers to dscalb.o(.text) for __ARM_scalbn
    atan.o(i.atan) refers to ddiv.o(.text) for __aeabi_ddiv
    atan.o(i.atan) refers to dmul.o(.text) for __aeabi_dmul
    atan.o(i.atan) refers to poly.o(i.__kernel_poly) for __kernel_poly
    atan.o(i.atan) refers to atan.o(.constdata) for .constdata
    atan.o(.constdata) refers (Special) to iusefp.o(.text) for __I$use$fp
    atan_x.o(i.____softfp_atan$lsc) refers (Special) to iusefp.o(.text) for __I$use$fp
    atan_x.o(i.____softfp_atan$lsc) refers to atan_x.o(i.__atan$lsc) for __atan$lsc
    atan_x.o(i.__atan$lsc) refers (Special) to iusefp.o(.text) for __I$use$fp
    atan_x.o(i.__atan$lsc) refers to dunder.o(i.__mathlib_dbl_infnan) for __mathlib_dbl_infnan
    atan_x.o(i.__atan$lsc) refers to dadd.o(.text) for __aeabi_dadd
    atan_x.o(i.__atan$lsc) refers to dscalb.o(.text) for __ARM_scalbn
    atan_x.o(i.__atan$lsc) refers to ddiv.o(.text) for __aeabi_ddiv
    atan_x.o(i.__atan$lsc) refers to dmul.o(.text) for __aeabi_dmul
    atan_x.o(i.__atan$lsc) refers to poly.o(i.__kernel_poly) for __kernel_poly
    atan_x.o(i.__atan$lsc) refers to atan_x.o(.constdata) for .constdata
    atan_x.o(.constdata) refers (Special) to iusefp.o(.text) for __I$use$fp
    dunder.o(i.__mathlib_dbl_divzero) refers to ddiv.o(.text) for __aeabi_ddiv
    dunder.o(i.__mathlib_dbl_infnan) refers to dscalb.o(.text) for __ARM_scalbn
    dunder.o(i.__mathlib_dbl_infnan2) refers to dadd.o(.text) for __aeabi_dadd
    dunder.o(i.__mathlib_dbl_invalid) refers to ddiv.o(.text) for __aeabi_ddiv
    dunder.o(i.__mathlib_dbl_overflow) refers to dscalb.o(.text) for __ARM_scalbn
    dunder.o(i.__mathlib_dbl_posinfnan) refers to dmul.o(.text) for __aeabi_dmul
    dunder.o(i.__mathlib_dbl_underflow) refers to dscalb.o(.text) for __ARM_scalbn
    qnan.o(.constdata) refers (Special) to iusefp.o(.text) for __I$use$fp
    entry2.o(.ARM.Collect$$$$00000001) refers to entry2.o(.ARM.Collect$$$$00002712) for __lit__00000000
    entry2.o(.ARM.Collect$$$$00002712) refers to startup_mkl25z4.o(STACK) for __initial_sp
    entry2.o(__vectab_stack_and_reset_area) refers to startup_mkl25z4.o(STACK) for __initial_sp
    entry2.o(__vectab_stack_and_reset_area) refers to entry.o(.ARM.Collect$$$$00000000) for __main
    entry5.o(.ARM.Collect$$$$00000004) refers to init.o(.text) for __scatterload
    entry9a.o(.ARM.Collect$$$$0000000B) refers to blinky.o(.text) for main
    entry9b.o(.ARM.Collect$$$$0000000C) refers to blinky.o(.text) for main
    errno.o(i.__aeabi_errno_addr) refers to errno.o(.data) for .data
    errno.o(i.__read_errno) refers to errno.o(.data) for .data
    errno.o(i.__set_errno) refers to errno.o(.data) for .data
    depilogue.o(.text) refers to depilogue.o(i.__ARM_clz) for __ARM_clz
    depilogue.o(.text) refers to llshl.o(.text) for __aeabi_llsl
    depilogue.o(.text) refers to llushr.o(.text) for __aeabi_llsr
    dadd.o(.text) refers to llshl.o(.text) for __aeabi_llsl
    dadd.o(.text) refers to llsshr.o(.text) for __aeabi_lasr
    dadd.o(.text) refers to depilogue.o(.text) for _double_epilogue
    dsqrt.o(.text) refers to llushr.o(.text) for __aeabi_llsr
    dsqrt.o(.text) refers to depilogue.o(.text) for _double_round
    fpclassify.o(i.__ARM_fpclassify) refers (Special) to iusefp.o(.text) for __I$use$fp
    poly.o(i.__kernel_poly) refers (Special) to iusefp.o(.text) for __I$use$fp
    poly.o(i.__kernel_poly) refers to dmul.o(.text) for __aeabi_dmul
    poly.o(i.__kernel_poly) refers to dadd.o(.text) for __aeabi_dadd
    init.o(.text) refers to entry5.o(.ARM.Collect$$$$00000004) for __main_after_scatterload


==============================================================================

Removing Unused input sections from the image.

    Removing adc0.o(.rev16_text), (4 bytes).
    Removing adc0.o(.revsh_text), (4 bytes).
    Removing adc16.o(.rev16_text), (4 bytes).
    Removing adc16.o(.revsh_text), (4 bytes).
    Removing blinky.o(.rev16_text), (4 bytes).
    Removing blinky.o(.revsh_text), (4 bytes).
    Removing blinky.o(.data), (8 bytes).
    Removing timers.o(.rev16_text), (4 bytes).
    Removing timers.o(.revsh_text), (4 bytes).
    Removing timers.o(.data), (4 bytes).
    Removing uart.o(.rev16_text), (4 bytes).
    Removing uart.o(.revsh_text), (4 bytes).
    Removing global_var.o(.rev16_text), (4 bytes).
    Removing global_var.o(.revsh_text), (4 bytes).
    Removing global_var.o(.constdata), (24 bytes).
    Removing adc_kit.o(.rev16_text), (4 bytes).
    Removing adc_kit.o(.revsh_text), (4 bytes).
    Removing pwm_kit.o(.rev16_text), (4 bytes).
    Removing pwm_kit.o(.revsh_text), (4 bytes).
    Removing kit_chain.o(.rev16_text), (4 bytes).
    Removing kit_chain.o(.revsh_text), (4 bytes).
    Removing core_algorithm.o(.rev16_text), (4 bytes).
    Removing core_algorithm.o(.revsh_text), (4 bytes).
    Removing core_algorithm.o(.text), (4 bytes).
    Removing delay.o(.rev16_text), (4 bytes).
    Removing delay.o(.revsh_text), (4 bytes).
    Removing i2c.o(.rev16_text), (4 bytes).
    Removing i2c.o(.revsh_text), (4 bytes).
    Removing leds.o(.rev16_text), (4 bytes).
    Removing leds.o(.revsh_text), (4 bytes).
    Removing leds.o(.text), (212 bytes).
    Removing mma8451.o(.rev16_text), (4 bytes).
    Removing mma8451.o(.revsh_text), (4 bytes).
    Removing startup_mkl25z4.o(HEAP), (0 bytes).
    Removing system_mkl25z4.o(.rev16_text), (4 bytes).
    Removing system_mkl25z4.o(.revsh_text), (4 bytes).
    Removing cdcmple.o(.text), (40 bytes).

37 unused section(s) (total 412 bytes) removed from the image.

==============================================================================

Image Symbol Table

    Local Symbols

    Symbol Name                              Value     Ov Type        Size  Object(Section)

    RESET                                    0x00000000   Section      192  startup_mkl25z4.o(RESET)
    ../clib/microlib/division.c              0x00000000   Number         0  idiv.o ABSOLUTE
    ../clib/microlib/division.c              0x00000000   Number         0  uidiv.o ABSOLUTE
    ../clib/microlib/errno.c                 0x00000000   Number         0  errno.o ABSOLUTE
    ../clib/microlib/init/entry.s            0x00000000   Number         0  entry11a.o ABSOLUTE
    ../clib/microlib/init/entry.s            0x00000000   Number         0  entry7a.o ABSOLUTE
    ../clib/microlib/init/entry.s            0x00000000   Number         0  entry5.o ABSOLUTE
    ../clib/microlib/init/entry.s            0x00000000   Number         0  entry8b.o ABSOLUTE
    ../clib/microlib/init/entry.s            0x00000000   Number         0  entry11b.o ABSOLUTE
    ../clib/microlib/init/entry.s            0x00000000   Number         0  entry2.o ABSOLUTE
    ../clib/microlib/init/entry.s            0x00000000   Number         0  entry10b.o ABSOLUTE
    ../clib/microlib/init/entry.s            0x00000000   Number         0  entry10a.o ABSOLUTE
    ../clib/microlib/init/entry.s            0x00000000   Number         0  entry9b.o ABSOLUTE
    ../clib/microlib/init/entry.s            0x00000000   Number         0  entry9a.o ABSOLUTE
    ../clib/microlib/init/entry.s            0x00000000   Number         0  entry8a.o ABSOLUTE
    ../clib/microlib/init/entry.s            0x00000000   Number         0  entry.o ABSOLUTE
    ../clib/microlib/init/entry.s            0x00000000   Number         0  entry7b.o ABSOLUTE
    ../clib/microlib/longlong.c              0x00000000   Number         0  llsshr.o ABSOLUTE
    ../clib/microlib/longlong.c              0x00000000   Number         0  llushr.o ABSOLUTE
    ../clib/microlib/longlong.c              0x00000000   Number         0  llshl.o ABSOLUTE
    ../clib/microlib/stubs.s                 0x00000000   Number         0  iusefp.o ABSOLUTE
    ../fplib/microlib/d2f.c                  0x00000000   Number         0  d2f.o ABSOLUTE
    ../fplib/microlib/f2d.c                  0x00000000   Number         0  f2d.o ABSOLUTE
    ../fplib/microlib/fpadd.c                0x00000000   Number         0  fadd.o ABSOLUTE
    ../fplib/microlib/fpadd.c                0x00000000   Number         0  dadd.o ABSOLUTE
    ../fplib/microlib/fpdiv.c                0x00000000   Number         0  ddiv.o ABSOLUTE
    ../fplib/microlib/fpepilogue.c           0x00000000   Number         0  depilogue.o ABSOLUTE
    ../fplib/microlib/fpepilogue.c           0x00000000   Number         0  fepilogue.o ABSOLUTE
    ../fplib/microlib/fpflt.c                0x00000000   Number         0  dflti.o ABSOLUTE
    ../fplib/microlib/fpmul.c                0x00000000   Number         0  dmul.o ABSOLUTE
    ../fplib/microlib/fpmul.c                0x00000000   Number         0  fmul.o ABSOLUTE
    ../fplib/microlib/fpscalb.c              0x00000000   Number         0  dscalb.o ABSOLUTE
    ../fplib/microlib/fpsqrt.c               0x00000000   Number         0  dsqrt.o ABSOLUTE
    ../mathlib/atan.c                        0x00000000   Number         0  atan_x.o ABSOLUTE
    ../mathlib/atan.c                        0x00000000   Number         0  atan.o ABSOLUTE
    ../mathlib/atan2.c                       0x00000000   Number         0  atan2.o ABSOLUTE
    ../mathlib/atan2.c                       0x00000000   Number         0  atan2_x.o ABSOLUTE
    ../mathlib/dunder.c                      0x00000000   Number         0  dunder.o ABSOLUTE
    ../mathlib/fpclassify.c                  0x00000000   Number         0  fpclassify.o ABSOLUTE
    ../mathlib/poly.c                        0x00000000   Number         0  poly.o ABSOLUTE
    ../mathlib/qnan.c                        0x00000000   Number         0  qnan.o ABSOLUTE
    ../mathlib/sqrt.c                        0x00000000   Number         0  sqrt_x.o ABSOLUTE
    ../mathlib/sqrt.c                        0x00000000   Number         0  sqrt.o ABSOLUTE
    ADC_Kit.c                                0x00000000   Number         0  adc_kit.o ABSOLUTE
    ADC_Kit.c                                0x00000000   Number         0  adc_kit.o ABSOLUTE
    Blinky.c                                 0x00000000   Number         0  blinky.o ABSOLUTE
    Blinky.c                                 0x00000000   Number         0  blinky.o ABSOLUTE
    Kit_chain.c                              0x00000000   Number         0  kit_chain.o ABSOLUTE
    Kit_chain.c                              0x00000000   Number         0  kit_chain.o ABSOLUTE
    PWM_Kit.c                                0x00000000   Number         0  pwm_kit.o ABSOLUTE
    PWM_Kit.c                                0x00000000   Number         0  pwm_kit.o ABSOLUTE
    RTE\Device\MKL25Z128xxx4\startup_MKL25Z4.s 0x00000000   Number         0  startup_mkl25z4.o ABSOLUTE
    RTE\Device\MKL25Z128xxx4\system_MKL25Z4.c 0x00000000   Number         0  system_mkl25z4.o ABSOLUTE
    RTE\\Device\\MKL25Z128xxx4\\system_MKL25Z4.c 0x00000000   Number         0  system_mkl25z4.o ABSOLUTE
    accel\LEDs.c                             0x00000000   Number         0  leds.o ABSOLUTE
    accel\\LEDs.c                            0x00000000   Number         0  leds.o ABSOLUTE
    accel\\delay.c                           0x00000000   Number         0  delay.o ABSOLUTE
    accel\\i2c.c                             0x00000000   Number         0  i2c.o ABSOLUTE
    accel\\mma8451.c                         0x00000000   Number         0  mma8451.o ABSOLUTE
    accel\delay.c                            0x00000000   Number         0  delay.o ABSOLUTE
    accel\i2c.c                              0x00000000   Number         0  i2c.o ABSOLUTE
    accel\mma8451.c                          0x00000000   Number         0  mma8451.o ABSOLUTE
    adc0.c                                   0x00000000   Number         0  adc0.o ABSOLUTE
    adc0.c                                   0x00000000   Number         0  adc0.o ABSOLUTE
    adc16.c                                  0x00000000   Number         0  adc16.o ABSOLUTE
    adc16.c                                  0x00000000   Number         0  adc16.o ABSOLUTE
    cdcmple.s                                0x00000000   Number         0  cdcmple.o ABSOLUTE
    cdrcmple.s                               0x00000000   Number         0  cdrcmple.o ABSOLUTE
    core_algorithm.c                         0x00000000   Number         0  core_algorithm.o ABSOLUTE
    core_algorithm.c                         0x00000000   Number         0  core_algorithm.o ABSOLUTE
    dc.s                                     0x00000000   Number         0  dc.o ABSOLUTE
    global_var.c                             0x00000000   Number         0  global_var.o ABSOLUTE
    global_var.c                             0x00000000   Number         0  global_var.o ABSOLUTE
    handlers.s                               0x00000000   Number         0  handlers.o ABSOLUTE
    init.s                                   0x00000000   Number         0  init.o ABSOLUTE
    timers.c                                 0x00000000   Number         0  timers.o ABSOLUTE
    timers.c                                 0x00000000   Number         0  timers.o ABSOLUTE
    uart.c                                   0x00000000   Number         0  uart.o ABSOLUTE
    uart.c                                   0x00000000   Number         0  uart.o ABSOLUTE
    .ARM.Collect$$$$00000000                 0x000000c0   Section        0  entry.o(.ARM.Collect$$$$00000000)
    .ARM.Collect$$$$00000001                 0x000000c0   Section        4  entry2.o(.ARM.Collect$$$$00000001)
    .ARM.Collect$$$$00000004                 0x000000c4   Section        4  entry5.o(.ARM.Collect$$$$00000004)
    .ARM.Collect$$$$00000008                 0x000000c8   Section        0  entry7b.o(.ARM.Collect$$$$00000008)
    .ARM.Collect$$$$0000000A                 0x000000c8   Section        0  entry8b.o(.ARM.Collect$$$$0000000A)
    .ARM.Collect$$$$0000000B                 0x000000c8   Section        8  entry9a.o(.ARM.Collect$$$$0000000B)
    .ARM.Collect$$$$0000000D                 0x000000d0   Section        0  entry10a.o(.ARM.Collect$$$$0000000D)
    .ARM.Collect$$$$0000000F                 0x000000d0   Section        0  entry11a.o(.ARM.Collect$$$$0000000F)
    .ARM.Collect$$$$00002712                 0x000000d0   Section        4  entry2.o(.ARM.Collect$$$$00002712)
    __lit__00000000                          0x000000d0   Data           4  entry2.o(.ARM.Collect$$$$00002712)
    .text                                    0x000000d4   Section        0  adc0.o(.text)
    .text                                    0x00000128   Section        0  adc16.o(.text)
    .text                                    0x000002c4   Section        0  adc_kit.o(.text)
    NVIC_SetPriority                         0x00000327   Thumb Code   110  adc_kit.o(.text)
    .text                                    0x000003a4   Section        0  delay.o(.text)
    .text                                    0x000003c0   Section       28  startup_mkl25z4.o(.text)
    .text                                    0x000003dc   Section        0  iusefp.o(.text)
    .text                                    0x000003dc   Section       36  init.o(.text)
    .ARM.__at_0x400                          0x00000400   Section       16  startup_mkl25z4.o(.ARM.__at_0x400)
    .text                                    0x00000410   Section        0  blinky.o(.text)
    .text                                    0x00000854   Section        0  timers.o(.text)
    NVIC_ClearPendingIRQ                     0x00000a6f   Thumb Code    14  timers.o(.text)
    NVIC_SetPriority                         0x00000a7d   Thumb Code   110  timers.o(.text)
    .text                                    0x00000b34   Section        0  uart.o(.text)
    .text                                    0x00000cec   Section        0  pwm_kit.o(.text)
    NVIC_SetPriority                         0x00000ced   Thumb Code   110  pwm_kit.o(.text)
    NVIC_EnableIRQ                           0x00000e89   Thumb Code    14  pwm_kit.o(.text)
    NVIC_ClearPendingIRQ                     0x00000e97   Thumb Code    14  pwm_kit.o(.text)
    .text                                    0x00000ed8   Section        0  kit_chain.o(.text)
    .text                                    0x00001150   Section        0  i2c.o(.text)
    .text                                    0x000013c4   Section        0  mma8451.o(.text)
    .text                                    0x000015d4   Section        0  system_mkl25z4.o(.text)
    .text                                    0x000017f0   Section        0  uidiv.o(.text)
    .text                                    0x0000181c   Section        0  idiv.o(.text)
    .text                                    0x00001844   Section        0  fadd.o(.text)
    .text                                    0x000018f6   Section        0  fmul.o(.text)
    .text                                    0x00001970   Section        0  dmul.o(.text)
    .text                                    0x00001a40   Section        0  ddiv.o(.text)
    .text                                    0x00001b30   Section        0  dflti.o(.text)
    .text                                    0x00001b58   Section        0  f2d.o(.text)
    .text                                    0x00001b80   Section       40  cdrcmple.o(.text)
    .text                                    0x00001ba8   Section        0  d2f.o(.text)
    .text                                    0x00001be0   Section        0  fepilogue.o(.text)
    .text                                    0x00001c62   Section        0  depilogue.o(.text)
    .text                                    0x00001d20   Section        0  dadd.o(.text)
    .text                                    0x00001e84   Section        0  dsqrt.o(.text)
    .text                                    0x00001f26   Section        0  llshl.o(.text)
    .text                                    0x00001f46   Section        0  llushr.o(.text)
    .text                                    0x00001f68   Section        0  llsshr.o(.text)
    .text                                    0x00001f8e   Section        0  dscalb.o(.text)
    i.__ARM_clz                              0x00001fba   Section        0  depilogue.o(i.__ARM_clz)
    i.__ARM_common_switch8                   0x00001fe8   Section        0  system_mkl25z4.o(i.__ARM_common_switch8)
    i.__ARM_fpclassify                       0x00002004   Section        0  fpclassify.o(i.__ARM_fpclassify)
    i.__kernel_poly                          0x00002030   Section        0  poly.o(i.__kernel_poly)
    i.__mathlib_dbl_infnan                   0x000020dc   Section        0  dunder.o(i.__mathlib_dbl_infnan)
    i.__mathlib_dbl_infnan2                  0x000020e6   Section        0  dunder.o(i.__mathlib_dbl_infnan2)
    i.__mathlib_dbl_underflow                0x000020f0   Section        0  dunder.o(i.__mathlib_dbl_underflow)
    i.__scatterload_copy                     0x00002104   Section       14  handlers.o(i.__scatterload_copy)
    i.__scatterload_null                     0x00002112   Section        2  handlers.o(i.__scatterload_null)
    i.__scatterload_zeroinit                 0x00002114   Section       14  handlers.o(i.__scatterload_zeroinit)
    i.__set_errno                            0x00002124   Section        0  errno.o(i.__set_errno)
    i.atan                                   0x00002130   Section        0  atan.o(i.atan)
    i.atan2                                  0x0000234c   Section        0  atan2.o(i.atan2)
    i.sqrt                                   0x000024c4   Section        0  sqrt.o(i.sqrt)
    .constdata                               0x00002510   Section      152  atan.o(.constdata)
    atanhi                                   0x00002510   Data          32  atan.o(.constdata)
    atanlo                                   0x00002530   Data          32  atan.o(.constdata)
    aTodd                                    0x00002550   Data          40  atan.o(.constdata)
    aTeven                                   0x00002578   Data          48  atan.o(.constdata)
    .constdata                               0x000025a8   Section        8  qnan.o(.constdata)
    .data                                    0x1ffff000   Section       84  global_var.o(.data)
    .data                                    0x1ffff054   Section       16  mma8451.o(.data)
    .data                                    0x1ffff064   Section        4  system_mkl25z4.o(.data)
    .data                                    0x1ffff068   Section        4  errno.o(.data)
    _errno                                   0x1ffff068   Data           4  errno.o(.data)
    .bss                                     0x1ffff06c   Section      512  global_var.o(.bss)
    STACK                                    0x1ffff270   Section     1024  startup_mkl25z4.o(STACK)

    Global Symbols

    Symbol Name                              Value     Ov Type        Size  Object(Section)

    BuildAttributes$$THM_ISAv3M$S$PE$A:L22$X:L11$S22$IEEE1$IW$USESV6$~STKCKD$USESV7$~SHL$OTIME$ROPI$IEEEX$EBA8$MICROLIB$REQ8$PRES8$EABIv2 0x00000000   Number         0  anon$$obj.o ABSOLUTE
    __ARM_use_no_argv                        0x00000000   Number         0  blinky.o ABSOLUTE
    __Vectors                                0x00000000   Data           4  startup_mkl25z4.o(RESET)
    __cpp_initialize__aeabi_                  - Undefined Weak Reference
    __cxa_finalize                            - Undefined Weak Reference
    __decompress                              - Undefined Weak Reference
    _clock_init                               - Undefined Weak Reference
    _microlib_exit                            - Undefined Weak Reference
    __Vectors_End                            0x000000c0   Data           0  startup_mkl25z4.o(RESET)
    __Vectors_Size                           0x000000c0   Number         0  startup_mkl25z4.o ABSOLUTE
    __main                                   0x000000c1   Thumb Code     0  entry.o(.ARM.Collect$$$$00000000)
    _main_stk                                0x000000c1   Thumb Code     0  entry2.o(.ARM.Collect$$$$00000001)
    _main_scatterload                        0x000000c5   Thumb Code     0  entry5.o(.ARM.Collect$$$$00000004)
    __main_after_scatterload                 0x000000c9   Thumb Code     0  entry5.o(.ARM.Collect$$$$00000004)
    _main_clock                              0x000000c9   Thumb Code     0  entry7b.o(.ARM.Collect$$$$00000008)
    _main_cpp_init                           0x000000c9   Thumb Code     0  entry8b.o(.ARM.Collect$$$$0000000A)
    _main_init                               0x000000c9   Thumb Code     0  entry9a.o(.ARM.Collect$$$$0000000B)
    __rt_final_cpp                           0x000000d1   Thumb Code     0  entry10a.o(.ARM.Collect$$$$0000000D)
    __rt_final_exit                          0x000000d1   Thumb Code     0  entry11a.o(.ARM.Collect$$$$0000000F)
    init_ADC0                                0x000000d5   Thumb Code    70  adc0.o(.text)
    ADC_Cal                                  0x00000129   Thumb Code   244  adc16.o(.text)
    ADC_Config_Alt                           0x0000021d   Thumb Code    36  adc16.o(.text)
    ADC_Read_Cal                             0x00000241   Thumb Code   126  adc16.o(.text)
    Read_ADC                                 0x000002c5   Thumb Code    36  adc_kit.o(.text)
    Init_ADC                                 0x000002e9   Thumb Code    62  adc_kit.o(.text)
    Delay                                    0x000003a5   Thumb Code    24  delay.o(.text)
    Reset_Handler                            0x000003c1   Thumb Code     8  startup_mkl25z4.o(.text)
    NMI_Handler                              0x000003c9   Thumb Code     2  startup_mkl25z4.o(.text)
    HardFault_Handler                        0x000003cb   Thumb Code     2  startup_mkl25z4.o(.text)
    SVC_Handler                              0x000003cd   Thumb Code     2  startup_mkl25z4.o(.text)
    PendSV_Handler                           0x000003cf   Thumb Code     2  startup_mkl25z4.o(.text)
    SysTick_Handler                          0x000003d1   Thumb Code     2  startup_mkl25z4.o(.text)
    CMP0_IRQHandler                          0x000003d3   Thumb Code     0  startup_mkl25z4.o(.text)
    DAC0_IRQHandler                          0x000003d3   Thumb Code     0  startup_mkl25z4.o(.text)
    DMA0_IRQHandler                          0x000003d3   Thumb Code     0  startup_mkl25z4.o(.text)
    DMA1_IRQHandler                          0x000003d3   Thumb Code     0  startup_mkl25z4.o(.text)
    DMA2_IRQHandler                          0x000003d3   Thumb Code     0  startup_mkl25z4.o(.text)
    DMA3_IRQHandler                          0x000003d3   Thumb Code     0  startup_mkl25z4.o(.text)
    DefaultISR                               0x000003d3   Thumb Code     0  startup_mkl25z4.o(.text)
    FTFA_IRQHandler                          0x000003d3   Thumb Code     0  startup_mkl25z4.o(.text)
    I2C0_IRQHandler                          0x000003d3   Thumb Code     0  startup_mkl25z4.o(.text)
    I2C1_IRQHandler                          0x000003d3   Thumb Code     0  startup_mkl25z4.o(.text)
    LLW_IRQHandler                           0x000003d3   Thumb Code     0  startup_mkl25z4.o(.text)
    LPTimer_IRQHandler                       0x000003d3   Thumb Code     0  startup_mkl25z4.o(.text)
    LVD_LVW_IRQHandler                       0x000003d3   Thumb Code     0  startup_mkl25z4.o(.text)
    MCG_IRQHandler                           0x000003d3   Thumb Code     0  startup_mkl25z4.o(.text)
    PORTA_IRQHandler                         0x000003d3   Thumb Code     0  startup_mkl25z4.o(.text)
    PORTD_IRQHandler                         0x000003d3   Thumb Code     0  startup_mkl25z4.o(.text)
    RTC_IRQHandler                           0x000003d3   Thumb Code     0  startup_mkl25z4.o(.text)
    RTC_Seconds_IRQHandler                   0x000003d3   Thumb Code     0  startup_mkl25z4.o(.text)
    Reserved20_IRQHandler                    0x000003d3   Thumb Code     0  startup_mkl25z4.o(.text)
    Reserved39_IRQHandler                    0x000003d3   Thumb Code     0  startup_mkl25z4.o(.text)
    Reserved45_IRQHandler                    0x000003d3   Thumb Code     0  startup_mkl25z4.o(.text)
    SPI0_IRQHandler                          0x000003d3   Thumb Code     0  startup_mkl25z4.o(.text)
    SPI1_IRQHandler                          0x000003d3   Thumb Code     0  startup_mkl25z4.o(.text)
    TPM2_IRQHandler                          0x000003d3   Thumb Code     0  startup_mkl25z4.o(.text)
    TSI0_IRQHandler                          0x000003d3   Thumb Code     0  startup_mkl25z4.o(.text)
    UART0_IRQHandler                         0x000003d3   Thumb Code     0  startup_mkl25z4.o(.text)
    UART1_IRQHandler                         0x000003d3   Thumb Code     0  startup_mkl25z4.o(.text)
    UART2_IRQHandler                         0x000003d3   Thumb Code     0  startup_mkl25z4.o(.text)
    USB0_IRQHandler                          0x000003d3   Thumb Code     0  startup_mkl25z4.o(.text)
    __I$use$fp                               0x000003dd   Thumb Code     0  iusefp.o(.text)
    __scatterload                            0x000003dd   Thumb Code    28  init.o(.text)
    __scatterload_rt2                        0x000003dd   Thumb Code     0  init.o(.text)
    put                                      0x00000411   Thumb Code    22  blinky.o(.text)
    _DEBUG_running                           0x00000427   Thumb Code    36  blinky.o(.text)
    main                                     0x0000044b   Thumb Code   908  blinky.o(.text)
    Init_PIT                                 0x00000855   Thumb Code   108  timers.o(.text)
    Start_PIT                                0x000008c1   Thumb Code    14  timers.o(.text)
    Stop_PIT                                 0x000008cf   Thumb Code    14  timers.o(.text)
    _update_camera                           0x000008dd   Thumb Code    68  timers.o(.text)
    PIT_IRQHandler                           0x00000921   Thumb Code    64  timers.o(.text)
    _update_wheel                            0x00000961   Thumb Code    52  timers.o(.text)
    ADC0_IRQHandler                          0x00000995   Thumb Code   218  timers.o(.text)
    uart0_init                               0x00000b35   Thumb Code   342  uart.o(.text)
    uart0_getchar                            0x00000c8b   Thumb Code    20  uart.o(.text)
    uart0_putchar                            0x00000c9f   Thumb Code    20  uart.o(.text)
    uart0_putchars                           0x00000cb3   Thumb Code    34  uart.o(.text)
    uart0_getchar_present                    0x00000cd5   Thumb Code    10  uart.o(.text)
    TPM1_IRQHandler                          0x00000d5b   Thumb Code    30  pwm_kit.o(.text)
    TPM0_IRQHandler                          0x00000d79   Thumb Code    48  pwm_kit.o(.text)
    Init_PWM_motor                           0x00000da9   Thumb Code   120  pwm_kit.o(.text)
    Init_PWM_servo                           0x00000e21   Thumb Code   104  pwm_kit.o(.text)
    translator                               0x00000ed9   Thumb Code    34  kit_chain.o(.text)
    dutyCycle                                0x00000efb   Thumb Code    30  kit_chain.o(.text)
    DEBUG_print_track                        0x00000f19   Thumb Code    86  kit_chain.o(.text)
    DEBUG_print_double_camera                0x00000f6f   Thumb Code    62  kit_chain.o(.text)
    DEBUG_print_camera                       0x00000fad   Thumb Code    38  kit_chain.o(.text)
    SINGLE_TRACK_ANY                         0x00000fd3   Thumb Code    88  kit_chain.o(.text)
    DEBUG_print_midpoint                     0x0000102b   Thumb Code    64  kit_chain.o(.text)
    translator_4                             0x0000106b   Thumb Code    74  kit_chain.o(.text)
    SINGLE_TRACK_SIDE                        0x000010b5   Thumb Code    34  kit_chain.o(.text)
    _motor_limit                             0x000010d7   Thumb Code    62  kit_chain.o(.text)
    _servo_limit                             0x00001115   Thumb Code    30  kit_chain.o(.text)
    i2c_init                                 0x00001151   Thumb Code    74  i2c.o(.text)
    i2c_start                                0x0000119b   Thumb Code    26  i2c.o(.text)
    i2c_read_setup                           0x000011b5   Thumb Code   112  i2c.o(.text)
    i2c_repeated_read                        0x00001225   Thumb Code    82  i2c.o(.text)
    i2c_read_byte                            0x00001277   Thumb Code   196  i2c.o(.text)
    i2c_write_byte                           0x0000133b   Thumb Code   124  i2c.o(.text)
    init_mma                                 0x000013c5   Thumb Code    38  mma8451.o(.text)
    read_full_xyz                            0x000013eb   Thumb Code   136  mma8451.o(.text)
    read_xyz                                 0x00001473   Thumb Code    58  mma8451.o(.text)
    convert_xyz_to_roll_pitch                0x000014ad   Thumb Code   260  mma8451.o(.text)
    SystemInit                               0x000015d5   Thumb Code   168  system_mkl25z4.o(.text)
    SystemCoreClockUpdate                    0x0000167d   Thumb Code   322  system_mkl25z4.o(.text)
    __aeabi_uidiv                            0x000017f1   Thumb Code     0  uidiv.o(.text)
    __aeabi_uidivmod                         0x000017f1   Thumb Code    44  uidiv.o(.text)
    __aeabi_idiv                             0x0000181d   Thumb Code     0  idiv.o(.text)
    __aeabi_idivmod                          0x0000181d   Thumb Code    40  idiv.o(.text)
    __aeabi_fadd                             0x00001845   Thumb Code   162  fadd.o(.text)
    __aeabi_fsub                             0x000018e7   Thumb Code     8  fadd.o(.text)
    __aeabi_frsub                            0x000018ef   Thumb Code     8  fadd.o(.text)
    __aeabi_fmul                             0x000018f7   Thumb Code   122  fmul.o(.text)
    __aeabi_dmul                             0x00001971   Thumb Code   202  dmul.o(.text)
    __aeabi_ddiv                             0x00001a41   Thumb Code   234  ddiv.o(.text)
    __aeabi_i2d                              0x00001b31   Thumb Code    34  dflti.o(.text)
    __aeabi_f2d                              0x00001b59   Thumb Code    40  f2d.o(.text)
    __aeabi_cdrcmple                         0x00001b81   Thumb Code    38  cdrcmple.o(.text)
    __aeabi_d2f                              0x00001ba9   Thumb Code    56  d2f.o(.text)
    _float_round                             0x00001be1   Thumb Code    16  fepilogue.o(.text)
    _float_epilogue                          0x00001bf1   Thumb Code   114  fepilogue.o(.text)
    _double_round                            0x00001c63   Thumb Code    26  depilogue.o(.text)
    _double_epilogue                         0x00001c7d   Thumb Code   164  depilogue.o(.text)
    __aeabi_dadd                             0x00001d21   Thumb Code   328  dadd.o(.text)
    __aeabi_dsub                             0x00001e69   Thumb Code    12  dadd.o(.text)
    __aeabi_drsub                            0x00001e75   Thumb Code    12  dadd.o(.text)
    _dsqrt                                   0x00001e85   Thumb Code   162  dsqrt.o(.text)
    __aeabi_llsl                             0x00001f27   Thumb Code    32  llshl.o(.text)
    _ll_shift_l                              0x00001f27   Thumb Code     0  llshl.o(.text)
    __aeabi_llsr                             0x00001f47   Thumb Code    34  llushr.o(.text)
    _ll_ushift_r                             0x00001f47   Thumb Code     0  llushr.o(.text)
    __aeabi_lasr                             0x00001f69   Thumb Code    38  llsshr.o(.text)
    _ll_sshift_r                             0x00001f69   Thumb Code     0  llsshr.o(.text)
    __ARM_scalbn                             0x00001f8f   Thumb Code    44  dscalb.o(.text)
    scalbn                                   0x00001f8f   Thumb Code     0  dscalb.o(.text)
    __ARM_clz                                0x00001fbb   Thumb Code    46  depilogue.o(i.__ARM_clz)
    __ARM_common_switch8                     0x00001fe9   Thumb Code    28  system_mkl25z4.o(i.__ARM_common_switch8)
    __ARM_fpclassify                         0x00002005   Thumb Code    40  fpclassify.o(i.__ARM_fpclassify)
    __kernel_poly                            0x00002031   Thumb Code   172  poly.o(i.__kernel_poly)
    __mathlib_dbl_infnan                     0x000020dd   Thumb Code    10  dunder.o(i.__mathlib_dbl_infnan)
    __mathlib_dbl_infnan2                    0x000020e7   Thumb Code     8  dunder.o(i.__mathlib_dbl_infnan2)
    __mathlib_dbl_underflow                  0x000020f1   Thumb Code    14  dunder.o(i.__mathlib_dbl_underflow)
    __scatterload_copy                       0x00002105   Thumb Code    14  handlers.o(i.__scatterload_copy)
    __scatterload_null                       0x00002113   Thumb Code     2  handlers.o(i.__scatterload_null)
    __scatterload_zeroinit                   0x00002115   Thumb Code    14  handlers.o(i.__scatterload_zeroinit)
    __set_errno                              0x00002125   Thumb Code     6  errno.o(i.__set_errno)
    atan                                     0x00002131   Thumb Code   472  atan.o(i.atan)
    atan2                                    0x0000234d   Thumb Code   334  atan2.o(i.atan2)
    sqrt                                     0x000024c5   Thumb Code    66  sqrt.o(i.sqrt)
    __mathlib_zero                           0x000025a8   Data           8  qnan.o(.constdata)
    Region$$Table$$Base                      0x000025b0   Number         0  anon$$obj.o(Region$$Table)
    Region$$Table$$Limit                     0x000025d0   Number         0  anon$$obj.o(Region$$Table)
    buffer_index                             0x1ffff000   Data           4  global_var.o(.data)
    buffer_sel                               0x1ffff004   Data           4  global_var.o(.data)
    buffer_cam                               0x1ffff008   Data           4  global_var.o(.data)
    CLK                                      0x1ffff00c   Data           4  global_var.o(.data)
    Camera_DONE                              0x1ffff010   Data           4  global_var.o(.data)
    ADC_sel                                  0x1ffff014   Data           4  global_var.o(.data)
    left_fb                                  0x1ffff018   Data           4  global_var.o(.data)
    right_fb                                 0x1ffff01c   Data           4  global_var.o(.data)
    ADC_FLG                                  0x1ffff020   Data           2  global_var.o(.data)
    hex                                      0x1ffff022   Data          16  global_var.o(.data)
    left_PW                                  0x1ffff034   Data           4  global_var.o(.data)
    right_PW                                 0x1ffff038   Data           4  global_var.o(.data)
    servo_PW                                 0x1ffff03c   Data           4  global_var.o(.data)
    FB1_sum                                  0x1ffff040   Data           4  global_var.o(.data)
    FB2_sum                                  0x1ffff044   Data           4  global_var.o(.data)
    PW_chars                                 0x1ffff048   Data           4  global_var.o(.data)
    POT_COUNT_DOWN                           0x1ffff04c   Data           4  global_var.o(.data)
    dummy_time                               0x1ffff050   Data           4  global_var.o(.data)
    acc_X                                    0x1ffff054   Data           2  mma8451.o(.data)
    acc_Y                                    0x1ffff056   Data           2  mma8451.o(.data)
    acc_Z                                    0x1ffff058   Data           2  mma8451.o(.data)
    roll                                     0x1ffff05c   Data           4  mma8451.o(.data)
    pitch                                    0x1ffff060   Data           4  mma8451.o(.data)
    SystemCoreClock                          0x1ffff064   Data           4  system_mkl25z4.o(.data)
    buffer                                   0x1ffff06c   Data         512  global_var.o(.bss)
    __initial_sp                             0x1ffff670   Data           0  startup_mkl25z4.o(STACK)



==============================================================================

Memory Map of the image

  Image Entry point : 0x000003c1

  Load Region LR_1 (Base: 0x00000000, Size: 0x0000263c, Max: 0xffffffff, ABSOLUTE)

    Execution Region ER_RO (Base: 0x00000000, Size: 0x000025d0, Max: 0xffffffff, ABSOLUTE)

    Base Addr    Size         Type   Attr      Idx    E Section Name        Object

    0x00000000   0x000000c0   Data   RO          413    RESET               startup_mkl25z4.o
    0x000000c0   0x00000000   Code   RO          465  * .ARM.Collect$$$$00000000  mc_p.l(entry.o)
    0x000000c0   0x00000004   Code   RO          513    .ARM.Collect$$$$00000001  mc_p.l(entry2.o)
    0x000000c4   0x00000004   Code   RO          516    .ARM.Collect$$$$00000004  mc_p.l(entry5.o)
    0x000000c8   0x00000000   Code   RO          518    .ARM.Collect$$$$00000008  mc_p.l(entry7b.o)
    0x000000c8   0x00000000   Code   RO          520    .ARM.Collect$$$$0000000A  mc_p.l(entry8b.o)
    0x000000c8   0x00000008   Code   RO          521    .ARM.Collect$$$$0000000B  mc_p.l(entry9a.o)
    0x000000d0   0x00000000   Code   RO          523    .ARM.Collect$$$$0000000D  mc_p.l(entry10a.o)
    0x000000d0   0x00000000   Code   RO          525    .ARM.Collect$$$$0000000F  mc_p.l(entry11a.o)
    0x000000d0   0x00000004   Code   RO          514    .ARM.Collect$$$$00002712  mc_p.l(entry2.o)
    0x000000d4   0x00000054   Code   RO            3    .text               adc0.o
    0x00000128   0x0000019c   Code   RO           51    .text               adc16.o
    0x000002c4   0x000000e0   Code   RO          228    .text               adc_kit.o
    0x000003a4   0x0000001c   Code   RO          314    .text               delay.o
    0x000003c0   0x0000001c   Code   RO          415  * .text               startup_mkl25z4.o
    0x000003dc   0x00000000   Code   RO          534    .text               mc_p.l(iusefp.o)
    0x000003dc   0x00000024   Code   RO          551    .text               mc_p.l(init.o)
    0x00000400   0x00000010   Code   RO          414    .ARM.__at_0x400     startup_mkl25z4.o
    0x00000410   0x00000444   Code   RO           71    .text               blinky.o
    0x00000854   0x000002e0   Code   RO          149    .text               timers.o
    0x00000b34   0x000001b8   Code   RO          182    .text               uart.o
    0x00000cec   0x000001ec   Code   RO          251    .text               pwm_kit.o
    0x00000ed8   0x00000278   Code   RO          274    .text               kit_chain.o
    0x00001150   0x00000274   Code   RO          334    .text               i2c.o
    0x000013c4   0x00000210   Code   RO          383    .text               mma8451.o
    0x000015d4   0x0000021c   Code   RO          423    .text               system_mkl25z4.o
    0x000017f0   0x0000002c   Code   RO          468    .text               mc_p.l(uidiv.o)
    0x0000181c   0x00000028   Code   RO          470    .text               mc_p.l(idiv.o)
    0x00001844   0x000000b2   Code   RO          472    .text               mf_p.l(fadd.o)
    0x000018f6   0x0000007a   Code   RO          474    .text               mf_p.l(fmul.o)
    0x00001970   0x000000d0   Code   RO          476    .text               mf_p.l(dmul.o)
    0x00001a40   0x000000f0   Code   RO          478    .text               mf_p.l(ddiv.o)
    0x00001b30   0x00000028   Code   RO          480    .text               mf_p.l(dflti.o)
    0x00001b58   0x00000028   Code   RO          482    .text               mf_p.l(f2d.o)
    0x00001b80   0x00000028   Code   RO          484    .text               mf_p.l(cdrcmple.o)
    0x00001ba8   0x00000038   Code   RO          486    .text               mf_p.l(d2f.o)
    0x00001be0   0x00000082   Code   RO          535    .text               mf_p.l(fepilogue.o)
    0x00001c62   0x000000be   Code   RO          537    .text               mf_p.l(depilogue.o)
    0x00001d20   0x00000164   Code   RO          541    .text               mf_p.l(dadd.o)
    0x00001e84   0x000000a2   Code   RO          543    .text               mf_p.l(dsqrt.o)
    0x00001f26   0x00000020   Code   RO          553    .text               mc_p.l(llshl.o)
    0x00001f46   0x00000022   Code   RO          555    .text               mc_p.l(llushr.o)
    0x00001f68   0x00000026   Code   RO          557    .text               mc_p.l(llsshr.o)
    0x00001f8e   0x0000002c   Code   RO          559    .text               mf_p.l(dscalb.o)
    0x00001fba   0x0000002e   Code   RO          539    i.__ARM_clz         mf_p.l(depilogue.o)
    0x00001fe8   0x0000001c   Code   RO          441    i.__ARM_common_switch8  system_mkl25z4.o
    0x00002004   0x0000002c   Code   RO          547    i.__ARM_fpclassify  m_ps.l(fpclassify.o)
    0x00002030   0x000000ac   Code   RO          549    i.__kernel_poly     m_ps.l(poly.o)
    0x000020dc   0x0000000a   Code   RO          499    i.__mathlib_dbl_infnan  m_ps.l(dunder.o)
    0x000020e6   0x00000008   Code   RO          500    i.__mathlib_dbl_infnan2  m_ps.l(dunder.o)
    0x000020ee   0x00000002   PAD
    0x000020f0   0x00000014   Code   RO          504    i.__mathlib_dbl_underflow  m_ps.l(dunder.o)
    0x00002104   0x0000000e   Code   RO          563    i.__scatterload_copy  mc_p.l(handlers.o)
    0x00002112   0x00000002   Code   RO          564    i.__scatterload_null  mc_p.l(handlers.o)
    0x00002114   0x0000000e   Code   RO          565    i.__scatterload_zeroinit  mc_p.l(handlers.o)
    0x00002122   0x00000002   PAD
    0x00002124   0x0000000c   Code   RO          529    i.__set_errno       mc_p.l(errno.o)
    0x00002130   0x0000021c   Code   RO          489    i.atan              m_ps.l(atan.o)
    0x0000234c   0x00000178   Code   RO          450    i.atan2             m_ps.l(atan2.o)
    0x000024c4   0x00000048   Code   RO          458    i.sqrt              m_ps.l(sqrt.o)
    0x0000250c   0x00000004   PAD
    0x00002510   0x00000098   Data   RO          490    .constdata          m_ps.l(atan.o)
    0x000025a8   0x00000008   Data   RO          512    .constdata          m_ps.l(qnan.o)
    0x000025b0   0x00000020   Data   RO          561    Region$$Table       anon$$obj.o


    Execution Region ER_RW (Base: 0x1ffff000, Size: 0x0000006c, Max: 0xffffffff, ABSOLUTE)

    Base Addr    Size         Type   Attr      Idx    E Section Name        Object

    0x1ffff000   0x00000054   Data   RW          207    .data               global_var.o
    0x1ffff054   0x00000010   Data   RW          384    .data               mma8451.o
    0x1ffff064   0x00000004   Data   RW          424    .data               system_mkl25z4.o
    0x1ffff068   0x00000004   Data   RW          530    .data               mc_p.l(errno.o)


    Execution Region ER_ZI (Base: 0x1ffff06c, Size: 0x00000604, Max: 0xffffffff, ABSOLUTE)

    Base Addr    Size         Type   Attr      Idx    E Section Name        Object

    0x1ffff06c   0x00000200   Zero   RW          205    .bss                global_var.o
    0x1ffff26c   0x00000004   PAD
    0x1ffff270   0x00000400   Zero   RW          411    STACK               startup_mkl25z4.o


==============================================================================

Image component sizes


      Code (inc. data)   RO Data    RW Data    ZI Data      Debug   Object Name

        84         14          0          0          0     100440   adc0.o
       412          6          0          0          0       1262   adc16.o
       224         16          0          0          0       6752   adc_kit.o
      1092        126          0          0          0      94478   blinky.o
        28          4          0          0          0        684   delay.o
         0          0          0         84        512       1383   global_var.o
       628         14          0          0          0       1503   i2c.o
       632         30          0          0          0       3225   kit_chain.o
       528         36          0         16          0       1323   mma8451.o
       492         52          0          0          0       7080   pwm_kit.o
        44         24        192          0       1024        776   startup_mkl25z4.o
       568         60          0          4          0       1233   system_mkl25z4.o
       736         74          0          0          0       7726   timers.o
       440         14          0          0          0       1786   uart.o

    ----------------------------------------------------------------------
      5908        470        224        104       1540     229651   Object Totals
         0          0         32          0          0          0   (incl. Generated)
         0          0          0          0          4          0   (incl. Padding)

    ----------------------------------------------------------------------

      Code (inc. data)   RO Data    RW Data    ZI Data      Debug   Library Member Name

       540         68        152          0          0        112   atan.o
       376         42          0          0          0        144   atan2.o
        38          6          0          0          0        204   dunder.o
        44          4          0          0          0         60   fpclassify.o
       172          0          0          0          0         76   poly.o
         0          0          8          0          0          0   qnan.o
        72          6          0          0          0         76   sqrt.o
         0          0          0          0          0          0   entry.o
         0          0          0          0          0          0   entry10a.o
         0          0          0          0          0          0   entry11a.o
         8          4          0          0          0          0   entry2.o
         4          0          0          0          0          0   entry5.o
         0          0          0          0          0          0   entry7b.o
         0          0          0          0          0          0   entry8b.o
         8          4          0          0          0          0   entry9a.o
        12          6          0          4          0         60   errno.o
        30          0          0          0          0          0   handlers.o
        40          0          0          0          0         72   idiv.o
        36          8          0          0          0         68   init.o
         0          0          0          0          0          0   iusefp.o
        32          0          0          0          0         68   llshl.o
        38          0          0          0          0         68   llsshr.o
        34          0          0          0          0         68   llushr.o
        44          0          0          0          0         72   uidiv.o
        40          2          0          0          0         68   cdrcmple.o
        56          0          0          0          0         68   d2f.o
       356          4          0          0          0        140   dadd.o
       240          6          0          0          0         84   ddiv.o
       236          0          0          0          0        216   depilogue.o
        40          6          0          0          0         68   dflti.o
       208          6          0          0          0         88   dmul.o
        44          0          0          0          0         72   dscalb.o
       162          0          0          0          0         80   dsqrt.o
        40          0          0          0          0         60   f2d.o
       178          0          0          0          0        108   fadd.o
       130          0          0          0          0        144   fepilogue.o
       122          0          0          0          0         72   fmul.o

    ----------------------------------------------------------------------
      3388        176        160          4          0       2416   Library Totals
         8          4          0          0          0          0   (incl. Padding)

    ----------------------------------------------------------------------

      Code (inc. data)   RO Data    RW Data    ZI Data      Debug   Library Name

      1242        126        160          0          0        672   m_ps.l
       286         22          0          4          0        476   mc_p.l
      1852         24          0          0          0       1268   mf_p.l

    ----------------------------------------------------------------------
      3388        176        160          4          0       2416   Library Totals

    ----------------------------------------------------------------------

==============================================================================


      Code (inc. data)   RO Data    RW Data    ZI Data      Debug   

      9296        646        384        108       1540     230187   Grand Totals
      9296        646        384        108       1540     230187   ELF Image Totals
      9296        646        384        108          0          0   ROM Totals

==============================================================================

    Total RO  Size (Code + RO Data)                 9680 (   9.45kB)
    Total RW  Size (RW Data + ZI Data)              1648 (   1.61kB)
    Total ROM Size (Code + RO Data + RW Data)       9788 (   9.56kB)

==============================================================================

