Component: ARM Compiler 5.05 (build 41) Tool: armlink [4d0eb9]

==============================================================================

Section Cross References

    adc0.o(.text) refers to adc16.o(.text) for ADC_Config_Alt
    blinky.o(.text) refers to uart.o(.text) for uart0_putchar
    blinky.o(.text) refers to fmul.o(.text) for __aeabi_fmul
    blinky.o(.text) refers to fadd.o(.text) for __aeabi_fadd
    blinky.o(.text) refers to cfrcmple.o(.text) for __aeabi_cfrcmple
    blinky.o(.text) refers to cfcmple.o(.text) for __aeabi_cfcmple
    blinky.o(.text) refers to timers.o(.text) for Init_PIT1
    blinky.o(.text) refers to pwm_kit.o(.text) for Init_PWM_motor
    blinky.o(.text) refers to i2c.o(.text) for i2c_init
    blinky.o(.text) refers to mma8451.o(.text) for init_mma
    blinky.o(.text) refers to leds.o(.text) for Init_RGB_LEDs
    blinky.o(.text) refers to kit_chain.o(.text) for accel_queue_init
    blinky.o(.text) refers to blinky.o(i.__ARM_common_switch8) for __ARM_common_switch8
    blinky.o(.text) refers to blinky.o(.bss) for PID_servo
    blinky.o(.text) refers to global_var.o(.data) for servo_PW
    blinky.o(.text) refers to ffltui.o(.text) for __aeabi_ui2f
    blinky.o(.text) refers to fflti.o(.text) for __aeabi_i2f
    blinky.o(.text) refers to f2d.o(.text) for __aeabi_f2d
    blinky.o(.text) refers to lround.o(i.lround) for lround
    blinky.o(.text) refers to dflti.o(.text) for __aeabi_i2d
    blinky.o(.text) refers to cdrcmple.o(.text) for __aeabi_cdrcmple
    blinky.o(.text) refers to global_var.o(.bss) for buffer
    blinky.o(.text) refers to timers.o(.data) for right_FB
    blinky.o(.text) refers to kit_chain.o(.data) for current_roll
    timers.o(.text) refers to adc_kit.o(.text) for Init_ADC
    timers.o(.text) refers to kit_chain.o(.text) for get_roll
    timers.o(.text) refers to timers.o(.data) for _right_FB
    timers.o(.text) refers to global_var.o(.data) for ADC_FLG
    timers.o(.text) refers to global_var.o(.bss) for buffer
    uart.o(.text) refers to uidiv.o(.text) for __aeabi_uidivmod
    adc_kit.o(.text) refers to adc0.o(.text) for init_ADC0
    pwm_kit.o(.text) refers to global_var.o(.data) for servo_PW
    kit_chain.o(.text) refers to qsort.o(.text) for qsort
    kit_chain.o(.text) refers to mma8451.o(.text) for read_xyz
    kit_chain.o(.text) refers to ffixi.o(.text) for __aeabi_f2iz
    kit_chain.o(.text) refers to uart.o(.text) for uart0_putchar
    kit_chain.o(.text) refers to idiv.o(.text) for __aeabi_idivmod
    kit_chain.o(.text) refers to kit_chain.o(.data) for accel_queue
    kit_chain.o(.text) refers to mma8451.o(.data) for roll
    kit_chain.o(.text) refers to global_var.o(.data) for hex
    kit_chain.o(.text) refers to kit_chain.o(.bss) for _camera_buffer
    kit_chain.o(.text) refers to blinky.o(i.__ARM_common_switch8) for __ARM_common_switch8
    mma8451.o(.text) refers to i2c.o(.text) for i2c_read_byte
    mma8451.o(.text) refers to delay.o(.text) for Delay
    mma8451.o(.text) refers to dflti.o(.text) for __aeabi_i2d
    mma8451.o(.text) refers to ddiv.o(.text) for __aeabi_ddiv
    mma8451.o(.text) refers to d2f.o(.text) for __aeabi_d2f
    mma8451.o(.text) refers to f2d.o(.text) for __aeabi_f2d
    mma8451.o(.text) refers to atan2.o(i.atan2) for atan2
    mma8451.o(.text) refers to dmul.o(.text) for __aeabi_dmul
    mma8451.o(.text) refers to fmul.o(.text) for __aeabi_fmul
    mma8451.o(.text) refers to fadd.o(.text) for __aeabi_fadd
    mma8451.o(.text) refers to sqrt.o(i.sqrt) for sqrt
    mma8451.o(.text) refers to mma8451.o(.data) for acc_X
    startup_mkl25z4.o(RESET) refers to startup_mkl25z4.o(STACK) for __initial_sp
    startup_mkl25z4.o(RESET) refers to startup_mkl25z4.o(.text) for Reset_Handler
    startup_mkl25z4.o(RESET) refers to timers.o(.text) for ADC0_IRQHandler
    startup_mkl25z4.o(RESET) refers to pwm_kit.o(.text) for TPM0_IRQHandler
    startup_mkl25z4.o(.text) refers to system_mkl25z4.o(.text) for SystemInit
    startup_mkl25z4.o(.text) refers to entry.o(.ARM.Collect$$$$00000000) for __main
    system_mkl25z4.o(.text) refers to uidiv.o(.text) for __aeabi_uidivmod
    system_mkl25z4.o(.text) refers to blinky.o(i.__ARM_common_switch8) for __ARM_common_switch8
    system_mkl25z4.o(.text) refers to system_mkl25z4.o(.data) for SystemCoreClock
    atan2.o(i.__softfp_atan2) refers (Special) to iusefp.o(.text) for __I$use$fp
    atan2.o(i.__softfp_atan2) refers to atan2.o(i.atan2) for atan2
    atan2.o(i.atan2) refers (Special) to iusefp.o(.text) for __I$use$fp
    atan2.o(i.atan2) refers to dunder.o(i.__mathlib_dbl_infnan2) for __mathlib_dbl_infnan2
    atan2.o(i.atan2) refers to atan.o(i.atan) for atan
    atan2.o(i.atan2) refers to ddiv.o(.text) for __aeabi_ddiv
    atan2.o(i.atan2) refers to dadd.o(.text) for __aeabi_dsub
    atan2.o(i.atan2) refers to qnan.o(.constdata) for __mathlib_zero
    atan2_x.o(i.____softfp_atan2$lsc) refers (Special) to iusefp.o(.text) for __I$use$fp
    atan2_x.o(i.____softfp_atan2$lsc) refers to atan2_x.o(i.__atan2$lsc) for __atan2$lsc
    atan2_x.o(i.__atan2$lsc) refers (Special) to iusefp.o(.text) for __I$use$fp
    atan2_x.o(i.__atan2$lsc) refers to dunder.o(i.__mathlib_dbl_infnan2) for __mathlib_dbl_infnan2
    atan2_x.o(i.__atan2$lsc) refers to atan.o(i.atan) for atan
    atan2_x.o(i.__atan2$lsc) refers to errno.o(i.__set_errno) for __set_errno
    atan2_x.o(i.__atan2$lsc) refers to ddiv.o(.text) for __aeabi_ddiv
    atan2_x.o(i.__atan2$lsc) refers to dadd.o(.text) for __aeabi_dsub
    atan2_x.o(i.__atan2$lsc) refers to qnan.o(.constdata) for __mathlib_zero
    sqrt.o(i.__softfp_sqrt) refers (Special) to iusefp.o(.text) for __I$use$fp
    sqrt.o(i.__softfp_sqrt) refers to dsqrt.o(.text) for _dsqrt
    sqrt.o(i.__softfp_sqrt) refers to errno.o(i.__set_errno) for __set_errno
    sqrt.o(i.sqrt) refers (Special) to iusefp.o(.text) for __I$use$fp
    sqrt.o(i.sqrt) refers to dsqrt.o(.text) for _dsqrt
    sqrt.o(i.sqrt) refers to errno.o(i.__set_errno) for __set_errno
    sqrt_x.o(i.____softfp_sqrt$lsc) refers (Special) to iusefp.o(.text) for __I$use$fp
    sqrt_x.o(i.____softfp_sqrt$lsc) refers to cdcmple.o(.text) for __aeabi_cdcmple
    sqrt_x.o(i.____softfp_sqrt$lsc) refers to errno.o(i.__set_errno) for __set_errno
    sqrt_x.o(i.____softfp_sqrt$lsc) refers to dsqrt.o(.text) for _dsqrt
    sqrt_x.o(i.__sqrt$lsc) refers (Special) to iusefp.o(.text) for __I$use$fp
    sqrt_x.o(i.__sqrt$lsc) refers to cdcmple.o(.text) for __aeabi_cdcmple
    sqrt_x.o(i.__sqrt$lsc) refers to errno.o(i.__set_errno) for __set_errno
    sqrt_x.o(i.__sqrt$lsc) refers to dsqrt.o(.text) for _dsqrt
    lround.o(i.lround) refers (Special) to iusefp.o(.text) for __I$use$fp
    lround.o(i.lround) refers to drnd.o(.text) for _drnd
    lround.o(i.lround) refers to dadd.o(.text) for __aeabi_dsub
    lround.o(i.lround) refers to cdcmple.o(.text) for __aeabi_cdcmple
    lround.o(i.lround) refers to cdrcmple.o(.text) for __aeabi_cdrcmple
    lround.o(i.lround) refers to errno.o(i.__set_errno) for __set_errno
    lround.o(i.lround) refers to dfixir.o(.text) for _dfix_r
    lround_x.o(i.__lround$lsc) refers (Special) to iusefp.o(.text) for __I$use$fp
    lround_x.o(i.__lround$lsc) refers to drnd.o(.text) for _drnd
    lround_x.o(i.__lround$lsc) refers to dadd.o(.text) for __aeabi_dsub
    lround_x.o(i.__lround$lsc) refers to cdcmple.o(.text) for __aeabi_cdcmple
    lround_x.o(i.__lround$lsc) refers to cdrcmple.o(.text) for __aeabi_cdrcmple
    lround_x.o(i.__lround$lsc) refers to dfixir.o(.text) for _dfix_r
    entry.o(.ARM.Collect$$$$00000000) refers (Special) to entry10a.o(.ARM.Collect$$$$0000000D) for __rt_final_cpp
    entry.o(.ARM.Collect$$$$00000000) refers (Special) to entry11a.o(.ARM.Collect$$$$0000000F) for __rt_final_exit
    entry.o(.ARM.Collect$$$$00000000) refers (Special) to entry7b.o(.ARM.Collect$$$$00000008) for _main_clock
    entry.o(.ARM.Collect$$$$00000000) refers (Special) to entry8b.o(.ARM.Collect$$$$0000000A) for _main_cpp_init
    entry.o(.ARM.Collect$$$$00000000) refers (Special) to entry9a.o(.ARM.Collect$$$$0000000B) for _main_init
    entry.o(.ARM.Collect$$$$00000000) refers (Special) to entry5.o(.ARM.Collect$$$$00000004) for _main_scatterload
    entry.o(.ARM.Collect$$$$00000000) refers (Special) to entry2.o(.ARM.Collect$$$$00000001) for _main_stk
    idiv.o(.text) refers to uidiv.o(.text) for __aeabi_uidivmod
    fadd.o(.text) refers (Special) to iusefp.o(.text) for __I$use$fp
    fadd.o(.text) refers to fepilogue.o(.text) for _float_epilogue
    fmul.o(.text) refers (Special) to iusefp.o(.text) for __I$use$fp
    dmul.o(.text) refers (Special) to iusefp.o(.text) for __I$use$fp
    dmul.o(.text) refers to depilogue.o(.text) for _double_epilogue
    ddiv.o(.text) refers (Special) to iusefp.o(.text) for __I$use$fp
    ddiv.o(.text) refers to depilogue.o(.text) for _double_round
    fflti.o(.text) refers (Special) to iusefp.o(.text) for __I$use$fp
    fflti.o(.text) refers to fepilogue.o(.text) for _float_epilogue
    ffltui.o(.text) refers (Special) to iusefp.o(.text) for __I$use$fp
    ffltui.o(.text) refers to fepilogue.o(.text) for _float_epilogue
    dflti.o(.text) refers (Special) to iusefp.o(.text) for __I$use$fp
    dflti.o(.text) refers to depilogue.o(.text) for _double_epilogue
    ffixi.o(.text) refers (Special) to iusefp.o(.text) for __I$use$fp
    f2d.o(.text) refers (Special) to iusefp.o(.text) for __I$use$fp
    cdrcmple.o(.text) refers (Special) to iusefp.o(.text) for __I$use$fp
    d2f.o(.text) refers (Special) to iusefp.o(.text) for __I$use$fp
    d2f.o(.text) refers to fepilogue.o(.text) for _float_round
    cfcmple.o(.text) refers (Special) to iusefp.o(.text) for __I$use$fp
    cfrcmple.o(.text) refers (Special) to iusefp.o(.text) for __I$use$fp
    atan.o(i.__softfp_atan) refers (Special) to iusefp.o(.text) for __I$use$fp
    atan.o(i.__softfp_atan) refers to atan.o(i.atan) for atan
    atan.o(i.atan) refers (Special) to iusefp.o(.text) for __I$use$fp
    atan.o(i.atan) refers to dunder.o(i.__mathlib_dbl_infnan) for __mathlib_dbl_infnan
    atan.o(i.atan) refers to fpclassify.o(i.__ARM_fpclassify) for __ARM_fpclassify
    atan.o(i.atan) refers to dunder.o(i.__mathlib_dbl_underflow) for __mathlib_dbl_underflow
    atan.o(i.atan) refers to dadd.o(.text) for __aeabi_dadd
    atan.o(i.atan) refers to dscalb.o(.text) for __ARM_scalbn
    atan.o(i.atan) refers to ddiv.o(.text) for __aeabi_ddiv
    atan.o(i.atan) refers to dmul.o(.text) for __aeabi_dmul
    atan.o(i.atan) refers to poly.o(i.__kernel_poly) for __kernel_poly
    atan.o(i.atan) refers to atan.o(.constdata) for .constdata
    atan.o(.constdata) refers (Special) to iusefp.o(.text) for __I$use$fp
    atan_x.o(i.____softfp_atan$lsc) refers (Special) to iusefp.o(.text) for __I$use$fp
    atan_x.o(i.____softfp_atan$lsc) refers to atan_x.o(i.__atan$lsc) for __atan$lsc
    atan_x.o(i.__atan$lsc) refers (Special) to iusefp.o(.text) for __I$use$fp
    atan_x.o(i.__atan$lsc) refers to dunder.o(i.__mathlib_dbl_infnan) for __mathlib_dbl_infnan
    atan_x.o(i.__atan$lsc) refers to dadd.o(.text) for __aeabi_dadd
    atan_x.o(i.__atan$lsc) refers to dscalb.o(.text) for __ARM_scalbn
    atan_x.o(i.__atan$lsc) refers to ddiv.o(.text) for __aeabi_ddiv
    atan_x.o(i.__atan$lsc) refers to dmul.o(.text) for __aeabi_dmul
    atan_x.o(i.__atan$lsc) refers to poly.o(i.__kernel_poly) for __kernel_poly
    atan_x.o(i.__atan$lsc) refers to atan_x.o(.constdata) for .constdata
    atan_x.o(.constdata) refers (Special) to iusefp.o(.text) for __I$use$fp
    dunder.o(i.__mathlib_dbl_divzero) refers to ddiv.o(.text) for __aeabi_ddiv
    dunder.o(i.__mathlib_dbl_infnan) refers to dscalb.o(.text) for __ARM_scalbn
    dunder.o(i.__mathlib_dbl_infnan2) refers to dadd.o(.text) for __aeabi_dadd
    dunder.o(i.__mathlib_dbl_invalid) refers to ddiv.o(.text) for __aeabi_ddiv
    dunder.o(i.__mathlib_dbl_overflow) refers to dscalb.o(.text) for __ARM_scalbn
    dunder.o(i.__mathlib_dbl_posinfnan) refers to dmul.o(.text) for __aeabi_dmul
    dunder.o(i.__mathlib_dbl_underflow) refers to dscalb.o(.text) for __ARM_scalbn
    qnan.o(.constdata) refers (Special) to iusefp.o(.text) for __I$use$fp
    entry2.o(.ARM.Collect$$$$00000001) refers to entry2.o(.ARM.Collect$$$$00002712) for __lit__00000000
    entry2.o(.ARM.Collect$$$$00002712) refers to startup_mkl25z4.o(STACK) for __initial_sp
    entry2.o(__vectab_stack_and_reset_area) refers to startup_mkl25z4.o(STACK) for __initial_sp
    entry2.o(__vectab_stack_and_reset_area) refers to entry.o(.ARM.Collect$$$$00000000) for __main
    entry5.o(.ARM.Collect$$$$00000004) refers to init.o(.text) for __scatterload
    entry9a.o(.ARM.Collect$$$$0000000B) refers to blinky.o(.text) for main
    entry9b.o(.ARM.Collect$$$$0000000C) refers to blinky.o(.text) for main
    errno.o(i.__aeabi_errno_addr) refers to errno.o(.data) for .data
    errno.o(i.__read_errno) refers to errno.o(.data) for .data
    errno.o(i.__set_errno) refers to errno.o(.data) for .data
    depilogue.o(.text) refers to depilogue.o(i.__ARM_clz) for __ARM_clz
    depilogue.o(.text) refers to llshl.o(.text) for __aeabi_llsl
    depilogue.o(.text) refers to llushr.o(.text) for __aeabi_llsr
    dadd.o(.text) refers to llshl.o(.text) for __aeabi_llsl
    dadd.o(.text) refers to llsshr.o(.text) for __aeabi_lasr
    dadd.o(.text) refers to depilogue.o(.text) for _double_epilogue
    dsqrt.o(.text) refers to llushr.o(.text) for __aeabi_llsr
    dsqrt.o(.text) refers to depilogue.o(.text) for _double_round
    drnd.o(.text) refers to llshl.o(.text) for __aeabi_llsl
    drnd.o(.text) refers to llushr.o(.text) for __aeabi_llsr
    drnd.o(.text) refers to depilogue.o(.text) for _double_round
    dfixir.o(.text) refers to llushr.o(.text) for __aeabi_llsr
    dfixir.o(.text) refers to llshl.o(.text) for __aeabi_llsl
    dfixir.o(.text) refers to fepilogue.o(.text) for _float_round
    fpclassify.o(i.__ARM_fpclassify) refers (Special) to iusefp.o(.text) for __I$use$fp
    poly.o(i.__kernel_poly) refers (Special) to iusefp.o(.text) for __I$use$fp
    poly.o(i.__kernel_poly) refers to dmul.o(.text) for __aeabi_dmul
    poly.o(i.__kernel_poly) refers to dadd.o(.text) for __aeabi_dadd
    init.o(.text) refers to entry5.o(.ARM.Collect$$$$00000004) for __main_after_scatterload


==============================================================================

Removing Unused input sections from the image.

    Removing adc0.o(.rev16_text), (4 bytes).
    Removing adc0.o(.revsh_text), (4 bytes).
    Removing adc16.o(.rev16_text), (4 bytes).
    Removing adc16.o(.revsh_text), (4 bytes).
    Removing blinky.o(.rev16_text), (4 bytes).
    Removing blinky.o(.revsh_text), (4 bytes).
    Removing blinky.o(.data), (8 bytes).
    Removing timers.o(.rev16_text), (4 bytes).
    Removing timers.o(.revsh_text), (4 bytes).
    Removing uart.o(.rev16_text), (4 bytes).
    Removing uart.o(.revsh_text), (4 bytes).
    Removing global_var.o(.rev16_text), (4 bytes).
    Removing global_var.o(.revsh_text), (4 bytes).
    Removing global_var.o(.constdata), (24 bytes).
    Removing adc_kit.o(.rev16_text), (4 bytes).
    Removing adc_kit.o(.revsh_text), (4 bytes).
    Removing pwm_kit.o(.rev16_text), (4 bytes).
    Removing pwm_kit.o(.revsh_text), (4 bytes).
    Removing kit_chain.o(.rev16_text), (4 bytes).
    Removing kit_chain.o(.revsh_text), (4 bytes).
    Removing core_algorithm.o(.rev16_text), (4 bytes).
    Removing core_algorithm.o(.revsh_text), (4 bytes).
    Removing core_algorithm.o(.text), (4 bytes).
    Removing delay.o(.rev16_text), (4 bytes).
    Removing delay.o(.revsh_text), (4 bytes).
    Removing i2c.o(.rev16_text), (4 bytes).
    Removing i2c.o(.revsh_text), (4 bytes).
    Removing leds.o(.rev16_text), (4 bytes).
    Removing leds.o(.revsh_text), (4 bytes).
    Removing mma8451.o(.rev16_text), (4 bytes).
    Removing mma8451.o(.revsh_text), (4 bytes).
    Removing startup_mkl25z4.o(HEAP), (0 bytes).
    Removing system_mkl25z4.o(.rev16_text), (4 bytes).
    Removing system_mkl25z4.o(.revsh_text), (4 bytes).

34 unused section(s) (total 156 bytes) removed from the image.

==============================================================================

Image Symbol Table

    Local Symbols

    Symbol Name                              Value     Ov Type        Size  Object(Section)

    RESET                                    0x00000000   Section      192  startup_mkl25z4.o(RESET)
    ../clib/microlib/division.c              0x00000000   Number         0  idiv.o ABSOLUTE
    ../clib/microlib/division.c              0x00000000   Number         0  uidiv.o ABSOLUTE
    ../clib/microlib/errno.c                 0x00000000   Number         0  errno.o ABSOLUTE
    ../clib/microlib/init/entry.s            0x00000000   Number         0  entry2.o ABSOLUTE
    ../clib/microlib/init/entry.s            0x00000000   Number         0  entry5.o ABSOLUTE
    ../clib/microlib/init/entry.s            0x00000000   Number         0  entry7a.o ABSOLUTE
    ../clib/microlib/init/entry.s            0x00000000   Number         0  entry10a.o ABSOLUTE
    ../clib/microlib/init/entry.s            0x00000000   Number         0  entry9b.o ABSOLUTE
    ../clib/microlib/init/entry.s            0x00000000   Number         0  entry9a.o ABSOLUTE
    ../clib/microlib/init/entry.s            0x00000000   Number         0  entry8b.o ABSOLUTE
    ../clib/microlib/init/entry.s            0x00000000   Number         0  entry8a.o ABSOLUTE
    ../clib/microlib/init/entry.s            0x00000000   Number         0  entry11b.o ABSOLUTE
    ../clib/microlib/init/entry.s            0x00000000   Number         0  entry7b.o ABSOLUTE
    ../clib/microlib/init/entry.s            0x00000000   Number         0  entry.o ABSOLUTE
    ../clib/microlib/init/entry.s            0x00000000   Number         0  entry11a.o ABSOLUTE
    ../clib/microlib/init/entry.s            0x00000000   Number         0  entry10b.o ABSOLUTE
    ../clib/microlib/longlong.c              0x00000000   Number         0  llsshr.o ABSOLUTE
    ../clib/microlib/longlong.c              0x00000000   Number         0  llushr.o ABSOLUTE
    ../clib/microlib/longlong.c              0x00000000   Number         0  llshl.o ABSOLUTE
    ../clib/microlib/stdlib/qsort.c          0x00000000   Number         0  qsort.o ABSOLUTE
    ../clib/microlib/stubs.s                 0x00000000   Number         0  iusefp.o ABSOLUTE
    ../fplib/microlib/d2f.c                  0x00000000   Number         0  d2f.o ABSOLUTE
    ../fplib/microlib/f2d.c                  0x00000000   Number         0  f2d.o ABSOLUTE
    ../fplib/microlib/fpadd.c                0x00000000   Number         0  fadd.o ABSOLUTE
    ../fplib/microlib/fpadd.c                0x00000000   Number         0  dadd.o ABSOLUTE
    ../fplib/microlib/fpdiv.c                0x00000000   Number         0  ddiv.o ABSOLUTE
    ../fplib/microlib/fpepilogue.c           0x00000000   Number         0  fepilogue.o ABSOLUTE
    ../fplib/microlib/fpepilogue.c           0x00000000   Number         0  depilogue.o ABSOLUTE
    ../fplib/microlib/fpfix.c                0x00000000   Number         0  ffixi.o ABSOLUTE
    ../fplib/microlib/fpfix.c                0x00000000   Number         0  dfixir.o ABSOLUTE
    ../fplib/microlib/fpflt.c                0x00000000   Number         0  fflti.o ABSOLUTE
    ../fplib/microlib/fpflt.c                0x00000000   Number         0  ffltui.o ABSOLUTE
    ../fplib/microlib/fpflt.c                0x00000000   Number         0  dflti.o ABSOLUTE
    ../fplib/microlib/fpmul.c                0x00000000   Number         0  fmul.o ABSOLUTE
    ../fplib/microlib/fpmul.c                0x00000000   Number         0  dmul.o ABSOLUTE
    ../fplib/microlib/fprnd.c                0x00000000   Number         0  drnd.o ABSOLUTE
    ../fplib/microlib/fpscalb.c              0x00000000   Number         0  dscalb.o ABSOLUTE
    ../fplib/microlib/fpsqrt.c               0x00000000   Number         0  dsqrt.o ABSOLUTE
    ../mathlib/atan.c                        0x00000000   Number         0  atan.o ABSOLUTE
    ../mathlib/atan.c                        0x00000000   Number         0  atan_x.o ABSOLUTE
    ../mathlib/atan2.c                       0x00000000   Number         0  atan2.o ABSOLUTE
    ../mathlib/atan2.c                       0x00000000   Number         0  atan2_x.o ABSOLUTE
    ../mathlib/dunder.c                      0x00000000   Number         0  dunder.o ABSOLUTE
    ../mathlib/fpclassify.c                  0x00000000   Number         0  fpclassify.o ABSOLUTE
    ../mathlib/poly.c                        0x00000000   Number         0  poly.o ABSOLUTE
    ../mathlib/qnan.c                        0x00000000   Number         0  qnan.o ABSOLUTE
    ../mathlib/round.c                       0x00000000   Number         0  lround.o ABSOLUTE
    ../mathlib/round.c                       0x00000000   Number         0  lround_x.o ABSOLUTE
    ../mathlib/sqrt.c                        0x00000000   Number         0  sqrt_x.o ABSOLUTE
    ../mathlib/sqrt.c                        0x00000000   Number         0  sqrt.o ABSOLUTE
    ADC_Kit.c                                0x00000000   Number         0  adc_kit.o ABSOLUTE
    ADC_Kit.c                                0x00000000   Number         0  adc_kit.o ABSOLUTE
    Blinky.c                                 0x00000000   Number         0  blinky.o ABSOLUTE
    Blinky.c                                 0x00000000   Number         0  blinky.o ABSOLUTE
    Kit_chain.c                              0x00000000   Number         0  kit_chain.o ABSOLUTE
    Kit_chain.c                              0x00000000   Number         0  kit_chain.o ABSOLUTE
    PWM_Kit.c                                0x00000000   Number         0  pwm_kit.o ABSOLUTE
    PWM_Kit.c                                0x00000000   Number         0  pwm_kit.o ABSOLUTE
    RTE\Device\MKL25Z128xxx4\startup_MKL25Z4.s 0x00000000   Number         0  startup_mkl25z4.o ABSOLUTE
    RTE\Device\MKL25Z128xxx4\system_MKL25Z4.c 0x00000000   Number         0  system_mkl25z4.o ABSOLUTE
    RTE\\Device\\MKL25Z128xxx4\\system_MKL25Z4.c 0x00000000   Number         0  system_mkl25z4.o ABSOLUTE
    accel\LEDs.c                             0x00000000   Number         0  leds.o ABSOLUTE
    accel\\LEDs.c                            0x00000000   Number         0  leds.o ABSOLUTE
    accel\\delay.c                           0x00000000   Number         0  delay.o ABSOLUTE
    accel\\i2c.c                             0x00000000   Number         0  i2c.o ABSOLUTE
    accel\\mma8451.c                         0x00000000   Number         0  mma8451.o ABSOLUTE
    accel\delay.c                            0x00000000   Number         0  delay.o ABSOLUTE
    accel\i2c.c                              0x00000000   Number         0  i2c.o ABSOLUTE
    accel\mma8451.c                          0x00000000   Number         0  mma8451.o ABSOLUTE
    adc0.c                                   0x00000000   Number         0  adc0.o ABSOLUTE
    adc0.c                                   0x00000000   Number         0  adc0.o ABSOLUTE
    adc16.c                                  0x00000000   Number         0  adc16.o ABSOLUTE
    adc16.c                                  0x00000000   Number         0  adc16.o ABSOLUTE
    cdcmple.s                                0x00000000   Number         0  cdcmple.o ABSOLUTE
    cdrcmple.s                               0x00000000   Number         0  cdrcmple.o ABSOLUTE
    cfcmple.s                                0x00000000   Number         0  cfcmple.o ABSOLUTE
    cfrcmple.s                               0x00000000   Number         0  cfrcmple.o ABSOLUTE
    core_algorithm.c                         0x00000000   Number         0  core_algorithm.o ABSOLUTE
    core_algorithm.c                         0x00000000   Number         0  core_algorithm.o ABSOLUTE
    dc.s                                     0x00000000   Number         0  dc.o ABSOLUTE
    global_var.c                             0x00000000   Number         0  global_var.o ABSOLUTE
    global_var.c                             0x00000000   Number         0  global_var.o ABSOLUTE
    handlers.s                               0x00000000   Number         0  handlers.o ABSOLUTE
    init.s                                   0x00000000   Number         0  init.o ABSOLUTE
    timers.c                                 0x00000000   Number         0  timers.o ABSOLUTE
    timers.c                                 0x00000000   Number         0  timers.o ABSOLUTE
    uart.c                                   0x00000000   Number         0  uart.o ABSOLUTE
    uart.c                                   0x00000000   Number         0  uart.o ABSOLUTE
    .ARM.Collect$$$$00000000                 0x000000c0   Section        0  entry.o(.ARM.Collect$$$$00000000)
    .ARM.Collect$$$$00000001                 0x000000c0   Section        4  entry2.o(.ARM.Collect$$$$00000001)
    .ARM.Collect$$$$00000004                 0x000000c4   Section        4  entry5.o(.ARM.Collect$$$$00000004)
    .ARM.Collect$$$$00000008                 0x000000c8   Section        0  entry7b.o(.ARM.Collect$$$$00000008)
    .ARM.Collect$$$$0000000A                 0x000000c8   Section        0  entry8b.o(.ARM.Collect$$$$0000000A)
    .ARM.Collect$$$$0000000B                 0x000000c8   Section        8  entry9a.o(.ARM.Collect$$$$0000000B)
    .ARM.Collect$$$$0000000D                 0x000000d0   Section        0  entry10a.o(.ARM.Collect$$$$0000000D)
    .ARM.Collect$$$$0000000F                 0x000000d0   Section        0  entry11a.o(.ARM.Collect$$$$0000000F)
    .ARM.Collect$$$$00002712                 0x000000d0   Section        4  entry2.o(.ARM.Collect$$$$00002712)
    __lit__00000000                          0x000000d0   Data           4  entry2.o(.ARM.Collect$$$$00002712)
    .text                                    0x000000d4   Section        0  adc0.o(.text)
    .text                                    0x00000128   Section        0  adc16.o(.text)
    .text                                    0x000002c4   Section        0  adc_kit.o(.text)
    NVIC_SetPriority                         0x00000327   Thumb Code   110  adc_kit.o(.text)
    .text                                    0x000003a4   Section        0  delay.o(.text)
    .text                                    0x000003c0   Section       28  startup_mkl25z4.o(.text)
    .text                                    0x000003dc   Section        0  fflti.o(.text)
    .text                                    0x000003f2   Section        0  ffltui.o(.text)
    .ARM.__at_0x400                          0x00000400   Section       16  startup_mkl25z4.o(.ARM.__at_0x400)
    .text                                    0x00000410   Section        0  blinky.o(.text)
    NVIC_SetPriority                         0x000010db   Thumb Code   192  blinky.o(.text)
    .text                                    0x000011a0   Section        0  timers.o(.text)
    NVIC_ClearPendingIRQ                     0x00001453   Thumb Code    14  timers.o(.text)
    NVIC_SetPriority                         0x00001461   Thumb Code   110  timers.o(.text)
    .text                                    0x00001524   Section        0  uart.o(.text)
    .text                                    0x000016dc   Section        0  pwm_kit.o(.text)
    NVIC_SetPriority                         0x000016dd   Thumb Code   110  pwm_kit.o(.text)
    NVIC_EnableIRQ                           0x00001879   Thumb Code    14  pwm_kit.o(.text)
    NVIC_ClearPendingIRQ                     0x00001887   Thumb Code    14  pwm_kit.o(.text)
    .text                                    0x000018cc   Section        0  kit_chain.o(.text)
    .text                                    0x00001e34   Section        0  i2c.o(.text)
    .text                                    0x000020a8   Section        0  leds.o(.text)
    .text                                    0x0000217c   Section        0  mma8451.o(.text)
    .text                                    0x0000247c   Section        0  system_mkl25z4.o(.text)
    .text                                    0x00002698   Section        0  uidiv.o(.text)
    .text                                    0x000026c4   Section        0  idiv.o(.text)
    .text                                    0x000026ec   Section        0  qsort.o(.text)
    .text                                    0x0000278e   Section        0  fadd.o(.text)
    .text                                    0x00002840   Section        0  fmul.o(.text)
    .text                                    0x000028bc   Section        0  dmul.o(.text)
    .text                                    0x0000298c   Section        0  ddiv.o(.text)
    .text                                    0x00002a7c   Section        0  dflti.o(.text)
    .text                                    0x00002aa4   Section        0  ffixi.o(.text)
    .text                                    0x00002ad6   Section        0  f2d.o(.text)
    .text                                    0x00002b00   Section       40  cdrcmple.o(.text)
    .text                                    0x00002b28   Section        0  d2f.o(.text)
    .text                                    0x00002b60   Section       20  cfcmple.o(.text)
    .text                                    0x00002b74   Section       20  cfrcmple.o(.text)
    .text                                    0x00002b88   Section        0  iusefp.o(.text)
    .text                                    0x00002b88   Section        0  fepilogue.o(.text)
    .text                                    0x00002c0a   Section        0  depilogue.o(.text)
    .text                                    0x00002cc8   Section        0  dadd.o(.text)
    .text                                    0x00002e2c   Section        0  dsqrt.o(.text)
    .text                                    0x00002ed0   Section        0  drnd.o(.text)
    .text                                    0x00002f4c   Section        0  dfixir.o(.text)
    .text                                    0x00002ffc   Section       40  cdcmple.o(.text)
    .text                                    0x00003024   Section       36  init.o(.text)
    .text                                    0x00003048   Section        0  llshl.o(.text)
    .text                                    0x00003068   Section        0  llushr.o(.text)
    .text                                    0x0000308a   Section        0  llsshr.o(.text)
    .text                                    0x000030b0   Section        0  dscalb.o(.text)
    i.__ARM_clz                              0x000030dc   Section        0  depilogue.o(i.__ARM_clz)
    i.__ARM_common_switch8                   0x0000310a   Section        0  blinky.o(i.__ARM_common_switch8)
    i.__ARM_fpclassify                       0x00003128   Section        0  fpclassify.o(i.__ARM_fpclassify)
    i.__kernel_poly                          0x00003154   Section        0  poly.o(i.__kernel_poly)
    i.__mathlib_dbl_infnan                   0x00003200   Section        0  dunder.o(i.__mathlib_dbl_infnan)
    i.__mathlib_dbl_infnan2                  0x0000320a   Section        0  dunder.o(i.__mathlib_dbl_infnan2)
    i.__mathlib_dbl_underflow                0x00003214   Section        0  dunder.o(i.__mathlib_dbl_underflow)
    i.__scatterload_copy                     0x00003228   Section       14  handlers.o(i.__scatterload_copy)
    i.__scatterload_null                     0x00003236   Section        2  handlers.o(i.__scatterload_null)
    i.__scatterload_zeroinit                 0x00003238   Section       14  handlers.o(i.__scatterload_zeroinit)
    i.__set_errno                            0x00003248   Section        0  errno.o(i.__set_errno)
    i.atan                                   0x00003254   Section        0  atan.o(i.atan)
    i.atan2                                  0x00003470   Section        0  atan2.o(i.atan2)
    i.lround                                 0x000035e8   Section        0  lround.o(i.lround)
    i.sqrt                                   0x000036ac   Section        0  sqrt.o(i.sqrt)
    .constdata                               0x000036f8   Section      152  atan.o(.constdata)
    atanhi                                   0x000036f8   Data          32  atan.o(.constdata)
    atanlo                                   0x00003718   Data          32  atan.o(.constdata)
    aTodd                                    0x00003738   Data          40  atan.o(.constdata)
    aTeven                                   0x00003760   Data          48  atan.o(.constdata)
    .constdata                               0x00003790   Section        8  qnan.o(.constdata)
    .data                                    0x1ffff000   Section       10  timers.o(.data)
    .data                                    0x1ffff00c   Section       84  global_var.o(.data)
    .data                                    0x1ffff060   Section        9  kit_chain.o(.data)
    .data                                    0x1ffff06c   Section       16  mma8451.o(.data)
    .data                                    0x1ffff07c   Section        4  system_mkl25z4.o(.data)
    .data                                    0x1ffff080   Section        4  errno.o(.data)
    _errno                                   0x1ffff080   Data           4  errno.o(.data)
    .bss                                     0x1ffff084   Section       84  blinky.o(.bss)
    .bss                                     0x1ffff0d8   Section      512  global_var.o(.bss)
    .bss                                     0x1ffff2d8   Section      128  kit_chain.o(.bss)
    STACK                                    0x1ffff358   Section     1024  startup_mkl25z4.o(STACK)

    Global Symbols

    Symbol Name                              Value     Ov Type        Size  Object(Section)

    BuildAttributes$$THM_ISAv3M$S$PE$A:L22$X:L11$S22$IEEE1$IW$USESV6$~STKCKD$USESV7$~SHL$OTIME$ROPI$IEEEX$EBA8$MICROLIB$REQ8$PRES8$EABIv2 0x00000000   Number         0  anon$$obj.o ABSOLUTE
    __ARM_use_no_argv                        0x00000000   Number         0  blinky.o ABSOLUTE
    __Vectors                                0x00000000   Data           4  startup_mkl25z4.o(RESET)
    __cpp_initialize__aeabi_                  - Undefined Weak Reference
    __cxa_finalize                            - Undefined Weak Reference
    __decompress                              - Undefined Weak Reference
    _clock_init                               - Undefined Weak Reference
    _microlib_exit                            - Undefined Weak Reference
    __Vectors_End                            0x000000c0   Data           0  startup_mkl25z4.o(RESET)
    __Vectors_Size                           0x000000c0   Number         0  startup_mkl25z4.o ABSOLUTE
    __main                                   0x000000c1   Thumb Code     0  entry.o(.ARM.Collect$$$$00000000)
    _main_stk                                0x000000c1   Thumb Code     0  entry2.o(.ARM.Collect$$$$00000001)
    _main_scatterload                        0x000000c5   Thumb Code     0  entry5.o(.ARM.Collect$$$$00000004)
    __main_after_scatterload                 0x000000c9   Thumb Code     0  entry5.o(.ARM.Collect$$$$00000004)
    _main_clock                              0x000000c9   Thumb Code     0  entry7b.o(.ARM.Collect$$$$00000008)
    _main_cpp_init                           0x000000c9   Thumb Code     0  entry8b.o(.ARM.Collect$$$$0000000A)
    _main_init                               0x000000c9   Thumb Code     0  entry9a.o(.ARM.Collect$$$$0000000B)
    __rt_final_cpp                           0x000000d1   Thumb Code     0  entry10a.o(.ARM.Collect$$$$0000000D)
    __rt_final_exit                          0x000000d1   Thumb Code     0  entry11a.o(.ARM.Collect$$$$0000000F)
    init_ADC0                                0x000000d5   Thumb Code    70  adc0.o(.text)
    ADC_Cal                                  0x00000129   Thumb Code   244  adc16.o(.text)
    ADC_Config_Alt                           0x0000021d   Thumb Code    36  adc16.o(.text)
    ADC_Read_Cal                             0x00000241   Thumb Code   126  adc16.o(.text)
    Read_ADC                                 0x000002c5   Thumb Code    36  adc_kit.o(.text)
    Init_ADC                                 0x000002e9   Thumb Code    62  adc_kit.o(.text)
    Delay                                    0x000003a5   Thumb Code    24  delay.o(.text)
    Reset_Handler                            0x000003c1   Thumb Code     8  startup_mkl25z4.o(.text)
    NMI_Handler                              0x000003c9   Thumb Code     2  startup_mkl25z4.o(.text)
    HardFault_Handler                        0x000003cb   Thumb Code     2  startup_mkl25z4.o(.text)
    SVC_Handler                              0x000003cd   Thumb Code     2  startup_mkl25z4.o(.text)
    PendSV_Handler                           0x000003cf   Thumb Code     2  startup_mkl25z4.o(.text)
    SysTick_Handler                          0x000003d1   Thumb Code     2  startup_mkl25z4.o(.text)
    CMP0_IRQHandler                          0x000003d3   Thumb Code     0  startup_mkl25z4.o(.text)
    DAC0_IRQHandler                          0x000003d3   Thumb Code     0  startup_mkl25z4.o(.text)
    DMA0_IRQHandler                          0x000003d3   Thumb Code     0  startup_mkl25z4.o(.text)
    DMA1_IRQHandler                          0x000003d3   Thumb Code     0  startup_mkl25z4.o(.text)
    DMA2_IRQHandler                          0x000003d3   Thumb Code     0  startup_mkl25z4.o(.text)
    DMA3_IRQHandler                          0x000003d3   Thumb Code     0  startup_mkl25z4.o(.text)
    DefaultISR                               0x000003d3   Thumb Code     0  startup_mkl25z4.o(.text)
    FTFA_IRQHandler                          0x000003d3   Thumb Code     0  startup_mkl25z4.o(.text)
    I2C0_IRQHandler                          0x000003d3   Thumb Code     0  startup_mkl25z4.o(.text)
    I2C1_IRQHandler                          0x000003d3   Thumb Code     0  startup_mkl25z4.o(.text)
    LLW_IRQHandler                           0x000003d3   Thumb Code     0  startup_mkl25z4.o(.text)
    LPTimer_IRQHandler                       0x000003d3   Thumb Code     0  startup_mkl25z4.o(.text)
    LVD_LVW_IRQHandler                       0x000003d3   Thumb Code     0  startup_mkl25z4.o(.text)
    MCG_IRQHandler                           0x000003d3   Thumb Code     0  startup_mkl25z4.o(.text)
    PORTD_IRQHandler                         0x000003d3   Thumb Code     0  startup_mkl25z4.o(.text)
    RTC_IRQHandler                           0x000003d3   Thumb Code     0  startup_mkl25z4.o(.text)
    RTC_Seconds_IRQHandler                   0x000003d3   Thumb Code     0  startup_mkl25z4.o(.text)
    Reserved20_IRQHandler                    0x000003d3   Thumb Code     0  startup_mkl25z4.o(.text)
    Reserved39_IRQHandler                    0x000003d3   Thumb Code     0  startup_mkl25z4.o(.text)
    Reserved45_IRQHandler                    0x000003d3   Thumb Code     0  startup_mkl25z4.o(.text)
    SPI0_IRQHandler                          0x000003d3   Thumb Code     0  startup_mkl25z4.o(.text)
    SPI1_IRQHandler                          0x000003d3   Thumb Code     0  startup_mkl25z4.o(.text)
    TPM2_IRQHandler                          0x000003d3   Thumb Code     0  startup_mkl25z4.o(.text)
    TSI0_IRQHandler                          0x000003d3   Thumb Code     0  startup_mkl25z4.o(.text)
    UART0_IRQHandler                         0x000003d3   Thumb Code     0  startup_mkl25z4.o(.text)
    UART1_IRQHandler                         0x000003d3   Thumb Code     0  startup_mkl25z4.o(.text)
    UART2_IRQHandler                         0x000003d3   Thumb Code     0  startup_mkl25z4.o(.text)
    USB0_IRQHandler                          0x000003d3   Thumb Code     0  startup_mkl25z4.o(.text)
    __aeabi_i2f                              0x000003dd   Thumb Code    22  fflti.o(.text)
    __aeabi_ui2f                             0x000003f3   Thumb Code    14  ffltui.o(.text)
    put                                      0x00000411   Thumb Code    22  blinky.o(.text)
    PID_speed_set                            0x00000427   Thumb Code    18  blinky.o(.text)
    PID_servo_set                            0x00000439   Thumb Code    18  blinky.o(.text)
    PID_kernel                               0x0000044b   Thumb Code   106  blinky.o(.text)
    main                                     0x000004b5   Thumb Code  2994  blinky.o(.text)
    _DEBUG_running                           0x00001067   Thumb Code   116  blinky.o(.text)
    PORTA_IRQHandler                         0x000011a1   Thumb Code    80  timers.o(.text)
    Init_PIT1                                0x000011f1   Thumb Code    70  timers.o(.text)
    Start_PIT1                               0x00001237   Thumb Code    14  timers.o(.text)
    Stop_PIT1                                0x00001245   Thumb Code    14  timers.o(.text)
    Init_PIT                                 0x00001253   Thumb Code   108  timers.o(.text)
    Start_PIT                                0x000012bf   Thumb Code    14  timers.o(.text)
    Stop_PIT                                 0x000012cd   Thumb Code    14  timers.o(.text)
    _update_camera                           0x000012db   Thumb Code    66  timers.o(.text)
    PIT_IRQHandler                           0x0000131d   Thumb Code   100  timers.o(.text)
    _update_wheel                            0x00001381   Thumb Code    52  timers.o(.text)
    ADC0_IRQHandler                          0x000013b5   Thumb Code   158  timers.o(.text)
    uart0_init                               0x00001525   Thumb Code   342  uart.o(.text)
    uart0_getchar                            0x0000167b   Thumb Code    20  uart.o(.text)
    uart0_putchar                            0x0000168f   Thumb Code    20  uart.o(.text)
    uart0_putchars                           0x000016a3   Thumb Code    34  uart.o(.text)
    uart0_getchar_present                    0x000016c5   Thumb Code    10  uart.o(.text)
    TPM1_IRQHandler                          0x0000174b   Thumb Code    30  pwm_kit.o(.text)
    TPM0_IRQHandler                          0x00001769   Thumb Code    48  pwm_kit.o(.text)
    Init_PWM_motor                           0x00001799   Thumb Code   120  pwm_kit.o(.text)
    Init_PWM_servo                           0x00001811   Thumb Code   104  pwm_kit.o(.text)
    _compare                                 0x000018cd   Thumb Code    14  kit_chain.o(.text)
    accel_queue_init                         0x000018db   Thumb Code    20  kit_chain.o(.text)
    get_roll                                 0x000018ef   Thumb Code    48  kit_chain.o(.text)
    accel_Q                                  0x0000191f   Thumb Code    60  kit_chain.o(.text)
    translator                               0x0000195b   Thumb Code    34  kit_chain.o(.text)
    dutyCycle                                0x0000197d   Thumb Code    30  kit_chain.o(.text)
    DEBUG_print_track                        0x0000199b   Thumb Code    86  kit_chain.o(.text)
    DEBUG_print_double_camera                0x000019f1   Thumb Code    62  kit_chain.o(.text)
    DEBUG_print_camera                       0x00001a2f   Thumb Code    60  kit_chain.o(.text)
    SINGLE_TRACK_ANY                         0x00001a6b   Thumb Code    88  kit_chain.o(.text)
    DEBUG_print_midpoint                     0x00001ac3   Thumb Code    64  kit_chain.o(.text)
    translator_4                             0x00001b03   Thumb Code    74  kit_chain.o(.text)
    _Mfilter_Camera                          0x00001b4d   Thumb Code   114  kit_chain.o(.text)
    SINGLE_TRACK_SIDE                        0x00001bbf   Thumb Code    52  kit_chain.o(.text)
    SINGLE_TRACK_SIDE_ADV                    0x00001bf3   Thumb Code    60  kit_chain.o(.text)
    _motor_limit                             0x00001c2f   Thumb Code    30  kit_chain.o(.text)
    _servo_limit                             0x00001c4d   Thumb Code    36  kit_chain.o(.text)
    camera_edge_detect                       0x00001c71   Thumb Code    60  kit_chain.o(.text)
    DEBUG_camera_edge_detect                 0x00001cad   Thumb Code    76  kit_chain.o(.text)
    Battery_ind                              0x00001cf9   Thumb Code   310  kit_chain.o(.text)
    i2c_init                                 0x00001e35   Thumb Code    74  i2c.o(.text)
    i2c_start                                0x00001e7f   Thumb Code    26  i2c.o(.text)
    i2c_read_setup                           0x00001e99   Thumb Code   112  i2c.o(.text)
    i2c_repeated_read                        0x00001f09   Thumb Code    82  i2c.o(.text)
    i2c_read_byte                            0x00001f5b   Thumb Code   196  i2c.o(.text)
    i2c_write_byte                           0x0000201f   Thumb Code   124  i2c.o(.text)
    Init_RGB_LEDs                            0x000020a9   Thumb Code   124  leds.o(.text)
    Control_RGB_LEDs                         0x00002125   Thumb Code    70  leds.o(.text)
    init_mma                                 0x0000217d   Thumb Code   108  mma8451.o(.text)
    init_origin_mma                          0x000021e9   Thumb Code    38  mma8451.o(.text)
    read_full_xyz                            0x0000220f   Thumb Code   136  mma8451.o(.text)
    read_xyz                                 0x00002297   Thumb Code    64  mma8451.o(.text)
    convert_xyz_to_roll_pitch                0x000022d7   Thumb Code   260  mma8451.o(.text)
    convert_xyz_to_roll                      0x000023db   Thumb Code   126  mma8451.o(.text)
    SystemInit                               0x0000247d   Thumb Code   168  system_mkl25z4.o(.text)
    SystemCoreClockUpdate                    0x00002525   Thumb Code   322  system_mkl25z4.o(.text)
    __aeabi_uidiv                            0x00002699   Thumb Code     0  uidiv.o(.text)
    __aeabi_uidivmod                         0x00002699   Thumb Code    44  uidiv.o(.text)
    __aeabi_idiv                             0x000026c5   Thumb Code     0  idiv.o(.text)
    __aeabi_idivmod                          0x000026c5   Thumb Code    40  idiv.o(.text)
    qsort                                    0x000026ed   Thumb Code   162  qsort.o(.text)
    __aeabi_fadd                             0x0000278f   Thumb Code   162  fadd.o(.text)
    __aeabi_fsub                             0x00002831   Thumb Code     8  fadd.o(.text)
    __aeabi_frsub                            0x00002839   Thumb Code     8  fadd.o(.text)
    __aeabi_fmul                             0x00002841   Thumb Code   122  fmul.o(.text)
    __aeabi_dmul                             0x000028bd   Thumb Code   202  dmul.o(.text)
    __aeabi_ddiv                             0x0000298d   Thumb Code   234  ddiv.o(.text)
    __aeabi_i2d                              0x00002a7d   Thumb Code    34  dflti.o(.text)
    __aeabi_f2iz                             0x00002aa5   Thumb Code    50  ffixi.o(.text)
    __aeabi_f2d                              0x00002ad7   Thumb Code    40  f2d.o(.text)
    __aeabi_cdrcmple                         0x00002b01   Thumb Code    38  cdrcmple.o(.text)
    __aeabi_d2f                              0x00002b29   Thumb Code    56  d2f.o(.text)
    __aeabi_cfcmpeq                          0x00002b61   Thumb Code     0  cfcmple.o(.text)
    __aeabi_cfcmple                          0x00002b61   Thumb Code    20  cfcmple.o(.text)
    __aeabi_cfrcmple                         0x00002b75   Thumb Code    20  cfrcmple.o(.text)
    __I$use$fp                               0x00002b89   Thumb Code     0  iusefp.o(.text)
    _float_round                             0x00002b89   Thumb Code    16  fepilogue.o(.text)
    _float_epilogue                          0x00002b99   Thumb Code   114  fepilogue.o(.text)
    _double_round                            0x00002c0b   Thumb Code    26  depilogue.o(.text)
    _double_epilogue                         0x00002c25   Thumb Code   164  depilogue.o(.text)
    __aeabi_dadd                             0x00002cc9   Thumb Code   328  dadd.o(.text)
    __aeabi_dsub                             0x00002e11   Thumb Code    12  dadd.o(.text)
    __aeabi_drsub                            0x00002e1d   Thumb Code    12  dadd.o(.text)
    _dsqrt                                   0x00002e2d   Thumb Code   162  dsqrt.o(.text)
    _drnd                                    0x00002ed1   Thumb Code   114  drnd.o(.text)
    _dfix_r                                  0x00002f4d   Thumb Code   168  dfixir.o(.text)
    __aeabi_cdcmpeq                          0x00002ffd   Thumb Code     0  cdcmple.o(.text)
    __aeabi_cdcmple                          0x00002ffd   Thumb Code    38  cdcmple.o(.text)
    __scatterload                            0x00003025   Thumb Code    28  init.o(.text)
    __scatterload_rt2                        0x00003025   Thumb Code     0  init.o(.text)
    __aeabi_llsl                             0x00003049   Thumb Code    32  llshl.o(.text)
    _ll_shift_l                              0x00003049   Thumb Code     0  llshl.o(.text)
    __aeabi_llsr                             0x00003069   Thumb Code    34  llushr.o(.text)
    _ll_ushift_r                             0x00003069   Thumb Code     0  llushr.o(.text)
    __aeabi_lasr                             0x0000308b   Thumb Code    38  llsshr.o(.text)
    _ll_sshift_r                             0x0000308b   Thumb Code     0  llsshr.o(.text)
    __ARM_scalbn                             0x000030b1   Thumb Code    44  dscalb.o(.text)
    scalbn                                   0x000030b1   Thumb Code     0  dscalb.o(.text)
    __ARM_clz                                0x000030dd   Thumb Code    46  depilogue.o(i.__ARM_clz)
    __ARM_common_switch8                     0x0000310b   Thumb Code    28  blinky.o(i.__ARM_common_switch8)
    __ARM_fpclassify                         0x00003129   Thumb Code    40  fpclassify.o(i.__ARM_fpclassify)
    __kernel_poly                            0x00003155   Thumb Code   172  poly.o(i.__kernel_poly)
    __mathlib_dbl_infnan                     0x00003201   Thumb Code    10  dunder.o(i.__mathlib_dbl_infnan)
    __mathlib_dbl_infnan2                    0x0000320b   Thumb Code     8  dunder.o(i.__mathlib_dbl_infnan2)
    __mathlib_dbl_underflow                  0x00003215   Thumb Code    14  dunder.o(i.__mathlib_dbl_underflow)
    __scatterload_copy                       0x00003229   Thumb Code    14  handlers.o(i.__scatterload_copy)
    __scatterload_null                       0x00003237   Thumb Code     2  handlers.o(i.__scatterload_null)
    __scatterload_zeroinit                   0x00003239   Thumb Code    14  handlers.o(i.__scatterload_zeroinit)
    __set_errno                              0x00003249   Thumb Code     6  errno.o(i.__set_errno)
    atan                                     0x00003255   Thumb Code   472  atan.o(i.atan)
    atan2                                    0x00003471   Thumb Code   334  atan2.o(i.atan2)
    lround                                   0x000035e9   Thumb Code   170  lround.o(i.lround)
    sqrt                                     0x000036ad   Thumb Code    66  sqrt.o(i.sqrt)
    __mathlib_zero                           0x00003790   Data           8  qnan.o(.constdata)
    Region$$Table$$Base                      0x00003798   Number         0  anon$$obj.o(Region$$Table)
    Region$$Table$$Limit                     0x000037b8   Number         0  anon$$obj.o(Region$$Table)
    PIT_interrupt_counter                    0x1ffff000   Data           4  timers.o(.data)
    _right_FB                                0x1ffff004   Data           1  timers.o(.data)
    _left_FB                                 0x1ffff005   Data           1  timers.o(.data)
    right_FB                                 0x1ffff006   Data           1  timers.o(.data)
    left_FB                                  0x1ffff007   Data           1  timers.o(.data)
    batter_count                             0x1ffff008   Data           1  timers.o(.data)
    LED_flag                                 0x1ffff009   Data           1  timers.o(.data)
    buffer_index                             0x1ffff00c   Data           4  global_var.o(.data)
    buffer_sel                               0x1ffff010   Data           4  global_var.o(.data)
    buffer_cam                               0x1ffff014   Data           4  global_var.o(.data)
    CLK                                      0x1ffff018   Data           4  global_var.o(.data)
    Camera_DONE                              0x1ffff01c   Data           4  global_var.o(.data)
    ADC_sel                                  0x1ffff020   Data           4  global_var.o(.data)
    left_fb                                  0x1ffff024   Data           4  global_var.o(.data)
    right_fb                                 0x1ffff028   Data           4  global_var.o(.data)
    ADC_FLG                                  0x1ffff02c   Data           2  global_var.o(.data)
    hex                                      0x1ffff02e   Data          16  global_var.o(.data)
    left_PW                                  0x1ffff040   Data           4  global_var.o(.data)
    right_PW                                 0x1ffff044   Data           4  global_var.o(.data)
    servo_PW                                 0x1ffff048   Data           4  global_var.o(.data)
    FB1_sum                                  0x1ffff04c   Data           4  global_var.o(.data)
    FB2_sum                                  0x1ffff050   Data           4  global_var.o(.data)
    PW_chars                                 0x1ffff054   Data           4  global_var.o(.data)
    POT_COUNT_DOWN                           0x1ffff058   Data           4  global_var.o(.data)
    dummy_time                               0x1ffff05c   Data           4  global_var.o(.data)
    current_roll                             0x1ffff060   Data           1  kit_chain.o(.data)
    accel_queue                              0x1ffff061   Data           5  kit_chain.o(.data)
    accel_queue_index                        0x1ffff066   Data           1  kit_chain.o(.data)
    left_camera_last                         0x1ffff067   Data           1  kit_chain.o(.data)
    right_camera_last                        0x1ffff068   Data           1  kit_chain.o(.data)
    acc_X                                    0x1ffff06c   Data           2  mma8451.o(.data)
    acc_Y                                    0x1ffff06e   Data           2  mma8451.o(.data)
    acc_Z                                    0x1ffff070   Data           2  mma8451.o(.data)
    roll                                     0x1ffff074   Data           4  mma8451.o(.data)
    pitch                                    0x1ffff078   Data           4  mma8451.o(.data)
    SystemCoreClock                          0x1ffff07c   Data           4  system_mkl25z4.o(.data)
    PID_servo                                0x1ffff084   Data          28  blinky.o(.bss)
    PID_speed_L                              0x1ffff0a0   Data          28  blinky.o(.bss)
    PID_speed_R                              0x1ffff0bc   Data          28  blinky.o(.bss)
    buffer                                   0x1ffff0d8   Data         512  global_var.o(.bss)
    _camera_buffer                           0x1ffff2d8   Data         128  kit_chain.o(.bss)
    __initial_sp                             0x1ffff758   Data           0  startup_mkl25z4.o(STACK)



==============================================================================

Memory Map of the image

  Image Entry point : 0x000003c1

  Load Region LR_1 (Base: 0x00000000, Size: 0x0000383c, Max: 0xffffffff, ABSOLUTE)

    Execution Region ER_RO (Base: 0x00000000, Size: 0x000037b8, Max: 0xffffffff, ABSOLUTE)

    Base Addr    Size         Type   Attr      Idx    E Section Name        Object

    0x00000000   0x000000c0   Data   RO          431    RESET               startup_mkl25z4.o
    0x000000c0   0x00000000   Code   RO          485  * .ARM.Collect$$$$00000000  mc_p.l(entry.o)
    0x000000c0   0x00000004   Code   RO          545    .ARM.Collect$$$$00000001  mc_p.l(entry2.o)
    0x000000c4   0x00000004   Code   RO          548    .ARM.Collect$$$$00000004  mc_p.l(entry5.o)
    0x000000c8   0x00000000   Code   RO          550    .ARM.Collect$$$$00000008  mc_p.l(entry7b.o)
    0x000000c8   0x00000000   Code   RO          552    .ARM.Collect$$$$0000000A  mc_p.l(entry8b.o)
    0x000000c8   0x00000008   Code   RO          553    .ARM.Collect$$$$0000000B  mc_p.l(entry9a.o)
    0x000000d0   0x00000000   Code   RO          555    .ARM.Collect$$$$0000000D  mc_p.l(entry10a.o)
    0x000000d0   0x00000000   Code   RO          557    .ARM.Collect$$$$0000000F  mc_p.l(entry11a.o)
    0x000000d0   0x00000004   Code   RO          546    .ARM.Collect$$$$00002712  mc_p.l(entry2.o)
    0x000000d4   0x00000054   Code   RO            3    .text               adc0.o
    0x00000128   0x0000019c   Code   RO           51    .text               adc16.o
    0x000002c4   0x000000e0   Code   RO          231    .text               adc_kit.o
    0x000003a4   0x0000001c   Code   RO          332    .text               delay.o
    0x000003c0   0x0000001c   Code   RO          433  * .text               startup_mkl25z4.o
    0x000003dc   0x00000016   Code   RO          502    .text               mf_p.l(fflti.o)
    0x000003f2   0x0000000e   Code   RO          504    .text               mf_p.l(ffltui.o)
    0x00000400   0x00000010   Code   RO          432    .ARM.__at_0x400     startup_mkl25z4.o
    0x00000410   0x00000d90   Code   RO           71    .text               blinky.o
    0x000011a0   0x00000384   Code   RO          152    .text               timers.o
    0x00001524   0x000001b8   Code   RO          185    .text               uart.o
    0x000016dc   0x000001f0   Code   RO          255    .text               pwm_kit.o
    0x000018cc   0x00000568   Code   RO          278    .text               kit_chain.o
    0x00001e34   0x00000274   Code   RO          352    .text               i2c.o
    0x000020a8   0x000000d4   Code   RO          375    .text               leds.o
    0x0000217c   0x00000300   Code   RO          401    .text               mma8451.o
    0x0000247c   0x0000021c   Code   RO          441    .text               system_mkl25z4.o
    0x00002698   0x0000002c   Code   RO          488    .text               mc_p.l(uidiv.o)
    0x000026c4   0x00000028   Code   RO          490    .text               mc_p.l(idiv.o)
    0x000026ec   0x000000a2   Code   RO          492    .text               mc_p.l(qsort.o)
    0x0000278e   0x000000b2   Code   RO          494    .text               mf_p.l(fadd.o)
    0x00002840   0x0000007a   Code   RO          496    .text               mf_p.l(fmul.o)
    0x000028ba   0x00000002   PAD
    0x000028bc   0x000000d0   Code   RO          498    .text               mf_p.l(dmul.o)
    0x0000298c   0x000000f0   Code   RO          500    .text               mf_p.l(ddiv.o)
    0x00002a7c   0x00000028   Code   RO          506    .text               mf_p.l(dflti.o)
    0x00002aa4   0x00000032   Code   RO          508    .text               mf_p.l(ffixi.o)
    0x00002ad6   0x00000028   Code   RO          510    .text               mf_p.l(f2d.o)
    0x00002afe   0x00000002   PAD
    0x00002b00   0x00000028   Code   RO          512    .text               mf_p.l(cdrcmple.o)
    0x00002b28   0x00000038   Code   RO          514    .text               mf_p.l(d2f.o)
    0x00002b60   0x00000014   Code   RO          516    .text               mf_p.l(cfcmple.o)
    0x00002b74   0x00000014   Code   RO          518    .text               mf_p.l(cfrcmple.o)
    0x00002b88   0x00000000   Code   RO          566    .text               mc_p.l(iusefp.o)
    0x00002b88   0x00000082   Code   RO          567    .text               mf_p.l(fepilogue.o)
    0x00002c0a   0x000000be   Code   RO          569    .text               mf_p.l(depilogue.o)
    0x00002cc8   0x00000164   Code   RO          573    .text               mf_p.l(dadd.o)
    0x00002e2c   0x000000a2   Code   RO          575    .text               mf_p.l(dsqrt.o)
    0x00002ece   0x00000002   PAD
    0x00002ed0   0x0000007c   Code   RO          577    .text               mf_p.l(drnd.o)
    0x00002f4c   0x000000b0   Code   RO          579    .text               mf_p.l(dfixir.o)
    0x00002ffc   0x00000028   Code   RO          581    .text               mf_p.l(cdcmple.o)
    0x00003024   0x00000024   Code   RO          587    .text               mc_p.l(init.o)
    0x00003048   0x00000020   Code   RO          589    .text               mc_p.l(llshl.o)
    0x00003068   0x00000022   Code   RO          591    .text               mc_p.l(llushr.o)
    0x0000308a   0x00000026   Code   RO          593    .text               mc_p.l(llsshr.o)
    0x000030b0   0x0000002c   Code   RO          595    .text               mf_p.l(dscalb.o)
    0x000030dc   0x0000002e   Code   RO          571    i.__ARM_clz         mf_p.l(depilogue.o)
    0x0000310a   0x0000001c   Code   RO           90    i.__ARM_common_switch8  blinky.o
    0x00003126   0x00000002   PAD
    0x00003128   0x0000002c   Code   RO          583    i.__ARM_fpclassify  m_ps.l(fpclassify.o)
    0x00003154   0x000000ac   Code   RO          585    i.__kernel_poly     m_ps.l(poly.o)
    0x00003200   0x0000000a   Code   RO          531    i.__mathlib_dbl_infnan  m_ps.l(dunder.o)
    0x0000320a   0x00000008   Code   RO          532    i.__mathlib_dbl_infnan2  m_ps.l(dunder.o)
    0x00003212   0x00000002   PAD
    0x00003214   0x00000014   Code   RO          536    i.__mathlib_dbl_underflow  m_ps.l(dunder.o)
    0x00003228   0x0000000e   Code   RO          599    i.__scatterload_copy  mc_p.l(handlers.o)
    0x00003236   0x00000002   Code   RO          600    i.__scatterload_null  mc_p.l(handlers.o)
    0x00003238   0x0000000e   Code   RO          601    i.__scatterload_zeroinit  mc_p.l(handlers.o)
    0x00003246   0x00000002   PAD
    0x00003248   0x0000000c   Code   RO          561    i.__set_errno       mc_p.l(errno.o)
    0x00003254   0x0000021c   Code   RO          521    i.atan              m_ps.l(atan.o)
    0x00003470   0x00000178   Code   RO          466    i.atan2             m_ps.l(atan2.o)
    0x000035e8   0x000000c4   Code   RO          481    i.lround            m_ps.l(lround.o)
    0x000036ac   0x00000048   Code   RO          474    i.sqrt              m_ps.l(sqrt.o)
    0x000036f4   0x00000004   PAD
    0x000036f8   0x00000098   Data   RO          522    .constdata          m_ps.l(atan.o)
    0x00003790   0x00000008   Data   RO          544    .constdata          m_ps.l(qnan.o)
    0x00003798   0x00000020   Data   RO          597    Region$$Table       anon$$obj.o


    Execution Region ER_RW (Base: 0x1ffff000, Size: 0x00000084, Max: 0xffffffff, ABSOLUTE)

    Base Addr    Size         Type   Attr      Idx    E Section Name        Object

    0x1ffff000   0x0000000a   Data   RW          153    .data               timers.o
    0x1ffff00a   0x00000002   PAD
    0x1ffff00c   0x00000054   Data   RW          210    .data               global_var.o
    0x1ffff060   0x00000009   Data   RW          280    .data               kit_chain.o
    0x1ffff069   0x00000003   PAD
    0x1ffff06c   0x00000010   Data   RW          402    .data               mma8451.o
    0x1ffff07c   0x00000004   Data   RW          442    .data               system_mkl25z4.o
    0x1ffff080   0x00000004   Data   RW          562    .data               mc_p.l(errno.o)


    Execution Region ER_ZI (Base: 0x1ffff084, Size: 0x000006d4, Max: 0xffffffff, ABSOLUTE)

    Base Addr    Size         Type   Attr      Idx    E Section Name        Object

    0x1ffff084   0x00000054   Zero   RW           72    .bss                blinky.o
    0x1ffff0d8   0x00000200   Zero   RW          208    .bss                global_var.o
    0x1ffff2d8   0x00000080   Zero   RW          279    .bss                kit_chain.o
    0x1ffff358   0x00000400   Zero   RW          429    STACK               startup_mkl25z4.o


==============================================================================

Image component sizes


      Code (inc. data)   RO Data    RW Data    ZI Data      Debug   Object Name

        84         14          0          0          0     100440   adc0.o
       412          6          0          0          0       1262   adc16.o
       224         16          0          0          0        952   adc_kit.o
      3500        324          0          0         84     103344   blinky.o
        28          4          0          0          0        684   delay.o
         0          0          0         84        512       1383   global_var.o
       628         14          0          0          0       1503   i2c.o
      1384         54          0          9        128       6329   kit_chain.o
       212         18          0          0          0        709   leds.o
       768         36          0         16          0       1747   mma8451.o
       496         56          0          0          0       7080   pwm_kit.o
        44         24        192          0       1024        776   startup_mkl25z4.o
       540         60          0          4          0       1157   system_mkl25z4.o
       900         86          0         10          0       9036   timers.o
       440         14          0          0          0       1786   uart.o

    ----------------------------------------------------------------------
      9662        726        224        128       1748     238188   Object Totals
         0          0         32          0          0          0   (incl. Generated)
         2          0          0          5          0          0   (incl. Padding)

    ----------------------------------------------------------------------

      Code (inc. data)   RO Data    RW Data    ZI Data      Debug   Library Member Name

       540         68        152          0          0        112   atan.o
       376         42          0          0          0        144   atan2.o
        38          6          0          0          0        204   dunder.o
        44          4          0          0          0         60   fpclassify.o
       196         26          0          0          0         84   lround.o
       172          0          0          0          0         76   poly.o
         0          0          8          0          0          0   qnan.o
        72          6          0          0          0         76   sqrt.o
         0          0          0          0          0          0   entry.o
         0          0          0          0          0          0   entry10a.o
         0          0          0          0          0          0   entry11a.o
         8          4          0          0          0          0   entry2.o
         4          0          0          0          0          0   entry5.o
         0          0          0          0          0          0   entry7b.o
         0          0          0          0          0          0   entry8b.o
         8          4          0          0          0          0   entry9a.o
        12          6          0          4          0         60   errno.o
        30          0          0          0          0          0   handlers.o
        40          0          0          0          0         72   idiv.o
        36          8          0          0          0         68   init.o
         0          0          0          0          0          0   iusefp.o
        32          0          0          0          0         68   llshl.o
        38          0          0          0          0         68   llsshr.o
        34          0          0          0          0         68   llushr.o
       162          0          0          0          0         80   qsort.o
        44          0          0          0          0         72   uidiv.o
        40          2          0          0          0         68   cdcmple.o
        40          2          0          0          0         68   cdrcmple.o
        20          0          0          0          0         68   cfcmple.o
        20          0          0          0          0         68   cfrcmple.o
        56          0          0          0          0         68   d2f.o
       356          4          0          0          0        140   dadd.o
       240          6          0          0          0         84   ddiv.o
       236          0          0          0          0        216   depilogue.o
       176          8          0          0          0         76   dfixir.o
        40          6          0          0          0         68   dflti.o
       208          6          0          0          0         88   dmul.o
       124         10          0          0          0         76   drnd.o
        44          0          0          0          0         72   dscalb.o
       162          0          0          0          0         80   dsqrt.o
        40          0          0          0          0         60   f2d.o
       178          0          0          0          0        108   fadd.o
       130          0          0          0          0        144   fepilogue.o
        50          0          0          0          0         60   ffixi.o
        22          0          0          0          0         68   fflti.o
        14          0          0          0          0         68   ffltui.o
       122          0          0          0          0         72   fmul.o

    ----------------------------------------------------------------------
      4218        222        160          4          0       3132   Library Totals
        14          4          0          0          0          0   (incl. Padding)

    ----------------------------------------------------------------------

      Code (inc. data)   RO Data    RW Data    ZI Data      Debug   Library Name

      1438        152        160          0          0        756   m_ps.l
       448         22          0          4          0        556   mc_p.l
      2318         44          0          0          0       1820   mf_p.l

    ----------------------------------------------------------------------
      4218        222        160          4          0       3132   Library Totals

    ----------------------------------------------------------------------

==============================================================================


      Code (inc. data)   RO Data    RW Data    ZI Data      Debug   

     13880        948        384        132       1748     238888   Grand Totals
     13880        948        384        132       1748     238888   ELF Image Totals
     13880        948        384        132          0          0   ROM Totals

==============================================================================

    Total RO  Size (Code + RO Data)                14264 (  13.93kB)
    Total RW  Size (RW Data + ZI Data)              1880 (   1.84kB)
    Total ROM Size (Code + RO Data + RW Data)      14396 (  14.06kB)

==============================================================================

