Component: ARM Compiler 5.05 (build 41) Tool: armlink [4d0eb9]

==============================================================================

Section Cross References

    adc0.o(.text) refers to adc16.o(.text) for ADC_Config_Alt
    blinky.o(.text) refers to adc0.o(.text) for init_ADC0
    blinky.o(.text) refers to idiv.o(.text) for __aeabi_idivmod
    blinky.o(.text) refers to uart.o(.text) for uart0_putchar
    blinky.o(.text) refers to memcpya.o(.text) for __aeabi_memcpy4
    blinky.o(.text) refers to timers.o(.text) for Init_PIT
    blinky.o(.text) refers to dflti.o(.text) for __aeabi_i2d
    blinky.o(.text) refers to blinky.o(.data) for PW1
    blinky.o(.text) refers to timers.o(.data) for DONE
    blinky.o(.text) refers to timers.o(.bss) for buffer
    blinky.o(.text) refers to ddiv.o(.text) for __aeabi_ddiv
    blinky.o(.text) refers to dfixi.o(.text) for __aeabi_d2iz
    timers.o(.text) refers to adc0.o(.text) for init_ADC0
    timers.o(.text) refers to timers.o(.data) for ADC_sel
    timers.o(.text) refers to timers.o(.bss) for buffer
    timers.o(.text) refers to timers.o(.constdata) for led_mask
    timers.o(.text) refers to blinky.o(.data) for original_CFG2
    uart.o(.text) refers to uidiv.o(.text) for __aeabi_uidivmod
    startup_mkl25z4.o(RESET) refers to startup_mkl25z4.o(STACK) for __initial_sp
    startup_mkl25z4.o(RESET) refers to startup_mkl25z4.o(.text) for Reset_Handler
    startup_mkl25z4.o(RESET) refers to timers.o(.text) for ADC0_IRQHandler
    startup_mkl25z4.o(RESET) refers to blinky.o(.text) for TPM0_IRQHandler
    startup_mkl25z4.o(.text) refers to system_mkl25z4.o(.text) for SystemInit
    startup_mkl25z4.o(.text) refers to entry.o(.ARM.Collect$$$$00000000) for __main
    system_mkl25z4.o(.text) refers to uidiv.o(.text) for __aeabi_uidivmod
    system_mkl25z4.o(.text) refers to system_mkl25z4.o(i.__ARM_common_switch8) for __ARM_common_switch8
    system_mkl25z4.o(.text) refers to system_mkl25z4.o(.data) for SystemCoreClock
    entry.o(.ARM.Collect$$$$00000000) refers (Special) to entry10a.o(.ARM.Collect$$$$0000000D) for __rt_final_cpp
    entry.o(.ARM.Collect$$$$00000000) refers (Special) to entry11a.o(.ARM.Collect$$$$0000000F) for __rt_final_exit
    entry.o(.ARM.Collect$$$$00000000) refers (Special) to entry7b.o(.ARM.Collect$$$$00000008) for _main_clock
    entry.o(.ARM.Collect$$$$00000000) refers (Special) to entry8b.o(.ARM.Collect$$$$0000000A) for _main_cpp_init
    entry.o(.ARM.Collect$$$$00000000) refers (Special) to entry9a.o(.ARM.Collect$$$$0000000B) for _main_init
    entry.o(.ARM.Collect$$$$00000000) refers (Special) to entry5.o(.ARM.Collect$$$$00000004) for _main_scatterload
    entry.o(.ARM.Collect$$$$00000000) refers (Special) to entry2.o(.ARM.Collect$$$$00000001) for _main_stk
    idiv.o(.text) refers to uidiv.o(.text) for __aeabi_uidivmod
    ddiv.o(.text) refers (Special) to iusefp.o(.text) for __I$use$fp
    ddiv.o(.text) refers to depilogue.o(.text) for _double_round
    dflti.o(.text) refers (Special) to iusefp.o(.text) for __I$use$fp
    dflti.o(.text) refers to depilogue.o(.text) for _double_epilogue
    dfixi.o(.text) refers (Special) to iusefp.o(.text) for __I$use$fp
    dfixi.o(.text) refers to llushr.o(.text) for __aeabi_llsr
    entry2.o(.ARM.Collect$$$$00000001) refers to entry2.o(.ARM.Collect$$$$00002712) for __lit__00000000
    entry2.o(.ARM.Collect$$$$00002712) refers to startup_mkl25z4.o(STACK) for __initial_sp
    entry2.o(__vectab_stack_and_reset_area) refers to startup_mkl25z4.o(STACK) for __initial_sp
    entry2.o(__vectab_stack_and_reset_area) refers to entry.o(.ARM.Collect$$$$00000000) for __main
    entry5.o(.ARM.Collect$$$$00000004) refers to init.o(.text) for __scatterload
    entry9a.o(.ARM.Collect$$$$0000000B) refers to blinky.o(.text) for main
    entry9b.o(.ARM.Collect$$$$0000000C) refers to blinky.o(.text) for main
    depilogue.o(.text) refers to depilogue.o(i.__ARM_clz) for __ARM_clz
    depilogue.o(.text) refers to llshl.o(.text) for __aeabi_llsl
    depilogue.o(.text) refers to llushr.o(.text) for __aeabi_llsr
    init.o(.text) refers to entry5.o(.ARM.Collect$$$$00000004) for __main_after_scatterload


==============================================================================

Removing Unused input sections from the image.

    Removing adc0.o(.rev16_text), (4 bytes).
    Removing adc0.o(.revsh_text), (4 bytes).
    Removing adc16.o(.rev16_text), (4 bytes).
    Removing adc16.o(.revsh_text), (4 bytes).
    Removing blinky.o(.rev16_text), (4 bytes).
    Removing blinky.o(.revsh_text), (4 bytes).
    Removing timers.o(.rev16_text), (4 bytes).
    Removing timers.o(.revsh_text), (4 bytes).
    Removing uart.o(.rev16_text), (4 bytes).
    Removing uart.o(.revsh_text), (4 bytes).
    Removing startup_mkl25z4.o(HEAP), (0 bytes).
    Removing system_mkl25z4.o(.rev16_text), (4 bytes).
    Removing system_mkl25z4.o(.revsh_text), (4 bytes).

13 unused section(s) (total 48 bytes) removed from the image.

==============================================================================

Image Symbol Table

    Local Symbols

    Symbol Name                              Value     Ov Type        Size  Object(Section)

    RESET                                    0x00000000   Section      192  startup_mkl25z4.o(RESET)
    ../clib/microlib/division.c              0x00000000   Number         0  idiv.o ABSOLUTE
    ../clib/microlib/division.c              0x00000000   Number         0  uidiv.o ABSOLUTE
    ../clib/microlib/init/entry.s            0x00000000   Number         0  entry8b.o ABSOLUTE
    ../clib/microlib/init/entry.s            0x00000000   Number         0  entry8a.o ABSOLUTE
    ../clib/microlib/init/entry.s            0x00000000   Number         0  entry11a.o ABSOLUTE
    ../clib/microlib/init/entry.s            0x00000000   Number         0  entry11b.o ABSOLUTE
    ../clib/microlib/init/entry.s            0x00000000   Number         0  entry10b.o ABSOLUTE
    ../clib/microlib/init/entry.s            0x00000000   Number         0  entry7a.o ABSOLUTE
    ../clib/microlib/init/entry.s            0x00000000   Number         0  entry10a.o ABSOLUTE
    ../clib/microlib/init/entry.s            0x00000000   Number         0  entry5.o ABSOLUTE
    ../clib/microlib/init/entry.s            0x00000000   Number         0  entry9b.o ABSOLUTE
    ../clib/microlib/init/entry.s            0x00000000   Number         0  entry.o ABSOLUTE
    ../clib/microlib/init/entry.s            0x00000000   Number         0  entry7b.o ABSOLUTE
    ../clib/microlib/init/entry.s            0x00000000   Number         0  entry2.o ABSOLUTE
    ../clib/microlib/init/entry.s            0x00000000   Number         0  entry9a.o ABSOLUTE
    ../clib/microlib/longlong.c              0x00000000   Number         0  llushr.o ABSOLUTE
    ../clib/microlib/longlong.c              0x00000000   Number         0  llshl.o ABSOLUTE
    ../clib/microlib/string/memcpy.c         0x00000000   Number         0  memcpyb.o ABSOLUTE
    ../clib/microlib/string/memcpy.c         0x00000000   Number         0  memcpya.o ABSOLUTE
    ../clib/microlib/stubs.s                 0x00000000   Number         0  iusefp.o ABSOLUTE
    ../fplib/microlib/fpdiv.c                0x00000000   Number         0  ddiv.o ABSOLUTE
    ../fplib/microlib/fpepilogue.c           0x00000000   Number         0  depilogue.o ABSOLUTE
    ../fplib/microlib/fpfix.c                0x00000000   Number         0  dfixi.o ABSOLUTE
    ../fplib/microlib/fpflt.c                0x00000000   Number         0  dflti.o ABSOLUTE
    Blinky.c                                 0x00000000   Number         0  blinky.o ABSOLUTE
    Blinky.c                                 0x00000000   Number         0  blinky.o ABSOLUTE
    RTE\Device\MKL25Z128xxx4\startup_MKL25Z4.s 0x00000000   Number         0  startup_mkl25z4.o ABSOLUTE
    RTE\Device\MKL25Z128xxx4\system_MKL25Z4.c 0x00000000   Number         0  system_mkl25z4.o ABSOLUTE
    RTE\\Device\\MKL25Z128xxx4\\system_MKL25Z4.c 0x00000000   Number         0  system_mkl25z4.o ABSOLUTE
    adc0.c                                   0x00000000   Number         0  adc0.o ABSOLUTE
    adc0.c                                   0x00000000   Number         0  adc0.o ABSOLUTE
    adc16.c                                  0x00000000   Number         0  adc16.o ABSOLUTE
    adc16.c                                  0x00000000   Number         0  adc16.o ABSOLUTE
    dc.s                                     0x00000000   Number         0  dc.o ABSOLUTE
    handlers.s                               0x00000000   Number         0  handlers.o ABSOLUTE
    init.s                                   0x00000000   Number         0  init.o ABSOLUTE
    timers.c                                 0x00000000   Number         0  timers.o ABSOLUTE
    timers.c                                 0x00000000   Number         0  timers.o ABSOLUTE
    uart.c                                   0x00000000   Number         0  uart.o ABSOLUTE
    uart.c                                   0x00000000   Number         0  uart.o ABSOLUTE
    .ARM.Collect$$$$00000000                 0x000000c0   Section        0  entry.o(.ARM.Collect$$$$00000000)
    .ARM.Collect$$$$00000001                 0x000000c0   Section        4  entry2.o(.ARM.Collect$$$$00000001)
    .ARM.Collect$$$$00000004                 0x000000c4   Section        4  entry5.o(.ARM.Collect$$$$00000004)
    .ARM.Collect$$$$00000008                 0x000000c8   Section        0  entry7b.o(.ARM.Collect$$$$00000008)
    .ARM.Collect$$$$0000000A                 0x000000c8   Section        0  entry8b.o(.ARM.Collect$$$$0000000A)
    .ARM.Collect$$$$0000000B                 0x000000c8   Section        8  entry9a.o(.ARM.Collect$$$$0000000B)
    .ARM.Collect$$$$0000000D                 0x000000d0   Section        0  entry10a.o(.ARM.Collect$$$$0000000D)
    .ARM.Collect$$$$0000000F                 0x000000d0   Section        0  entry11a.o(.ARM.Collect$$$$0000000F)
    .ARM.Collect$$$$00002712                 0x000000d0   Section        4  entry2.o(.ARM.Collect$$$$00002712)
    __lit__00000000                          0x000000d0   Data           4  entry2.o(.ARM.Collect$$$$00002712)
    .text                                    0x000000d4   Section        0  adc0.o(.text)
    .text                                    0x00000128   Section        0  adc16.o(.text)
    .text                                    0x000002c4   Section       28  startup_mkl25z4.o(.text)
    .text                                    0x000002e0   Section        0  uidiv.o(.text)
    .text                                    0x0000030c   Section        0  idiv.o(.text)
    .text                                    0x00000334   Section        0  memcpya.o(.text)
    .text                                    0x00000358   Section        0  dflti.o(.text)
    .text                                    0x00000380   Section        0  dfixi.o(.text)
    .text                                    0x000003c8   Section        0  llushr.o(.text)
    .text                                    0x000003ea   Section        0  iusefp.o(.text)
    i.__scatterload_copy                     0x000003ea   Section       14  handlers.o(i.__scatterload_copy)
    i.__scatterload_null                     0x000003f8   Section        2  handlers.o(i.__scatterload_null)
    .ARM.__at_0x400                          0x00000400   Section       16  startup_mkl25z4.o(.ARM.__at_0x400)
    .text                                    0x00000410   Section        0  blinky.o(.text)
    NVIC_ClearPendingIRQ                     0x00000b29   Thumb Code    14  blinky.o(.text)
    NVIC_SetPriority                         0x00000b37   Thumb Code   110  blinky.o(.text)
    .text                                    0x00000c60   Section        0  timers.o(.text)
    NVIC_SetPriority                         0x00000c61   Thumb Code   110  timers.o(.text)
    NVIC_EnableIRQ                           0x00000fd3   Thumb Code    14  timers.o(.text)
    NVIC_ClearPendingIRQ                     0x00000fe1   Thumb Code    14  timers.o(.text)
    .text                                    0x00001050   Section        0  uart.o(.text)
    .text                                    0x00001208   Section        0  system_mkl25z4.o(.text)
    .text                                    0x00001424   Section        0  ddiv.o(.text)
    .text                                    0x00001514   Section        0  depilogue.o(.text)
    .text                                    0x000015d4   Section       36  init.o(.text)
    .text                                    0x000015f8   Section        0  llshl.o(.text)
    i.__ARM_clz                              0x00001618   Section        0  depilogue.o(i.__ARM_clz)
    i.__ARM_common_switch8                   0x00001646   Section        0  system_mkl25z4.o(i.__ARM_common_switch8)
    i.__scatterload_zeroinit                 0x00001662   Section       14  handlers.o(i.__scatterload_zeroinit)
    .constdata                               0x00001670   Section       24  timers.o(.constdata)
    .data                                    0x1ffff000   Section       40  blinky.o(.data)
    .data                                    0x1ffff028   Section       42  timers.o(.data)
    .data                                    0x1ffff054   Section        4  system_mkl25z4.o(.data)
    .bss                                     0x1ffff058   Section      512  timers.o(.bss)
    STACK                                    0x1ffff258   Section     1024  startup_mkl25z4.o(STACK)

    Global Symbols

    Symbol Name                              Value     Ov Type        Size  Object(Section)

    BuildAttributes$$THM_ISAv3M$S$PE$A:L22$X:L11$S22$IEEE1$IW$USESV6$~STKCKD$USESV7$~SHL$OSPACE$ROPI$EBA8$MICROLIB$REQ8$PRES8$EABIv2 0x00000000   Number         0  anon$$obj.o ABSOLUTE
    __ARM_use_no_argv                        0x00000000   Number         0  blinky.o ABSOLUTE
    __Vectors                                0x00000000   Data           4  startup_mkl25z4.o(RESET)
    __cpp_initialize__aeabi_                  - Undefined Weak Reference
    __cxa_finalize                            - Undefined Weak Reference
    __decompress                              - Undefined Weak Reference
    _clock_init                               - Undefined Weak Reference
    _microlib_exit                            - Undefined Weak Reference
    __Vectors_End                            0x000000c0   Data           0  startup_mkl25z4.o(RESET)
    __Vectors_Size                           0x000000c0   Number         0  startup_mkl25z4.o ABSOLUTE
    __main                                   0x000000c1   Thumb Code     0  entry.o(.ARM.Collect$$$$00000000)
    _main_stk                                0x000000c1   Thumb Code     0  entry2.o(.ARM.Collect$$$$00000001)
    _main_scatterload                        0x000000c5   Thumb Code     0  entry5.o(.ARM.Collect$$$$00000004)
    __main_after_scatterload                 0x000000c9   Thumb Code     0  entry5.o(.ARM.Collect$$$$00000004)
    _main_clock                              0x000000c9   Thumb Code     0  entry7b.o(.ARM.Collect$$$$00000008)
    _main_cpp_init                           0x000000c9   Thumb Code     0  entry8b.o(.ARM.Collect$$$$0000000A)
    _main_init                               0x000000c9   Thumb Code     0  entry9a.o(.ARM.Collect$$$$0000000B)
    __rt_final_cpp                           0x000000d1   Thumb Code     0  entry10a.o(.ARM.Collect$$$$0000000D)
    __rt_final_exit                          0x000000d1   Thumb Code     0  entry11a.o(.ARM.Collect$$$$0000000F)
    init_ADC0                                0x000000d5   Thumb Code    70  adc0.o(.text)
    ADC_Cal                                  0x00000129   Thumb Code   244  adc16.o(.text)
    ADC_Config_Alt                           0x0000021d   Thumb Code    36  adc16.o(.text)
    ADC_Read_Cal                             0x00000241   Thumb Code   126  adc16.o(.text)
    Reset_Handler                            0x000002c5   Thumb Code     8  startup_mkl25z4.o(.text)
    NMI_Handler                              0x000002cd   Thumb Code     2  startup_mkl25z4.o(.text)
    HardFault_Handler                        0x000002cf   Thumb Code     2  startup_mkl25z4.o(.text)
    SVC_Handler                              0x000002d1   Thumb Code     2  startup_mkl25z4.o(.text)
    PendSV_Handler                           0x000002d3   Thumb Code     2  startup_mkl25z4.o(.text)
    SysTick_Handler                          0x000002d5   Thumb Code     2  startup_mkl25z4.o(.text)
    CMP0_IRQHandler                          0x000002d7   Thumb Code     0  startup_mkl25z4.o(.text)
    DAC0_IRQHandler                          0x000002d7   Thumb Code     0  startup_mkl25z4.o(.text)
    DMA0_IRQHandler                          0x000002d7   Thumb Code     0  startup_mkl25z4.o(.text)
    DMA1_IRQHandler                          0x000002d7   Thumb Code     0  startup_mkl25z4.o(.text)
    DMA2_IRQHandler                          0x000002d7   Thumb Code     0  startup_mkl25z4.o(.text)
    DMA3_IRQHandler                          0x000002d7   Thumb Code     0  startup_mkl25z4.o(.text)
    DefaultISR                               0x000002d7   Thumb Code     0  startup_mkl25z4.o(.text)
    FTFA_IRQHandler                          0x000002d7   Thumb Code     0  startup_mkl25z4.o(.text)
    I2C0_IRQHandler                          0x000002d7   Thumb Code     0  startup_mkl25z4.o(.text)
    I2C1_IRQHandler                          0x000002d7   Thumb Code     0  startup_mkl25z4.o(.text)
    LLW_IRQHandler                           0x000002d7   Thumb Code     0  startup_mkl25z4.o(.text)
    LPTimer_IRQHandler                       0x000002d7   Thumb Code     0  startup_mkl25z4.o(.text)
    LVD_LVW_IRQHandler                       0x000002d7   Thumb Code     0  startup_mkl25z4.o(.text)
    MCG_IRQHandler                           0x000002d7   Thumb Code     0  startup_mkl25z4.o(.text)
    PORTA_IRQHandler                         0x000002d7   Thumb Code     0  startup_mkl25z4.o(.text)
    PORTD_IRQHandler                         0x000002d7   Thumb Code     0  startup_mkl25z4.o(.text)
    RTC_IRQHandler                           0x000002d7   Thumb Code     0  startup_mkl25z4.o(.text)
    RTC_Seconds_IRQHandler                   0x000002d7   Thumb Code     0  startup_mkl25z4.o(.text)
    Reserved20_IRQHandler                    0x000002d7   Thumb Code     0  startup_mkl25z4.o(.text)
    Reserved39_IRQHandler                    0x000002d7   Thumb Code     0  startup_mkl25z4.o(.text)
    Reserved45_IRQHandler                    0x000002d7   Thumb Code     0  startup_mkl25z4.o(.text)
    SPI0_IRQHandler                          0x000002d7   Thumb Code     0  startup_mkl25z4.o(.text)
    SPI1_IRQHandler                          0x000002d7   Thumb Code     0  startup_mkl25z4.o(.text)
    TPM1_IRQHandler                          0x000002d7   Thumb Code     0  startup_mkl25z4.o(.text)
    TPM2_IRQHandler                          0x000002d7   Thumb Code     0  startup_mkl25z4.o(.text)
    TSI0_IRQHandler                          0x000002d7   Thumb Code     0  startup_mkl25z4.o(.text)
    UART0_IRQHandler                         0x000002d7   Thumb Code     0  startup_mkl25z4.o(.text)
    UART1_IRQHandler                         0x000002d7   Thumb Code     0  startup_mkl25z4.o(.text)
    UART2_IRQHandler                         0x000002d7   Thumb Code     0  startup_mkl25z4.o(.text)
    USB0_IRQHandler                          0x000002d7   Thumb Code     0  startup_mkl25z4.o(.text)
    __aeabi_uidiv                            0x000002e1   Thumb Code     0  uidiv.o(.text)
    __aeabi_uidivmod                         0x000002e1   Thumb Code    44  uidiv.o(.text)
    __aeabi_idiv                             0x0000030d   Thumb Code     0  idiv.o(.text)
    __aeabi_idivmod                          0x0000030d   Thumb Code    40  idiv.o(.text)
    __aeabi_memcpy                           0x00000335   Thumb Code    36  memcpya.o(.text)
    __aeabi_memcpy4                          0x00000335   Thumb Code     0  memcpya.o(.text)
    __aeabi_memcpy8                          0x00000335   Thumb Code     0  memcpya.o(.text)
    __aeabi_i2d                              0x00000359   Thumb Code    34  dflti.o(.text)
    __aeabi_d2iz                             0x00000381   Thumb Code    62  dfixi.o(.text)
    __aeabi_llsr                             0x000003c9   Thumb Code    34  llushr.o(.text)
    _ll_ushift_r                             0x000003c9   Thumb Code     0  llushr.o(.text)
    __I$use$fp                               0x000003eb   Thumb Code     0  iusefp.o(.text)
    __scatterload_copy                       0x000003eb   Thumb Code    14  handlers.o(i.__scatterload_copy)
    __scatterload_null                       0x000003f9   Thumb Code     2  handlers.o(i.__scatterload_null)
    Init_ADC                                 0x00000411   Thumb Code    18  blinky.o(.text)
    dutyCycle                                0x00000423   Thumb Code    30  blinky.o(.text)
    put                                      0x00000441   Thumb Code    22  blinky.o(.text)
    Read_ADC                                 0x00000457   Thumb Code    36  blinky.o(.text)
    TPM0_IRQHandler                          0x0000047b   Thumb Code    48  blinky.o(.text)
    Init_PWM                                 0x000004ab   Thumb Code   128  blinky.o(.text)
    translator                               0x0000052b   Thumb Code    30  blinky.o(.text)
    main                                     0x00000549   Thumb Code  1504  blinky.o(.text)
    ADC_toggle                               0x00000ccf   Thumb Code    14  timers.o(.text)
    buffer_sel_toggle                        0x00000cdd   Thumb Code    14  timers.o(.text)
    buffer_cam_toggle                        0x00000ceb   Thumb Code    14  timers.o(.text)
    get_buffer                               0x00000cf9   Thumb Code    40  timers.o(.text)
    LED_Initialize                           0x00000d21   Thumb Code    90  timers.o(.text)
    Init_ADC_lab2_part1                      0x00000d7b   Thumb Code    62  timers.o(.text)
    ADC0_IRQHandler                          0x00000db9   Thumb Code   280  timers.o(.text)
    Init_PIT                                 0x00000ed1   Thumb Code   112  timers.o(.text)
    Start_PIT                                0x00000f41   Thumb Code    14  timers.o(.text)
    Stop_PIT                                 0x00000f4f   Thumb Code    14  timers.o(.text)
    PIT_IRQHandler                           0x00000f5d   Thumb Code   118  timers.o(.text)
    uart0_init                               0x00001051   Thumb Code   342  uart.o(.text)
    uart0_getchar                            0x000011a7   Thumb Code    20  uart.o(.text)
    uart0_putchar                            0x000011bb   Thumb Code    20  uart.o(.text)
    uart0_putchars                           0x000011cf   Thumb Code    34  uart.o(.text)
    uart0_getchar_present                    0x000011f1   Thumb Code    10  uart.o(.text)
    SystemInit                               0x00001209   Thumb Code   168  system_mkl25z4.o(.text)
    SystemCoreClockUpdate                    0x000012b1   Thumb Code   322  system_mkl25z4.o(.text)
    __aeabi_ddiv                             0x00001425   Thumb Code   234  ddiv.o(.text)
    _double_round                            0x00001515   Thumb Code    26  depilogue.o(.text)
    _double_epilogue                         0x0000152f   Thumb Code   164  depilogue.o(.text)
    __scatterload                            0x000015d5   Thumb Code    28  init.o(.text)
    __scatterload_rt2                        0x000015d5   Thumb Code     0  init.o(.text)
    __aeabi_llsl                             0x000015f9   Thumb Code    32  llshl.o(.text)
    _ll_shift_l                              0x000015f9   Thumb Code     0  llshl.o(.text)
    __ARM_clz                                0x00001619   Thumb Code    46  depilogue.o(i.__ARM_clz)
    __ARM_common_switch8                     0x00001647   Thumb Code    28  system_mkl25z4.o(i.__ARM_common_switch8)
    __scatterload_zeroinit                   0x00001663   Thumb Code    14  handlers.o(i.__scatterload_zeroinit)
    led_mask                                 0x00001670   Data          12  timers.o(.constdata)
    camera_mask                              0x0000167c   Data          12  timers.o(.constdata)
    Region$$Table$$Base                      0x00001688   Number         0  anon$$obj.o(Region$$Table)
    Region$$Table$$Limit                     0x000016a8   Number         0  anon$$obj.o(Region$$Table)
    PW1                                      0x1ffff000   Data           2  blinky.o(.data)
    PW2                                      0x1ffff002   Data           2  blinky.o(.data)
    keyOut                                   0x1ffff004   Data           2  blinky.o(.data)
    current_read                             0x1ffff008   Data           4  blinky.o(.data)
    max                                      0x1ffff00c   Data           4  blinky.o(.data)
    min                                      0x1ffff010   Data           4  blinky.o(.data)
    hex                                      0x1ffff014   Data          16  blinky.o(.data)
    original_CFG2                            0x1ffff024   Data           4  blinky.o(.data)
    PIT_interrupt_counter                    0x1ffff028   Data           4  timers.o(.data)
    val                                      0x1ffff02c   Data           1  timers.o(.data)
    buffer_index                             0x1ffff030   Data           4  timers.o(.data)
    buffer_sel                               0x1ffff034   Data           4  timers.o(.data)
    buffer_cam                               0x1ffff038   Data           4  timers.o(.data)
    CLK                                      0x1ffff03c   Data           4  timers.o(.data)
    DONE                                     0x1ffff040   Data           4  timers.o(.data)
    ADC_sel                                  0x1ffff044   Data           4  timers.o(.data)
    FB1                                      0x1ffff048   Data           4  timers.o(.data)
    FB2                                      0x1ffff04c   Data           4  timers.o(.data)
    ADC_FLG                                  0x1ffff050   Data           2  timers.o(.data)
    SystemCoreClock                          0x1ffff054   Data           4  system_mkl25z4.o(.data)
    buffer                                   0x1ffff058   Data         512  timers.o(.bss)
    __initial_sp                             0x1ffff658   Data           0  startup_mkl25z4.o(STACK)



==============================================================================

Memory Map of the image

  Image Entry point : 0x000002c5

  Load Region LR_1 (Base: 0x00000000, Size: 0x00001700, Max: 0xffffffff, ABSOLUTE)

    Execution Region ER_RO (Base: 0x00000000, Size: 0x000016a8, Max: 0xffffffff, ABSOLUTE)

    Base Addr    Size         Type   Attr      Idx    E Section Name        Object

    0x00000000   0x000000c0   Data   RO          168    RESET               startup_mkl25z4.o
    0x000000c0   0x00000000   Code   RO          204  * .ARM.Collect$$$$00000000  mc_p.l(entry.o)
    0x000000c0   0x00000004   Code   RO          221    .ARM.Collect$$$$00000001  mc_p.l(entry2.o)
    0x000000c4   0x00000004   Code   RO          224    .ARM.Collect$$$$00000004  mc_p.l(entry5.o)
    0x000000c8   0x00000000   Code   RO          226    .ARM.Collect$$$$00000008  mc_p.l(entry7b.o)
    0x000000c8   0x00000000   Code   RO          228    .ARM.Collect$$$$0000000A  mc_p.l(entry8b.o)
    0x000000c8   0x00000008   Code   RO          229    .ARM.Collect$$$$0000000B  mc_p.l(entry9a.o)
    0x000000d0   0x00000000   Code   RO          231    .ARM.Collect$$$$0000000D  mc_p.l(entry10a.o)
    0x000000d0   0x00000000   Code   RO          233    .ARM.Collect$$$$0000000F  mc_p.l(entry11a.o)
    0x000000d0   0x00000004   Code   RO          222    .ARM.Collect$$$$00002712  mc_p.l(entry2.o)
    0x000000d4   0x00000054   Code   RO            3    .text               adc0.o
    0x00000128   0x0000019c   Code   RO           48    .text               adc16.o
    0x000002c4   0x0000001c   Code   RO          170  * .text               startup_mkl25z4.o
    0x000002e0   0x0000002c   Code   RO          207    .text               mc_p.l(uidiv.o)
    0x0000030c   0x00000028   Code   RO          209    .text               mc_p.l(idiv.o)
    0x00000334   0x00000024   Code   RO          211    .text               mc_p.l(memcpya.o)
    0x00000358   0x00000028   Code   RO          217    .text               mf_p.l(dflti.o)
    0x00000380   0x00000048   Code   RO          219    .text               mf_p.l(dfixi.o)
    0x000003c8   0x00000022   Code   RO          235    .text               mc_p.l(llushr.o)
    0x000003ea   0x00000000   Code   RO          237    .text               mc_p.l(iusefp.o)
    0x000003ea   0x0000000e   Code   RO          248    i.__scatterload_copy  mc_p.l(handlers.o)
    0x000003f8   0x00000002   Code   RO          249    i.__scatterload_null  mc_p.l(handlers.o)
    0x000003fa   0x00000006   PAD
    0x00000400   0x00000010   Code   RO          169    .ARM.__at_0x400     startup_mkl25z4.o
    0x00000410   0x00000850   Code   RO           68    .text               blinky.o
    0x00000c60   0x000003f0   Code   RO          112    .text               timers.o
    0x00001050   0x000001b8   Code   RO          145    .text               uart.o
    0x00001208   0x0000021c   Code   RO          178    .text               system_mkl25z4.o
    0x00001424   0x000000f0   Code   RO          215    .text               mf_p.l(ddiv.o)
    0x00001514   0x000000be   Code   RO          238    .text               mf_p.l(depilogue.o)
    0x000015d2   0x00000002   PAD
    0x000015d4   0x00000024   Code   RO          242    .text               mc_p.l(init.o)
    0x000015f8   0x00000020   Code   RO          244    .text               mc_p.l(llshl.o)
    0x00001618   0x0000002e   Code   RO          240    i.__ARM_clz         mf_p.l(depilogue.o)
    0x00001646   0x0000001c   Code   RO          196    i.__ARM_common_switch8  system_mkl25z4.o
    0x00001662   0x0000000e   Code   RO          250    i.__scatterload_zeroinit  mc_p.l(handlers.o)
    0x00001670   0x00000018   Data   RO          114    .constdata          timers.o
    0x00001688   0x00000020   Data   RO          246    Region$$Table       anon$$obj.o


    Execution Region ER_RW (Base: 0x1ffff000, Size: 0x00000058, Max: 0xffffffff, ABSOLUTE)

    Base Addr    Size         Type   Attr      Idx    E Section Name        Object

    0x1ffff000   0x00000028   Data   RW           69    .data               blinky.o
    0x1ffff028   0x0000002a   Data   RW          115    .data               timers.o
    0x1ffff052   0x00000002   PAD
    0x1ffff054   0x00000004   Data   RW          179    .data               system_mkl25z4.o


    Execution Region ER_ZI (Base: 0x1ffff058, Size: 0x00000600, Max: 0xffffffff, ABSOLUTE)

    Base Addr    Size         Type   Attr      Idx    E Section Name        Object

    0x1ffff058   0x00000200   Zero   RW          113    .bss                timers.o
    0x1ffff258   0x00000400   Zero   RW          166    STACK               startup_mkl25z4.o


==============================================================================

Image component sizes


      Code (inc. data)   RO Data    RW Data    ZI Data      Debug   Object Name

        84         14          0          0          0     100448   adc0.o
       412          6          0          0          0       1298   adc16.o
      2128        424          0         40          0     102876   blinky.o
        44         24        192          0       1024        820   startup_mkl25z4.o
       568         60          0          4          0       1277   system_mkl25z4.o
      1008         98         24         42        512       9422   timers.o
       440         14          0          0          0       1818   uart.o

    ----------------------------------------------------------------------
      4684        640        248         88       1536     217959   Object Totals
         0          0         32          0          0          0   (incl. Generated)
         0          0          0          2          0          0   (incl. Padding)

    ----------------------------------------------------------------------

      Code (inc. data)   RO Data    RW Data    ZI Data      Debug   Library Member Name

         0          0          0          0          0          0   entry.o
         0          0          0          0          0          0   entry10a.o
         0          0          0          0          0          0   entry11a.o
         8          4          0          0          0          0   entry2.o
         4          0          0          0          0          0   entry5.o
         0          0          0          0          0          0   entry7b.o
         0          0          0          0          0          0   entry8b.o
         8          4          0          0          0          0   entry9a.o
        30          0          0          0          0          0   handlers.o
        40          0          0          0          0         72   idiv.o
        36          8          0          0          0         68   init.o
         0          0          0          0          0          0   iusefp.o
        32          0          0          0          0         68   llshl.o
        34          0          0          0          0         68   llushr.o
        36          0          0          0          0         60   memcpya.o
        44          0          0          0          0         72   uidiv.o
       240          6          0          0          0         84   ddiv.o
       236          0          0          0          0        216   depilogue.o
        72         10          0          0          0         72   dfixi.o
        40          6          0          0          0         68   dflti.o

    ----------------------------------------------------------------------
       868         38          0          0          0        848   Library Totals
         8          0          0          0          0          0   (incl. Padding)

    ----------------------------------------------------------------------

      Code (inc. data)   RO Data    RW Data    ZI Data      Debug   Library Name

       272         16          0          0          0        408   mc_p.l
       588         22          0          0          0        440   mf_p.l

    ----------------------------------------------------------------------
       868         38          0          0          0        848   Library Totals

    ----------------------------------------------------------------------

==============================================================================


      Code (inc. data)   RO Data    RW Data    ZI Data      Debug   

      5552        678        248         88       1536     218123   Grand Totals
      5552        678        248         88       1536     218123   ELF Image Totals
      5552        678        248         88          0          0   ROM Totals

==============================================================================

    Total RO  Size (Code + RO Data)                 5800 (   5.66kB)
    Total RW  Size (RW Data + ZI Data)              1624 (   1.59kB)
    Total ROM Size (Code + RO Data + RW Data)       5888 (   5.75kB)

==============================================================================

