Component: ARM Compiler 5.05 (build 41) Tool: armlink [4d0eb9]

==============================================================================

Section Cross References

    adc0.o(.text) refers to adc16.o(.text) for ADC_Config_Alt
    blinky.o(.text) refers to uart.o(.text) for uart0_putchar
    blinky.o(.text) refers to kit_chain.o(.text) for DEBUG_print_camera
    blinky.o(.text) refers to timers.o(.text) for Init_PIT
    blinky.o(.text) refers to pwm_kit.o(.text) for Init_PWM_motor
    blinky.o(.text) refers to global_var.o(.data) for Camera_DONE
    blinky.o(.text) refers to global_var.o(.bss) for buffer
    timers.o(.text) refers to adc_kit.o(.text) for Init_ADC
    timers.o(.text) refers to global_var.o(.data) for ADC_FLG
    timers.o(.text) refers to global_var.o(.bss) for buffer
    uart.o(.text) refers to uidiv.o(.text) for __aeabi_uidivmod
    adc_kit.o(.text) refers to adc0.o(.text) for init_ADC0
    pwm_kit.o(.text) refers to global_var.o(.data) for servo_PW
    kit_chain.o(.text) refers to uart.o(.text) for uart0_putchar
    kit_chain.o(.text) refers to idiv.o(.text) for __aeabi_idivmod
    kit_chain.o(.text) refers to global_var.o(.data) for hex
    startup_mkl25z4.o(RESET) refers to startup_mkl25z4.o(STACK) for __initial_sp
    startup_mkl25z4.o(RESET) refers to startup_mkl25z4.o(.text) for Reset_Handler
    startup_mkl25z4.o(RESET) refers to timers.o(.text) for ADC0_IRQHandler
    startup_mkl25z4.o(RESET) refers to pwm_kit.o(.text) for TPM0_IRQHandler
    startup_mkl25z4.o(.text) refers to system_mkl25z4.o(.text) for SystemInit
    startup_mkl25z4.o(.text) refers to entry.o(.ARM.Collect$$$$00000000) for __main
    system_mkl25z4.o(.text) refers to uidiv.o(.text) for __aeabi_uidivmod
    system_mkl25z4.o(.text) refers to system_mkl25z4.o(i.__ARM_common_switch8) for __ARM_common_switch8
    system_mkl25z4.o(.text) refers to system_mkl25z4.o(.data) for SystemCoreClock
    entry.o(.ARM.Collect$$$$00000000) refers (Special) to entry10a.o(.ARM.Collect$$$$0000000D) for __rt_final_cpp
    entry.o(.ARM.Collect$$$$00000000) refers (Special) to entry11a.o(.ARM.Collect$$$$0000000F) for __rt_final_exit
    entry.o(.ARM.Collect$$$$00000000) refers (Special) to entry7b.o(.ARM.Collect$$$$00000008) for _main_clock
    entry.o(.ARM.Collect$$$$00000000) refers (Special) to entry8b.o(.ARM.Collect$$$$0000000A) for _main_cpp_init
    entry.o(.ARM.Collect$$$$00000000) refers (Special) to entry9a.o(.ARM.Collect$$$$0000000B) for _main_init
    entry.o(.ARM.Collect$$$$00000000) refers (Special) to entry5.o(.ARM.Collect$$$$00000004) for _main_scatterload
    entry.o(.ARM.Collect$$$$00000000) refers (Special) to entry2.o(.ARM.Collect$$$$00000001) for _main_stk
    idiv.o(.text) refers to uidiv.o(.text) for __aeabi_uidivmod
    entry2.o(.ARM.Collect$$$$00000001) refers to entry2.o(.ARM.Collect$$$$00002712) for __lit__00000000
    entry2.o(.ARM.Collect$$$$00002712) refers to startup_mkl25z4.o(STACK) for __initial_sp
    entry2.o(__vectab_stack_and_reset_area) refers to startup_mkl25z4.o(STACK) for __initial_sp
    entry2.o(__vectab_stack_and_reset_area) refers to entry.o(.ARM.Collect$$$$00000000) for __main
    entry5.o(.ARM.Collect$$$$00000004) refers to init.o(.text) for __scatterload
    entry9a.o(.ARM.Collect$$$$0000000B) refers to blinky.o(.text) for main
    entry9b.o(.ARM.Collect$$$$0000000C) refers to blinky.o(.text) for main
    init.o(.text) refers to entry5.o(.ARM.Collect$$$$00000004) for __main_after_scatterload


==============================================================================

Removing Unused input sections from the image.

    Removing adc0.o(.rev16_text), (4 bytes).
    Removing adc0.o(.revsh_text), (4 bytes).
    Removing adc16.o(.rev16_text), (4 bytes).
    Removing adc16.o(.revsh_text), (4 bytes).
    Removing blinky.o(.rev16_text), (4 bytes).
    Removing blinky.o(.revsh_text), (4 bytes).
    Removing blinky.o(.data), (8 bytes).
    Removing timers.o(.rev16_text), (4 bytes).
    Removing timers.o(.revsh_text), (4 bytes).
    Removing timers.o(.data), (4 bytes).
    Removing uart.o(.rev16_text), (4 bytes).
    Removing uart.o(.revsh_text), (4 bytes).
    Removing global_var.o(.rev16_text), (4 bytes).
    Removing global_var.o(.revsh_text), (4 bytes).
    Removing global_var.o(.constdata), (24 bytes).
    Removing adc_kit.o(.rev16_text), (4 bytes).
    Removing adc_kit.o(.revsh_text), (4 bytes).
    Removing pwm_kit.o(.rev16_text), (4 bytes).
    Removing pwm_kit.o(.revsh_text), (4 bytes).
    Removing kit_chain.o(.rev16_text), (4 bytes).
    Removing kit_chain.o(.revsh_text), (4 bytes).
    Removing core_algorithm.o(.rev16_text), (4 bytes).
    Removing core_algorithm.o(.revsh_text), (4 bytes).
    Removing core_algorithm.o(.text), (4 bytes).
    Removing startup_mkl25z4.o(HEAP), (0 bytes).
    Removing system_mkl25z4.o(.rev16_text), (4 bytes).
    Removing system_mkl25z4.o(.revsh_text), (4 bytes).

27 unused section(s) (total 128 bytes) removed from the image.

==============================================================================

Image Symbol Table

    Local Symbols

    Symbol Name                              Value     Ov Type        Size  Object(Section)

    RESET                                    0x00000000   Section      192  startup_mkl25z4.o(RESET)
    ../clib/microlib/division.c              0x00000000   Number         0  uidiv.o ABSOLUTE
    ../clib/microlib/division.c              0x00000000   Number         0  idiv.o ABSOLUTE
    ../clib/microlib/init/entry.s            0x00000000   Number         0  entry9a.o ABSOLUTE
    ../clib/microlib/init/entry.s            0x00000000   Number         0  entry8b.o ABSOLUTE
    ../clib/microlib/init/entry.s            0x00000000   Number         0  entry9b.o ABSOLUTE
    ../clib/microlib/init/entry.s            0x00000000   Number         0  entry.o ABSOLUTE
    ../clib/microlib/init/entry.s            0x00000000   Number         0  entry8a.o ABSOLUTE
    ../clib/microlib/init/entry.s            0x00000000   Number         0  entry7b.o ABSOLUTE
    ../clib/microlib/init/entry.s            0x00000000   Number         0  entry7a.o ABSOLUTE
    ../clib/microlib/init/entry.s            0x00000000   Number         0  entry2.o ABSOLUTE
    ../clib/microlib/init/entry.s            0x00000000   Number         0  entry5.o ABSOLUTE
    ../clib/microlib/init/entry.s            0x00000000   Number         0  entry10a.o ABSOLUTE
    ../clib/microlib/init/entry.s            0x00000000   Number         0  entry10b.o ABSOLUTE
    ../clib/microlib/init/entry.s            0x00000000   Number         0  entry11a.o ABSOLUTE
    ../clib/microlib/init/entry.s            0x00000000   Number         0  entry11b.o ABSOLUTE
    ADC_Kit.c                                0x00000000   Number         0  adc_kit.o ABSOLUTE
    ADC_Kit.c                                0x00000000   Number         0  adc_kit.o ABSOLUTE
    Blinky.c                                 0x00000000   Number         0  blinky.o ABSOLUTE
    Blinky.c                                 0x00000000   Number         0  blinky.o ABSOLUTE
    Kit_chain.c                              0x00000000   Number         0  kit_chain.o ABSOLUTE
    Kit_chain.c                              0x00000000   Number         0  kit_chain.o ABSOLUTE
    PWM_Kit.c                                0x00000000   Number         0  pwm_kit.o ABSOLUTE
    PWM_Kit.c                                0x00000000   Number         0  pwm_kit.o ABSOLUTE
    RTE\Device\MKL25Z128xxx4\startup_MKL25Z4.s 0x00000000   Number         0  startup_mkl25z4.o ABSOLUTE
    RTE\Device\MKL25Z128xxx4\system_MKL25Z4.c 0x00000000   Number         0  system_mkl25z4.o ABSOLUTE
    RTE\\Device\\MKL25Z128xxx4\\system_MKL25Z4.c 0x00000000   Number         0  system_mkl25z4.o ABSOLUTE
    adc0.c                                   0x00000000   Number         0  adc0.o ABSOLUTE
    adc0.c                                   0x00000000   Number         0  adc0.o ABSOLUTE
    adc16.c                                  0x00000000   Number         0  adc16.o ABSOLUTE
    adc16.c                                  0x00000000   Number         0  adc16.o ABSOLUTE
    core_algorithm.c                         0x00000000   Number         0  core_algorithm.o ABSOLUTE
    core_algorithm.c                         0x00000000   Number         0  core_algorithm.o ABSOLUTE
    dc.s                                     0x00000000   Number         0  dc.o ABSOLUTE
    global_var.c                             0x00000000   Number         0  global_var.o ABSOLUTE
    global_var.c                             0x00000000   Number         0  global_var.o ABSOLUTE
    handlers.s                               0x00000000   Number         0  handlers.o ABSOLUTE
    init.s                                   0x00000000   Number         0  init.o ABSOLUTE
    timers.c                                 0x00000000   Number         0  timers.o ABSOLUTE
    timers.c                                 0x00000000   Number         0  timers.o ABSOLUTE
    uart.c                                   0x00000000   Number         0  uart.o ABSOLUTE
    uart.c                                   0x00000000   Number         0  uart.o ABSOLUTE
    .ARM.Collect$$$$00000000                 0x000000c0   Section        0  entry.o(.ARM.Collect$$$$00000000)
    .ARM.Collect$$$$00000001                 0x000000c0   Section        4  entry2.o(.ARM.Collect$$$$00000001)
    .ARM.Collect$$$$00000004                 0x000000c4   Section        4  entry5.o(.ARM.Collect$$$$00000004)
    .ARM.Collect$$$$00000008                 0x000000c8   Section        0  entry7b.o(.ARM.Collect$$$$00000008)
    .ARM.Collect$$$$0000000A                 0x000000c8   Section        0  entry8b.o(.ARM.Collect$$$$0000000A)
    .ARM.Collect$$$$0000000B                 0x000000c8   Section        8  entry9a.o(.ARM.Collect$$$$0000000B)
    .ARM.Collect$$$$0000000D                 0x000000d0   Section        0  entry10a.o(.ARM.Collect$$$$0000000D)
    .ARM.Collect$$$$0000000F                 0x000000d0   Section        0  entry11a.o(.ARM.Collect$$$$0000000F)
    .ARM.Collect$$$$00002712                 0x000000d0   Section        4  entry2.o(.ARM.Collect$$$$00002712)
    __lit__00000000                          0x000000d0   Data           4  entry2.o(.ARM.Collect$$$$00002712)
    .text                                    0x000000d4   Section        0  adc0.o(.text)
    .text                                    0x00000128   Section        0  adc16.o(.text)
    .text                                    0x000002c4   Section        0  adc_kit.o(.text)
    NVIC_SetPriority                         0x00000327   Thumb Code   110  adc_kit.o(.text)
    .text                                    0x000003a4   Section       28  startup_mkl25z4.o(.text)
    .text                                    0x000003c0   Section        0  uidiv.o(.text)
    i.__scatterload_copy                     0x000003ec   Section       14  handlers.o(i.__scatterload_copy)
    i.__scatterload_null                     0x000003fa   Section        2  handlers.o(i.__scatterload_null)
    .ARM.__at_0x400                          0x00000400   Section       16  startup_mkl25z4.o(.ARM.__at_0x400)
    .text                                    0x00000410   Section        0  blinky.o(.text)
    .text                                    0x00000810   Section        0  timers.o(.text)
    NVIC_ClearPendingIRQ                     0x00000a2b   Thumb Code    14  timers.o(.text)
    NVIC_SetPriority                         0x00000a39   Thumb Code   110  timers.o(.text)
    .text                                    0x00000af0   Section        0  uart.o(.text)
    .text                                    0x00000ca8   Section        0  pwm_kit.o(.text)
    NVIC_SetPriority                         0x00000ca9   Thumb Code   110  pwm_kit.o(.text)
    NVIC_EnableIRQ                           0x00000e45   Thumb Code    14  pwm_kit.o(.text)
    NVIC_ClearPendingIRQ                     0x00000e53   Thumb Code    14  pwm_kit.o(.text)
    .text                                    0x00000e94   Section        0  kit_chain.o(.text)
    .text                                    0x0000110c   Section        0  system_mkl25z4.o(.text)
    .text                                    0x00001328   Section        0  idiv.o(.text)
    .text                                    0x00001350   Section       36  init.o(.text)
    i.__ARM_common_switch8                   0x00001374   Section        0  system_mkl25z4.o(i.__ARM_common_switch8)
    i.__scatterload_zeroinit                 0x00001390   Section       14  handlers.o(i.__scatterload_zeroinit)
    .data                                    0x1ffff000   Section       84  global_var.o(.data)
    .data                                    0x1ffff054   Section        4  system_mkl25z4.o(.data)
    .bss                                     0x1ffff058   Section      512  global_var.o(.bss)
    STACK                                    0x1ffff258   Section     1024  startup_mkl25z4.o(STACK)

    Global Symbols

    Symbol Name                              Value     Ov Type        Size  Object(Section)

    BuildAttributes$$THM_ISAv3M$S$PE$A:L22$X:L11$S22$IEEE1$IW$USESV6$~STKCKD$USESV7$~SHL$OSPACE$EBA8$MICROLIB$REQ8$PRES8$EABIv2 0x00000000   Number         0  anon$$obj.o ABSOLUTE
    __ARM_use_no_argv                        0x00000000   Number         0  blinky.o ABSOLUTE
    __Vectors                                0x00000000   Data           4  startup_mkl25z4.o(RESET)
    __cpp_initialize__aeabi_                  - Undefined Weak Reference
    __cxa_finalize                            - Undefined Weak Reference
    __decompress                              - Undefined Weak Reference
    _clock_init                               - Undefined Weak Reference
    _microlib_exit                            - Undefined Weak Reference
    __Vectors_End                            0x000000c0   Data           0  startup_mkl25z4.o(RESET)
    __Vectors_Size                           0x000000c0   Number         0  startup_mkl25z4.o ABSOLUTE
    __main                                   0x000000c1   Thumb Code     0  entry.o(.ARM.Collect$$$$00000000)
    _main_stk                                0x000000c1   Thumb Code     0  entry2.o(.ARM.Collect$$$$00000001)
    _main_scatterload                        0x000000c5   Thumb Code     0  entry5.o(.ARM.Collect$$$$00000004)
    __main_after_scatterload                 0x000000c9   Thumb Code     0  entry5.o(.ARM.Collect$$$$00000004)
    _main_clock                              0x000000c9   Thumb Code     0  entry7b.o(.ARM.Collect$$$$00000008)
    _main_cpp_init                           0x000000c9   Thumb Code     0  entry8b.o(.ARM.Collect$$$$0000000A)
    _main_init                               0x000000c9   Thumb Code     0  entry9a.o(.ARM.Collect$$$$0000000B)
    __rt_final_cpp                           0x000000d1   Thumb Code     0  entry10a.o(.ARM.Collect$$$$0000000D)
    __rt_final_exit                          0x000000d1   Thumb Code     0  entry11a.o(.ARM.Collect$$$$0000000F)
    init_ADC0                                0x000000d5   Thumb Code    70  adc0.o(.text)
    ADC_Cal                                  0x00000129   Thumb Code   244  adc16.o(.text)
    ADC_Config_Alt                           0x0000021d   Thumb Code    36  adc16.o(.text)
    ADC_Read_Cal                             0x00000241   Thumb Code   126  adc16.o(.text)
    Read_ADC                                 0x000002c5   Thumb Code    36  adc_kit.o(.text)
    Init_ADC                                 0x000002e9   Thumb Code    62  adc_kit.o(.text)
    Reset_Handler                            0x000003a5   Thumb Code     8  startup_mkl25z4.o(.text)
    NMI_Handler                              0x000003ad   Thumb Code     2  startup_mkl25z4.o(.text)
    HardFault_Handler                        0x000003af   Thumb Code     2  startup_mkl25z4.o(.text)
    SVC_Handler                              0x000003b1   Thumb Code     2  startup_mkl25z4.o(.text)
    PendSV_Handler                           0x000003b3   Thumb Code     2  startup_mkl25z4.o(.text)
    SysTick_Handler                          0x000003b5   Thumb Code     2  startup_mkl25z4.o(.text)
    CMP0_IRQHandler                          0x000003b7   Thumb Code     0  startup_mkl25z4.o(.text)
    DAC0_IRQHandler                          0x000003b7   Thumb Code     0  startup_mkl25z4.o(.text)
    DMA0_IRQHandler                          0x000003b7   Thumb Code     0  startup_mkl25z4.o(.text)
    DMA1_IRQHandler                          0x000003b7   Thumb Code     0  startup_mkl25z4.o(.text)
    DMA2_IRQHandler                          0x000003b7   Thumb Code     0  startup_mkl25z4.o(.text)
    DMA3_IRQHandler                          0x000003b7   Thumb Code     0  startup_mkl25z4.o(.text)
    DefaultISR                               0x000003b7   Thumb Code     0  startup_mkl25z4.o(.text)
    FTFA_IRQHandler                          0x000003b7   Thumb Code     0  startup_mkl25z4.o(.text)
    I2C0_IRQHandler                          0x000003b7   Thumb Code     0  startup_mkl25z4.o(.text)
    I2C1_IRQHandler                          0x000003b7   Thumb Code     0  startup_mkl25z4.o(.text)
    LLW_IRQHandler                           0x000003b7   Thumb Code     0  startup_mkl25z4.o(.text)
    LPTimer_IRQHandler                       0x000003b7   Thumb Code     0  startup_mkl25z4.o(.text)
    LVD_LVW_IRQHandler                       0x000003b7   Thumb Code     0  startup_mkl25z4.o(.text)
    MCG_IRQHandler                           0x000003b7   Thumb Code     0  startup_mkl25z4.o(.text)
    PORTA_IRQHandler                         0x000003b7   Thumb Code     0  startup_mkl25z4.o(.text)
    PORTD_IRQHandler                         0x000003b7   Thumb Code     0  startup_mkl25z4.o(.text)
    RTC_IRQHandler                           0x000003b7   Thumb Code     0  startup_mkl25z4.o(.text)
    RTC_Seconds_IRQHandler                   0x000003b7   Thumb Code     0  startup_mkl25z4.o(.text)
    Reserved20_IRQHandler                    0x000003b7   Thumb Code     0  startup_mkl25z4.o(.text)
    Reserved39_IRQHandler                    0x000003b7   Thumb Code     0  startup_mkl25z4.o(.text)
    Reserved45_IRQHandler                    0x000003b7   Thumb Code     0  startup_mkl25z4.o(.text)
    SPI0_IRQHandler                          0x000003b7   Thumb Code     0  startup_mkl25z4.o(.text)
    SPI1_IRQHandler                          0x000003b7   Thumb Code     0  startup_mkl25z4.o(.text)
    TPM2_IRQHandler                          0x000003b7   Thumb Code     0  startup_mkl25z4.o(.text)
    TSI0_IRQHandler                          0x000003b7   Thumb Code     0  startup_mkl25z4.o(.text)
    UART0_IRQHandler                         0x000003b7   Thumb Code     0  startup_mkl25z4.o(.text)
    UART1_IRQHandler                         0x000003b7   Thumb Code     0  startup_mkl25z4.o(.text)
    UART2_IRQHandler                         0x000003b7   Thumb Code     0  startup_mkl25z4.o(.text)
    USB0_IRQHandler                          0x000003b7   Thumb Code     0  startup_mkl25z4.o(.text)
    __aeabi_uidiv                            0x000003c1   Thumb Code     0  uidiv.o(.text)
    __aeabi_uidivmod                         0x000003c1   Thumb Code    44  uidiv.o(.text)
    __scatterload_copy                       0x000003ed   Thumb Code    14  handlers.o(i.__scatterload_copy)
    __scatterload_null                       0x000003fb   Thumb Code     2  handlers.o(i.__scatterload_null)
    put                                      0x00000411   Thumb Code    22  blinky.o(.text)
    _DEBUG_running                           0x00000427   Thumb Code    36  blinky.o(.text)
    main                                     0x0000044b   Thumb Code   852  blinky.o(.text)
    Init_PIT                                 0x00000811   Thumb Code   108  timers.o(.text)
    Start_PIT                                0x0000087d   Thumb Code    14  timers.o(.text)
    Stop_PIT                                 0x0000088b   Thumb Code    14  timers.o(.text)
    _update_camera                           0x00000899   Thumb Code    68  timers.o(.text)
    PIT_IRQHandler                           0x000008dd   Thumb Code    64  timers.o(.text)
    _update_wheel                            0x0000091d   Thumb Code    52  timers.o(.text)
    ADC0_IRQHandler                          0x00000951   Thumb Code   218  timers.o(.text)
    uart0_init                               0x00000af1   Thumb Code   342  uart.o(.text)
    uart0_getchar                            0x00000c47   Thumb Code    20  uart.o(.text)
    uart0_putchar                            0x00000c5b   Thumb Code    20  uart.o(.text)
    uart0_putchars                           0x00000c6f   Thumb Code    34  uart.o(.text)
    uart0_getchar_present                    0x00000c91   Thumb Code    10  uart.o(.text)
    TPM1_IRQHandler                          0x00000d17   Thumb Code    30  pwm_kit.o(.text)
    TPM0_IRQHandler                          0x00000d35   Thumb Code    48  pwm_kit.o(.text)
    Init_PWM_motor                           0x00000d65   Thumb Code   120  pwm_kit.o(.text)
    Init_PWM_servo                           0x00000ddd   Thumb Code   104  pwm_kit.o(.text)
    translator                               0x00000e95   Thumb Code    34  kit_chain.o(.text)
    dutyCycle                                0x00000eb7   Thumb Code    30  kit_chain.o(.text)
    DEBUG_print_track                        0x00000ed5   Thumb Code    86  kit_chain.o(.text)
    DEBUG_print_double_camera                0x00000f2b   Thumb Code    62  kit_chain.o(.text)
    DEBUG_print_camera                       0x00000f69   Thumb Code    38  kit_chain.o(.text)
    SINGLE_TRACK_ANY                         0x00000f8f   Thumb Code    88  kit_chain.o(.text)
    DEBUG_print_midpoint                     0x00000fe7   Thumb Code    64  kit_chain.o(.text)
    translator_4                             0x00001027   Thumb Code    74  kit_chain.o(.text)
    SINGLE_TRACK_SIDE                        0x00001071   Thumb Code    34  kit_chain.o(.text)
    _motor_limit                             0x00001093   Thumb Code    62  kit_chain.o(.text)
    _servo_limit                             0x000010d1   Thumb Code    30  kit_chain.o(.text)
    SystemInit                               0x0000110d   Thumb Code   168  system_mkl25z4.o(.text)
    SystemCoreClockUpdate                    0x000011b5   Thumb Code   322  system_mkl25z4.o(.text)
    __aeabi_idiv                             0x00001329   Thumb Code     0  idiv.o(.text)
    __aeabi_idivmod                          0x00001329   Thumb Code    40  idiv.o(.text)
    __scatterload                            0x00001351   Thumb Code    28  init.o(.text)
    __scatterload_rt2                        0x00001351   Thumb Code     0  init.o(.text)
    __ARM_common_switch8                     0x00001375   Thumb Code    28  system_mkl25z4.o(i.__ARM_common_switch8)
    __scatterload_zeroinit                   0x00001391   Thumb Code    14  handlers.o(i.__scatterload_zeroinit)
    Region$$Table$$Base                      0x000013a0   Number         0  anon$$obj.o(Region$$Table)
    Region$$Table$$Limit                     0x000013c0   Number         0  anon$$obj.o(Region$$Table)
    buffer_index                             0x1ffff000   Data           4  global_var.o(.data)
    buffer_sel                               0x1ffff004   Data           4  global_var.o(.data)
    buffer_cam                               0x1ffff008   Data           4  global_var.o(.data)
    CLK                                      0x1ffff00c   Data           4  global_var.o(.data)
    Camera_DONE                              0x1ffff010   Data           4  global_var.o(.data)
    ADC_sel                                  0x1ffff014   Data           4  global_var.o(.data)
    left_fb                                  0x1ffff018   Data           4  global_var.o(.data)
    right_fb                                 0x1ffff01c   Data           4  global_var.o(.data)
    ADC_FLG                                  0x1ffff020   Data           2  global_var.o(.data)
    hex                                      0x1ffff022   Data          16  global_var.o(.data)
    left_PW                                  0x1ffff034   Data           4  global_var.o(.data)
    right_PW                                 0x1ffff038   Data           4  global_var.o(.data)
    servo_PW                                 0x1ffff03c   Data           4  global_var.o(.data)
    FB1_sum                                  0x1ffff040   Data           4  global_var.o(.data)
    FB2_sum                                  0x1ffff044   Data           4  global_var.o(.data)
    PW_chars                                 0x1ffff048   Data           4  global_var.o(.data)
    POT_COUNT_DOWN                           0x1ffff04c   Data           4  global_var.o(.data)
    dummy_time                               0x1ffff050   Data           4  global_var.o(.data)
    SystemCoreClock                          0x1ffff054   Data           4  system_mkl25z4.o(.data)
    buffer                                   0x1ffff058   Data         512  global_var.o(.bss)
    __initial_sp                             0x1ffff658   Data           0  startup_mkl25z4.o(STACK)



==============================================================================

Memory Map of the image

  Image Entry point : 0x000003a5

  Load Region LR_1 (Base: 0x00000000, Size: 0x00001418, Max: 0xffffffff, ABSOLUTE)

    Execution Region ER_RO (Base: 0x00000000, Size: 0x000013c0, Max: 0xffffffff, ABSOLUTE)

    Base Addr    Size         Type   Attr      Idx    E Section Name        Object

    0x00000000   0x000000c0   Data   RO          294    RESET               startup_mkl25z4.o
    0x000000c0   0x00000000   Code   RO          330  * .ARM.Collect$$$$00000000  mc_p.l(entry.o)
    0x000000c0   0x00000004   Code   RO          337    .ARM.Collect$$$$00000001  mc_p.l(entry2.o)
    0x000000c4   0x00000004   Code   RO          340    .ARM.Collect$$$$00000004  mc_p.l(entry5.o)
    0x000000c8   0x00000000   Code   RO          342    .ARM.Collect$$$$00000008  mc_p.l(entry7b.o)
    0x000000c8   0x00000000   Code   RO          344    .ARM.Collect$$$$0000000A  mc_p.l(entry8b.o)
    0x000000c8   0x00000008   Code   RO          345    .ARM.Collect$$$$0000000B  mc_p.l(entry9a.o)
    0x000000d0   0x00000000   Code   RO          347    .ARM.Collect$$$$0000000D  mc_p.l(entry10a.o)
    0x000000d0   0x00000000   Code   RO          349    .ARM.Collect$$$$0000000F  mc_p.l(entry11a.o)
    0x000000d0   0x00000004   Code   RO          338    .ARM.Collect$$$$00002712  mc_p.l(entry2.o)
    0x000000d4   0x00000054   Code   RO            3    .text               adc0.o
    0x00000128   0x0000019c   Code   RO           51    .text               adc16.o
    0x000002c4   0x000000e0   Code   RO          208    .text               adc_kit.o
    0x000003a4   0x0000001c   Code   RO          296  * .text               startup_mkl25z4.o
    0x000003c0   0x0000002c   Code   RO          333    .text               mc_p.l(uidiv.o)
    0x000003ec   0x0000000e   Code   RO          355    i.__scatterload_copy  mc_p.l(handlers.o)
    0x000003fa   0x00000002   Code   RO          356    i.__scatterload_null  mc_p.l(handlers.o)
    0x000003fc   0x00000004   PAD
    0x00000400   0x00000010   Code   RO          295    .ARM.__at_0x400     startup_mkl25z4.o
    0x00000410   0x00000400   Code   RO           71    .text               blinky.o
    0x00000810   0x000002e0   Code   RO          129    .text               timers.o
    0x00000af0   0x000001b8   Code   RO          162    .text               uart.o
    0x00000ca8   0x000001ec   Code   RO          231    .text               pwm_kit.o
    0x00000e94   0x00000278   Code   RO          254    .text               kit_chain.o
    0x0000110c   0x0000021c   Code   RO          304    .text               system_mkl25z4.o
    0x00001328   0x00000028   Code   RO          335    .text               mc_p.l(idiv.o)
    0x00001350   0x00000024   Code   RO          351    .text               mc_p.l(init.o)
    0x00001374   0x0000001c   Code   RO          322    i.__ARM_common_switch8  system_mkl25z4.o
    0x00001390   0x0000000e   Code   RO          357    i.__scatterload_zeroinit  mc_p.l(handlers.o)
    0x0000139e   0x00000002   PAD
    0x000013a0   0x00000020   Data   RO          353    Region$$Table       anon$$obj.o


    Execution Region ER_RW (Base: 0x1ffff000, Size: 0x00000058, Max: 0xffffffff, ABSOLUTE)

    Base Addr    Size         Type   Attr      Idx    E Section Name        Object

    0x1ffff000   0x00000054   Data   RW          187    .data               global_var.o
    0x1ffff054   0x00000004   Data   RW          305    .data               system_mkl25z4.o


    Execution Region ER_ZI (Base: 0x1ffff058, Size: 0x00000600, Max: 0xffffffff, ABSOLUTE)

    Base Addr    Size         Type   Attr      Idx    E Section Name        Object

    0x1ffff058   0x00000200   Zero   RW          185    .bss                global_var.o
    0x1ffff258   0x00000400   Zero   RW          292    STACK               startup_mkl25z4.o


==============================================================================

Image component sizes


      Code (inc. data)   RO Data    RW Data    ZI Data      Debug   Object Name

        84         14          0          0          0     100440   adc0.o
       412          6          0          0          0       1262   adc16.o
       224         16          0          0          0       6752   adc_kit.o
      1024        114          0          0          0      94446   blinky.o
         0          0          0         84        512       1383   global_var.o
       632         30          0          0          0       3225   kit_chain.o
       492         52          0          0          0       7080   pwm_kit.o
        44         24        192          0       1024        776   startup_mkl25z4.o
       568         60          0          4          0       1233   system_mkl25z4.o
       736         74          0          0          0       7726   timers.o
       440         14          0          0          0       1786   uart.o

    ----------------------------------------------------------------------
      4656        404        224         88       1536     226109   Object Totals
         0          0         32          0          0          0   (incl. Generated)
         0          0          0          0          0          0   (incl. Padding)

    ----------------------------------------------------------------------

      Code (inc. data)   RO Data    RW Data    ZI Data      Debug   Library Member Name

         0          0          0          0          0          0   entry.o
         0          0          0          0          0          0   entry10a.o
         0          0          0          0          0          0   entry11a.o
         8          4          0          0          0          0   entry2.o
         4          0          0          0          0          0   entry5.o
         0          0          0          0          0          0   entry7b.o
         0          0          0          0          0          0   entry8b.o
         8          4          0          0          0          0   entry9a.o
        30          0          0          0          0          0   handlers.o
        40          0          0          0          0         72   idiv.o
        36          8          0          0          0         68   init.o
        44          0          0          0          0         72   uidiv.o

    ----------------------------------------------------------------------
       176         16          0          0          0        212   Library Totals
         6          0          0          0          0          0   (incl. Padding)

    ----------------------------------------------------------------------

      Code (inc. data)   RO Data    RW Data    ZI Data      Debug   Library Name

       170         16          0          0          0        212   mc_p.l

    ----------------------------------------------------------------------
       176         16          0          0          0        212   Library Totals

    ----------------------------------------------------------------------

==============================================================================


      Code (inc. data)   RO Data    RW Data    ZI Data      Debug   

      4832        420        224         88       1536     225769   Grand Totals
      4832        420        224         88       1536     225769   ELF Image Totals
      4832        420        224         88          0          0   ROM Totals

==============================================================================

    Total RO  Size (Code + RO Data)                 5056 (   4.94kB)
    Total RW  Size (RW Data + ZI Data)              1624 (   1.59kB)
    Total ROM Size (Code + RO Data + RW Data)       5144 (   5.02kB)

==============================================================================

