Component: ARM Compiler 5.05 (build 41) Tool: armlink [4d0eb9]

==============================================================================

Section Cross References

    adc0.o(.text) refers to adc16.o(.text) for ADC_Config_Alt
    blinky.o(.text) refers to uidiv.o(.text) for __aeabi_uidivmod
    blinky.o(.text) refers to memcpya.o(.text) for __aeabi_memcpy4
    blinky.o(.text) refers to uart.o(.text) for uart0_init
    blinky.o(.text) refers to adc_kit.o(.text) for Init_ADC
    blinky.o(.text) refers to pwm_kit.o(.text) for Init_PWM
    blinky.o(.text) refers to timers.o(.text) for Init_PIT
    blinky.o(.text) refers to kit_chain.o(.text) for put
    blinky.o(.text) refers to global_var.o(.data) for PW1
    blinky.o(.text) refers to blinky.o(.data) for tick
    blinky.o(.text) refers to global_var.o(.constdata) for led_mask
    blinky.o(.text) refers to global_var.o(.bss) for buffer
    timers.o(.text) refers to adc_kit.o(.text) for ADC_toggle
    timers.o(.text) refers to global_var.o(.data) for buffer_sel
    timers.o(.text) refers to global_var.o(.bss) for buffer
    timers.o(.text) refers to global_var.o(.constdata) for led_mask
    timers.o(.text) refers to timers.o(.data) for val
    uart.o(.text) refers to uidiv.o(.text) for __aeabi_uidivmod
    adc_kit.o(.text) refers to adc0.o(.text) for init_ADC0
    adc_kit.o(.text) refers to global_var.o(.data) for ADC_sel
    pwm_kit.o(.text) refers to global_var.o(.data) for PW1
    kit_chain.o(.text) refers to uart.o(.text) for uart0_putchar
    kit_chain.o(.text) refers to idiv.o(.text) for __aeabi_idivmod
    kit_chain.o(.text) refers to global_var.o(.data) for hex
    startup_mkl25z4.o(RESET) refers to startup_mkl25z4.o(STACK) for __initial_sp
    startup_mkl25z4.o(RESET) refers to startup_mkl25z4.o(.text) for Reset_Handler
    startup_mkl25z4.o(RESET) refers to timers.o(.text) for ADC0_IRQHandler
    startup_mkl25z4.o(RESET) refers to blinky.o(.text) for TPM0_IRQHandler
    startup_mkl25z4.o(.text) refers to system_mkl25z4.o(.text) for SystemInit
    startup_mkl25z4.o(.text) refers to entry.o(.ARM.Collect$$$$00000000) for __main
    system_mkl25z4.o(.text) refers to uidiv.o(.text) for __aeabi_uidivmod
    system_mkl25z4.o(.text) refers to system_mkl25z4.o(i.__ARM_common_switch8) for __ARM_common_switch8
    system_mkl25z4.o(.text) refers to system_mkl25z4.o(.data) for SystemCoreClock
    entry.o(.ARM.Collect$$$$00000000) refers (Special) to entry10a.o(.ARM.Collect$$$$0000000D) for __rt_final_cpp
    entry.o(.ARM.Collect$$$$00000000) refers (Special) to entry11a.o(.ARM.Collect$$$$0000000F) for __rt_final_exit
    entry.o(.ARM.Collect$$$$00000000) refers (Special) to entry7b.o(.ARM.Collect$$$$00000008) for _main_clock
    entry.o(.ARM.Collect$$$$00000000) refers (Special) to entry8b.o(.ARM.Collect$$$$0000000A) for _main_cpp_init
    entry.o(.ARM.Collect$$$$00000000) refers (Special) to entry9a.o(.ARM.Collect$$$$0000000B) for _main_init
    entry.o(.ARM.Collect$$$$00000000) refers (Special) to entry5.o(.ARM.Collect$$$$00000004) for _main_scatterload
    entry.o(.ARM.Collect$$$$00000000) refers (Special) to entry2.o(.ARM.Collect$$$$00000001) for _main_stk
    idiv.o(.text) refers to uidiv.o(.text) for __aeabi_uidivmod
    entry2.o(.ARM.Collect$$$$00000001) refers to entry2.o(.ARM.Collect$$$$00002712) for __lit__00000000
    entry2.o(.ARM.Collect$$$$00002712) refers to startup_mkl25z4.o(STACK) for __initial_sp
    entry2.o(__vectab_stack_and_reset_area) refers to startup_mkl25z4.o(STACK) for __initial_sp
    entry2.o(__vectab_stack_and_reset_area) refers to entry.o(.ARM.Collect$$$$00000000) for __main
    entry5.o(.ARM.Collect$$$$00000004) refers to init.o(.text) for __scatterload
    entry9a.o(.ARM.Collect$$$$0000000B) refers to blinky.o(.text) for main
    entry9b.o(.ARM.Collect$$$$0000000C) refers to blinky.o(.text) for main
    init.o(.text) refers to entry5.o(.ARM.Collect$$$$00000004) for __main_after_scatterload


==============================================================================

Removing Unused input sections from the image.

    Removing adc0.o(.rev16_text), (4 bytes).
    Removing adc0.o(.revsh_text), (4 bytes).
    Removing adc16.o(.rev16_text), (4 bytes).
    Removing adc16.o(.revsh_text), (4 bytes).
    Removing blinky.o(.rev16_text), (4 bytes).
    Removing blinky.o(.revsh_text), (4 bytes).
    Removing timers.o(.rev16_text), (4 bytes).
    Removing timers.o(.revsh_text), (4 bytes).
    Removing uart.o(.rev16_text), (4 bytes).
    Removing uart.o(.revsh_text), (4 bytes).
    Removing global_var.o(.rev16_text), (4 bytes).
    Removing global_var.o(.revsh_text), (4 bytes).
    Removing adc_kit.o(.rev16_text), (4 bytes).
    Removing adc_kit.o(.revsh_text), (4 bytes).
    Removing pwm_kit.o(.rev16_text), (4 bytes).
    Removing pwm_kit.o(.revsh_text), (4 bytes).
    Removing kit_chain.o(.rev16_text), (4 bytes).
    Removing kit_chain.o(.revsh_text), (4 bytes).
    Removing startup_mkl25z4.o(HEAP), (0 bytes).
    Removing system_mkl25z4.o(.rev16_text), (4 bytes).
    Removing system_mkl25z4.o(.revsh_text), (4 bytes).

21 unused section(s) (total 80 bytes) removed from the image.

==============================================================================

Image Symbol Table

    Local Symbols

    Symbol Name                              Value     Ov Type        Size  Object(Section)

    RESET                                    0x00000000   Section      192  startup_mkl25z4.o(RESET)
    ../clib/microlib/division.c              0x00000000   Number         0  uidiv.o ABSOLUTE
    ../clib/microlib/division.c              0x00000000   Number         0  idiv.o ABSOLUTE
    ../clib/microlib/init/entry.s            0x00000000   Number         0  entry9b.o ABSOLUTE
    ../clib/microlib/init/entry.s            0x00000000   Number         0  entry.o ABSOLUTE
    ../clib/microlib/init/entry.s            0x00000000   Number         0  entry9a.o ABSOLUTE
    ../clib/microlib/init/entry.s            0x00000000   Number         0  entry8b.o ABSOLUTE
    ../clib/microlib/init/entry.s            0x00000000   Number         0  entry8a.o ABSOLUTE
    ../clib/microlib/init/entry.s            0x00000000   Number         0  entry7b.o ABSOLUTE
    ../clib/microlib/init/entry.s            0x00000000   Number         0  entry2.o ABSOLUTE
    ../clib/microlib/init/entry.s            0x00000000   Number         0  entry7a.o ABSOLUTE
    ../clib/microlib/init/entry.s            0x00000000   Number         0  entry5.o ABSOLUTE
    ../clib/microlib/init/entry.s            0x00000000   Number         0  entry10a.o ABSOLUTE
    ../clib/microlib/init/entry.s            0x00000000   Number         0  entry10b.o ABSOLUTE
    ../clib/microlib/init/entry.s            0x00000000   Number         0  entry11a.o ABSOLUTE
    ../clib/microlib/init/entry.s            0x00000000   Number         0  entry11b.o ABSOLUTE
    ../clib/microlib/string/memcpy.c         0x00000000   Number         0  memcpya.o ABSOLUTE
    ../clib/microlib/string/memcpy.c         0x00000000   Number         0  memcpyb.o ABSOLUTE
    ADC_Kit.c                                0x00000000   Number         0  adc_kit.o ABSOLUTE
    ADC_Kit.c                                0x00000000   Number         0  adc_kit.o ABSOLUTE
    Blinky.c                                 0x00000000   Number         0  blinky.o ABSOLUTE
    Blinky.c                                 0x00000000   Number         0  blinky.o ABSOLUTE
    Kit_chain.c                              0x00000000   Number         0  kit_chain.o ABSOLUTE
    Kit_chain.c                              0x00000000   Number         0  kit_chain.o ABSOLUTE
    PWM_Kit.c                                0x00000000   Number         0  pwm_kit.o ABSOLUTE
    PWM_Kit.c                                0x00000000   Number         0  pwm_kit.o ABSOLUTE
    RTE\Device\MKL25Z128xxx4\startup_MKL25Z4.s 0x00000000   Number         0  startup_mkl25z4.o ABSOLUTE
    RTE\Device\MKL25Z128xxx4\system_MKL25Z4.c 0x00000000   Number         0  system_mkl25z4.o ABSOLUTE
    RTE\\Device\\MKL25Z128xxx4\\system_MKL25Z4.c 0x00000000   Number         0  system_mkl25z4.o ABSOLUTE
    adc0.c                                   0x00000000   Number         0  adc0.o ABSOLUTE
    adc0.c                                   0x00000000   Number         0  adc0.o ABSOLUTE
    adc16.c                                  0x00000000   Number         0  adc16.o ABSOLUTE
    adc16.c                                  0x00000000   Number         0  adc16.o ABSOLUTE
    dc.s                                     0x00000000   Number         0  dc.o ABSOLUTE
    global_var.c                             0x00000000   Number         0  global_var.o ABSOLUTE
    global_var.c                             0x00000000   Number         0  global_var.o ABSOLUTE
    handlers.s                               0x00000000   Number         0  handlers.o ABSOLUTE
    init.s                                   0x00000000   Number         0  init.o ABSOLUTE
    timers.c                                 0x00000000   Number         0  timers.o ABSOLUTE
    timers.c                                 0x00000000   Number         0  timers.o ABSOLUTE
    uart.c                                   0x00000000   Number         0  uart.o ABSOLUTE
    uart.c                                   0x00000000   Number         0  uart.o ABSOLUTE
    .ARM.Collect$$$$00000000                 0x000000c0   Section        0  entry.o(.ARM.Collect$$$$00000000)
    .ARM.Collect$$$$00000001                 0x000000c0   Section        4  entry2.o(.ARM.Collect$$$$00000001)
    .ARM.Collect$$$$00000004                 0x000000c4   Section        4  entry5.o(.ARM.Collect$$$$00000004)
    .ARM.Collect$$$$00000008                 0x000000c8   Section        0  entry7b.o(.ARM.Collect$$$$00000008)
    .ARM.Collect$$$$0000000A                 0x000000c8   Section        0  entry8b.o(.ARM.Collect$$$$0000000A)
    .ARM.Collect$$$$0000000B                 0x000000c8   Section        8  entry9a.o(.ARM.Collect$$$$0000000B)
    .ARM.Collect$$$$0000000D                 0x000000d0   Section        0  entry10a.o(.ARM.Collect$$$$0000000D)
    .ARM.Collect$$$$0000000F                 0x000000d0   Section        0  entry11a.o(.ARM.Collect$$$$0000000F)
    .ARM.Collect$$$$00002712                 0x000000d0   Section        4  entry2.o(.ARM.Collect$$$$00002712)
    __lit__00000000                          0x000000d0   Data           4  entry2.o(.ARM.Collect$$$$00002712)
    .text                                    0x000000d4   Section        0  adc0.o(.text)
    .text                                    0x00000128   Section        0  adc16.o(.text)
    .text                                    0x000002c4   Section        0  adc_kit.o(.text)
    NVIC_SetPriority                         0x00000353   Thumb Code   110  adc_kit.o(.text)
    .text                                    0x000003d4   Section       28  startup_mkl25z4.o(.text)
    i.__scatterload_copy                     0x000003f0   Section       14  handlers.o(i.__scatterload_copy)
    i.__scatterload_null                     0x000003fe   Section        2  handlers.o(i.__scatterload_null)
    .ARM.__at_0x400                          0x00000400   Section       16  startup_mkl25z4.o(.ARM.__at_0x400)
    .text                                    0x00000410   Section        0  blinky.o(.text)
    NVIC_ClearPendingIRQ                     0x000007bd   Thumb Code    14  blinky.o(.text)
    .text                                    0x00000938   Section        0  timers.o(.text)
    NVIC_ClearPendingIRQ                     0x00000bf7   Thumb Code    14  timers.o(.text)
    NVIC_SetPriority                         0x00000c05   Thumb Code   110  timers.o(.text)
    .text                                    0x00000cd4   Section        0  uart.o(.text)
    .text                                    0x00000e8c   Section        0  pwm_kit.o(.text)
    NVIC_SetPriority                         0x00000e8d   Thumb Code   110  pwm_kit.o(.text)
    NVIC_EnableIRQ                           0x00000fcb   Thumb Code    14  pwm_kit.o(.text)
    NVIC_ClearPendingIRQ                     0x00000fd9   Thumb Code    14  pwm_kit.o(.text)
    .text                                    0x00001018   Section        0  kit_chain.o(.text)
    .text                                    0x00001220   Section        0  system_mkl25z4.o(.text)
    .text                                    0x0000143c   Section        0  uidiv.o(.text)
    .text                                    0x00001468   Section        0  idiv.o(.text)
    .text                                    0x00001490   Section        0  memcpya.o(.text)
    .text                                    0x000014b4   Section       36  init.o(.text)
    i.__ARM_common_switch8                   0x000014d8   Section        0  system_mkl25z4.o(i.__ARM_common_switch8)
    i.__scatterload_zeroinit                 0x000014f4   Section       14  handlers.o(i.__scatterload_zeroinit)
    .constdata                               0x00001504   Section       24  global_var.o(.constdata)
    .data                                    0x1ffff000   Section        8  blinky.o(.data)
    .data                                    0x1ffff008   Section        5  timers.o(.data)
    .data                                    0x1ffff010   Section       58  global_var.o(.data)
    .data                                    0x1ffff04c   Section        4  system_mkl25z4.o(.data)
    .bss                                     0x1ffff050   Section      512  global_var.o(.bss)
    STACK                                    0x1ffff250   Section     1024  startup_mkl25z4.o(STACK)

    Global Symbols

    Symbol Name                              Value     Ov Type        Size  Object(Section)

    BuildAttributes$$THM_ISAv3M$S$PE$A:L22$X:L11$S22$IEEE1$IW$USESV6$~STKCKD$USESV7$~SHL$OSPACE$EBA8$MICROLIB$REQ8$PRES8$EABIv2 0x00000000   Number         0  anon$$obj.o ABSOLUTE
    __ARM_use_no_argv                        0x00000000   Number         0  blinky.o ABSOLUTE
    __Vectors                                0x00000000   Data           4  startup_mkl25z4.o(RESET)
    __cpp_initialize__aeabi_                  - Undefined Weak Reference
    __cxa_finalize                            - Undefined Weak Reference
    __decompress                              - Undefined Weak Reference
    _clock_init                               - Undefined Weak Reference
    _microlib_exit                            - Undefined Weak Reference
    __Vectors_End                            0x000000c0   Data           0  startup_mkl25z4.o(RESET)
    __Vectors_Size                           0x000000c0   Number         0  startup_mkl25z4.o ABSOLUTE
    __main                                   0x000000c1   Thumb Code     0  entry.o(.ARM.Collect$$$$00000000)
    _main_stk                                0x000000c1   Thumb Code     0  entry2.o(.ARM.Collect$$$$00000001)
    _main_scatterload                        0x000000c5   Thumb Code     0  entry5.o(.ARM.Collect$$$$00000004)
    __main_after_scatterload                 0x000000c9   Thumb Code     0  entry5.o(.ARM.Collect$$$$00000004)
    _main_clock                              0x000000c9   Thumb Code     0  entry7b.o(.ARM.Collect$$$$00000008)
    _main_cpp_init                           0x000000c9   Thumb Code     0  entry8b.o(.ARM.Collect$$$$0000000A)
    _main_init                               0x000000c9   Thumb Code     0  entry9a.o(.ARM.Collect$$$$0000000B)
    __rt_final_cpp                           0x000000d1   Thumb Code     0  entry10a.o(.ARM.Collect$$$$0000000D)
    __rt_final_exit                          0x000000d1   Thumb Code     0  entry11a.o(.ARM.Collect$$$$0000000F)
    init_ADC0                                0x000000d5   Thumb Code    70  adc0.o(.text)
    ADC_Cal                                  0x00000129   Thumb Code   244  adc16.o(.text)
    ADC_Config_Alt                           0x0000021d   Thumb Code    36  adc16.o(.text)
    ADC_Read_Cal                             0x00000241   Thumb Code   126  adc16.o(.text)
    Init_ADC                                 0x000002c5   Thumb Code    18  adc_kit.o(.text)
    Read_ADC                                 0x000002d7   Thumb Code    36  adc_kit.o(.text)
    ADC_toggle                               0x000002fb   Thumb Code    14  adc_kit.o(.text)
    Init_ADC_lab2_part1                      0x00000309   Thumb Code    74  adc_kit.o(.text)
    Reset_Handler                            0x000003d5   Thumb Code     8  startup_mkl25z4.o(.text)
    NMI_Handler                              0x000003dd   Thumb Code     2  startup_mkl25z4.o(.text)
    HardFault_Handler                        0x000003df   Thumb Code     2  startup_mkl25z4.o(.text)
    SVC_Handler                              0x000003e1   Thumb Code     2  startup_mkl25z4.o(.text)
    PendSV_Handler                           0x000003e3   Thumb Code     2  startup_mkl25z4.o(.text)
    SysTick_Handler                          0x000003e5   Thumb Code     2  startup_mkl25z4.o(.text)
    CMP0_IRQHandler                          0x000003e7   Thumb Code     0  startup_mkl25z4.o(.text)
    DAC0_IRQHandler                          0x000003e7   Thumb Code     0  startup_mkl25z4.o(.text)
    DMA0_IRQHandler                          0x000003e7   Thumb Code     0  startup_mkl25z4.o(.text)
    DMA1_IRQHandler                          0x000003e7   Thumb Code     0  startup_mkl25z4.o(.text)
    DMA2_IRQHandler                          0x000003e7   Thumb Code     0  startup_mkl25z4.o(.text)
    DMA3_IRQHandler                          0x000003e7   Thumb Code     0  startup_mkl25z4.o(.text)
    DefaultISR                               0x000003e7   Thumb Code     0  startup_mkl25z4.o(.text)
    FTFA_IRQHandler                          0x000003e7   Thumb Code     0  startup_mkl25z4.o(.text)
    I2C0_IRQHandler                          0x000003e7   Thumb Code     0  startup_mkl25z4.o(.text)
    I2C1_IRQHandler                          0x000003e7   Thumb Code     0  startup_mkl25z4.o(.text)
    LLW_IRQHandler                           0x000003e7   Thumb Code     0  startup_mkl25z4.o(.text)
    LPTimer_IRQHandler                       0x000003e7   Thumb Code     0  startup_mkl25z4.o(.text)
    LVD_LVW_IRQHandler                       0x000003e7   Thumb Code     0  startup_mkl25z4.o(.text)
    MCG_IRQHandler                           0x000003e7   Thumb Code     0  startup_mkl25z4.o(.text)
    PORTA_IRQHandler                         0x000003e7   Thumb Code     0  startup_mkl25z4.o(.text)
    PORTD_IRQHandler                         0x000003e7   Thumb Code     0  startup_mkl25z4.o(.text)
    RTC_IRQHandler                           0x000003e7   Thumb Code     0  startup_mkl25z4.o(.text)
    RTC_Seconds_IRQHandler                   0x000003e7   Thumb Code     0  startup_mkl25z4.o(.text)
    Reserved20_IRQHandler                    0x000003e7   Thumb Code     0  startup_mkl25z4.o(.text)
    Reserved39_IRQHandler                    0x000003e7   Thumb Code     0  startup_mkl25z4.o(.text)
    Reserved45_IRQHandler                    0x000003e7   Thumb Code     0  startup_mkl25z4.o(.text)
    SPI0_IRQHandler                          0x000003e7   Thumb Code     0  startup_mkl25z4.o(.text)
    SPI1_IRQHandler                          0x000003e7   Thumb Code     0  startup_mkl25z4.o(.text)
    TPM2_IRQHandler                          0x000003e7   Thumb Code     0  startup_mkl25z4.o(.text)
    TSI0_IRQHandler                          0x000003e7   Thumb Code     0  startup_mkl25z4.o(.text)
    UART0_IRQHandler                         0x000003e7   Thumb Code     0  startup_mkl25z4.o(.text)
    UART1_IRQHandler                         0x000003e7   Thumb Code     0  startup_mkl25z4.o(.text)
    UART2_IRQHandler                         0x000003e7   Thumb Code     0  startup_mkl25z4.o(.text)
    USB0_IRQHandler                          0x000003e7   Thumb Code     0  startup_mkl25z4.o(.text)
    __scatterload_copy                       0x000003f1   Thumb Code    14  handlers.o(i.__scatterload_copy)
    __scatterload_null                       0x000003ff   Thumb Code     2  handlers.o(i.__scatterload_null)
    TPM1_IRQHandler                          0x00000411   Thumb Code   104  blinky.o(.text)
    TPM0_IRQHandler                          0x00000479   Thumb Code    48  blinky.o(.text)
    main                                     0x000004a9   Thumb Code   788  blinky.o(.text)
    buffer_sel_toggle                        0x00000939   Thumb Code    14  timers.o(.text)
    buffer_cam_toggle                        0x00000947   Thumb Code    14  timers.o(.text)
    get_buffer                               0x00000955   Thumb Code    40  timers.o(.text)
    LED_Initialize                           0x0000097d   Thumb Code    90  timers.o(.text)
    ADC0_IRQHandler                          0x000009d7   Thumb Code   280  timers.o(.text)
    Init_PIT                                 0x00000aef   Thumb Code   118  timers.o(.text)
    Start_PIT                                0x00000b65   Thumb Code    14  timers.o(.text)
    Stop_PIT                                 0x00000b73   Thumb Code    14  timers.o(.text)
    PIT_IRQHandler                           0x00000b81   Thumb Code   118  timers.o(.text)
    uart0_init                               0x00000cd5   Thumb Code   342  uart.o(.text)
    uart0_getchar                            0x00000e2b   Thumb Code    20  uart.o(.text)
    uart0_putchar                            0x00000e3f   Thumb Code    20  uart.o(.text)
    uart0_putchars                           0x00000e53   Thumb Code    34  uart.o(.text)
    uart0_getchar_present                    0x00000e75   Thumb Code    10  uart.o(.text)
    Init_PWM                                 0x00000efb   Thumb Code   208  pwm_kit.o(.text)
    translator                               0x00001019   Thumb Code    34  kit_chain.o(.text)
    dutyCycle                                0x0000103b   Thumb Code    30  kit_chain.o(.text)
    put                                      0x00001059   Thumb Code    22  kit_chain.o(.text)
    DEBUG_print_track                        0x0000106f   Thumb Code    84  kit_chain.o(.text)
    DEBUG_print_camera                       0x000010c3   Thumb Code    30  kit_chain.o(.text)
    SINGLE_TRACK_ANY                         0x000010e1   Thumb Code   250  kit_chain.o(.text)
    DEBUG_print_midpoint                     0x000011db   Thumb Code    62  kit_chain.o(.text)
    SystemInit                               0x00001221   Thumb Code   168  system_mkl25z4.o(.text)
    SystemCoreClockUpdate                    0x000012c9   Thumb Code   322  system_mkl25z4.o(.text)
    __aeabi_uidiv                            0x0000143d   Thumb Code     0  uidiv.o(.text)
    __aeabi_uidivmod                         0x0000143d   Thumb Code    44  uidiv.o(.text)
    __aeabi_idiv                             0x00001469   Thumb Code     0  idiv.o(.text)
    __aeabi_idivmod                          0x00001469   Thumb Code    40  idiv.o(.text)
    __aeabi_memcpy                           0x00001491   Thumb Code    36  memcpya.o(.text)
    __aeabi_memcpy4                          0x00001491   Thumb Code     0  memcpya.o(.text)
    __aeabi_memcpy8                          0x00001491   Thumb Code     0  memcpya.o(.text)
    __scatterload                            0x000014b5   Thumb Code    28  init.o(.text)
    __scatterload_rt2                        0x000014b5   Thumb Code     0  init.o(.text)
    __ARM_common_switch8                     0x000014d9   Thumb Code    28  system_mkl25z4.o(i.__ARM_common_switch8)
    __scatterload_zeroinit                   0x000014f5   Thumb Code    14  handlers.o(i.__scatterload_zeroinit)
    led_mask                                 0x00001504   Data          12  global_var.o(.constdata)
    camera_mask                              0x00001510   Data          12  global_var.o(.constdata)
    Region$$Table$$Base                      0x0000151c   Number         0  anon$$obj.o(Region$$Table)
    Region$$Table$$Limit                     0x0000153c   Number         0  anon$$obj.o(Region$$Table)
    tick                                     0x1ffff000   Data           4  blinky.o(.data)
    current_read                             0x1ffff004   Data           4  blinky.o(.data)
    PIT_interrupt_counter                    0x1ffff008   Data           4  timers.o(.data)
    val                                      0x1ffff00c   Data           1  timers.o(.data)
    buffer_index                             0x1ffff010   Data           4  global_var.o(.data)
    buffer_sel                               0x1ffff014   Data           4  global_var.o(.data)
    buffer_cam                               0x1ffff018   Data           4  global_var.o(.data)
    CLK                                      0x1ffff01c   Data           4  global_var.o(.data)
    DONE                                     0x1ffff020   Data           4  global_var.o(.data)
    ADC_sel                                  0x1ffff024   Data           4  global_var.o(.data)
    FB1                                      0x1ffff028   Data           4  global_var.o(.data)
    FB2                                      0x1ffff02c   Data           4  global_var.o(.data)
    original_CFG2                            0x1ffff030   Data           4  global_var.o(.data)
    ADC_FLG                                  0x1ffff034   Data           2  global_var.o(.data)
    hex                                      0x1ffff036   Data          16  global_var.o(.data)
    PW1                                      0x1ffff046   Data           2  global_var.o(.data)
    PW2                                      0x1ffff048   Data           2  global_var.o(.data)
    SystemCoreClock                          0x1ffff04c   Data           4  system_mkl25z4.o(.data)
    buffer                                   0x1ffff050   Data         512  global_var.o(.bss)
    __initial_sp                             0x1ffff650   Data           0  startup_mkl25z4.o(STACK)



==============================================================================

Memory Map of the image

  Image Entry point : 0x000003d5

  Load Region LR_1 (Base: 0x00000000, Size: 0x0000158c, Max: 0xffffffff, ABSOLUTE)

    Execution Region ER_RO (Base: 0x00000000, Size: 0x0000153c, Max: 0xffffffff, ABSOLUTE)

    Base Addr    Size         Type   Attr      Idx    E Section Name        Object

    0x00000000   0x000000c0   Data   RO          274    RESET               startup_mkl25z4.o
    0x000000c0   0x00000000   Code   RO          310  * .ARM.Collect$$$$00000000  mc_p.l(entry.o)
    0x000000c0   0x00000004   Code   RO          321    .ARM.Collect$$$$00000001  mc_p.l(entry2.o)
    0x000000c4   0x00000004   Code   RO          324    .ARM.Collect$$$$00000004  mc_p.l(entry5.o)
    0x000000c8   0x00000000   Code   RO          326    .ARM.Collect$$$$00000008  mc_p.l(entry7b.o)
    0x000000c8   0x00000000   Code   RO          328    .ARM.Collect$$$$0000000A  mc_p.l(entry8b.o)
    0x000000c8   0x00000008   Code   RO          329    .ARM.Collect$$$$0000000B  mc_p.l(entry9a.o)
    0x000000d0   0x00000000   Code   RO          331    .ARM.Collect$$$$0000000D  mc_p.l(entry10a.o)
    0x000000d0   0x00000000   Code   RO          333    .ARM.Collect$$$$0000000F  mc_p.l(entry11a.o)
    0x000000d0   0x00000004   Code   RO          322    .ARM.Collect$$$$00002712  mc_p.l(entry2.o)
    0x000000d4   0x00000054   Code   RO            3    .text               adc0.o
    0x00000128   0x0000019c   Code   RO           51    .text               adc16.o
    0x000002c4   0x00000110   Code   RO          205    .text               adc_kit.o
    0x000003d4   0x0000001c   Code   RO          276  * .text               startup_mkl25z4.o
    0x000003f0   0x0000000e   Code   RO          339    i.__scatterload_copy  mc_p.l(handlers.o)
    0x000003fe   0x00000002   Code   RO          340    i.__scatterload_null  mc_p.l(handlers.o)
    0x00000400   0x00000010   Code   RO          275    .ARM.__at_0x400     startup_mkl25z4.o
    0x00000410   0x00000528   Code   RO           71    .text               blinky.o
    0x00000938   0x0000039c   Code   RO          127    .text               timers.o
    0x00000cd4   0x000001b8   Code   RO          160    .text               uart.o
    0x00000e8c   0x0000018c   Code   RO          228    .text               pwm_kit.o
    0x00001018   0x00000208   Code   RO          251    .text               kit_chain.o
    0x00001220   0x0000021c   Code   RO          284    .text               system_mkl25z4.o
    0x0000143c   0x0000002c   Code   RO          313    .text               mc_p.l(uidiv.o)
    0x00001468   0x00000028   Code   RO          315    .text               mc_p.l(idiv.o)
    0x00001490   0x00000024   Code   RO          317    .text               mc_p.l(memcpya.o)
    0x000014b4   0x00000024   Code   RO          335    .text               mc_p.l(init.o)
    0x000014d8   0x0000001c   Code   RO          302    i.__ARM_common_switch8  system_mkl25z4.o
    0x000014f4   0x0000000e   Code   RO          341    i.__scatterload_zeroinit  mc_p.l(handlers.o)
    0x00001502   0x00000002   PAD
    0x00001504   0x00000018   Data   RO          184    .constdata          global_var.o
    0x0000151c   0x00000020   Data   RO          337    Region$$Table       anon$$obj.o


    Execution Region ER_RW (Base: 0x1ffff000, Size: 0x00000050, Max: 0xffffffff, ABSOLUTE)

    Base Addr    Size         Type   Attr      Idx    E Section Name        Object

    0x1ffff000   0x00000008   Data   RW           72    .data               blinky.o
    0x1ffff008   0x00000005   Data   RW          128    .data               timers.o
    0x1ffff00d   0x00000003   PAD
    0x1ffff010   0x0000003a   Data   RW          185    .data               global_var.o
    0x1ffff04a   0x00000002   PAD
    0x1ffff04c   0x00000004   Data   RW          285    .data               system_mkl25z4.o


    Execution Region ER_ZI (Base: 0x1ffff050, Size: 0x00000600, Max: 0xffffffff, ABSOLUTE)

    Base Addr    Size         Type   Attr      Idx    E Section Name        Object

    0x1ffff050   0x00000200   Zero   RW          183    .bss                global_var.o
    0x1ffff250   0x00000400   Zero   RW          272    STACK               startup_mkl25z4.o


==============================================================================

Image component sizes


      Code (inc. data)   RO Data    RW Data    ZI Data      Debug   Object Name

        84         14          0          0          0     100404   adc0.o
       412          6          0          0          0       1254   adc16.o
       272         20          0          0          0       7007   adc_kit.o
      1320        366          0          8          0     100423   blinky.o
         0          0         24         58        512       1100   global_var.o
       520          8          0          0          0       2166   kit_chain.o
       396         50          0          0          0       6643   pwm_kit.o
        44         24        192          0       1024        776   startup_mkl25z4.o
       568         60          0          4          0       1233   system_mkl25z4.o
       924         98          0          5          0       8103   timers.o
       440         14          0          0          0       1786   uart.o

    ----------------------------------------------------------------------
      4980        660        248         80       1536     230895   Object Totals
         0          0         32          0          0          0   (incl. Generated)
         0          0          0          5          0          0   (incl. Padding)

    ----------------------------------------------------------------------

      Code (inc. data)   RO Data    RW Data    ZI Data      Debug   Library Member Name

         0          0          0          0          0          0   entry.o
         0          0          0          0          0          0   entry10a.o
         0          0          0          0          0          0   entry11a.o
         8          4          0          0          0          0   entry2.o
         4          0          0          0          0          0   entry5.o
         0          0          0          0          0          0   entry7b.o
         0          0          0          0          0          0   entry8b.o
         8          4          0          0          0          0   entry9a.o
        30          0          0          0          0          0   handlers.o
        40          0          0          0          0         72   idiv.o
        36          8          0          0          0         68   init.o
        36          0          0          0          0         60   memcpya.o
        44          0          0          0          0         72   uidiv.o

    ----------------------------------------------------------------------
       208         16          0          0          0        272   Library Totals
         2          0          0          0          0          0   (incl. Padding)

    ----------------------------------------------------------------------

      Code (inc. data)   RO Data    RW Data    ZI Data      Debug   Library Name

       206         16          0          0          0        272   mc_p.l

    ----------------------------------------------------------------------
       208         16          0          0          0        272   Library Totals

    ----------------------------------------------------------------------

==============================================================================


      Code (inc. data)   RO Data    RW Data    ZI Data      Debug   

      5188        676        248         80       1536     230659   Grand Totals
      5188        676        248         80       1536     230659   ELF Image Totals
      5188        676        248         80          0          0   ROM Totals

==============================================================================

    Total RO  Size (Code + RO Data)                 5436 (   5.31kB)
    Total RW  Size (RW Data + ZI Data)              1616 (   1.58kB)
    Total ROM Size (Code + RO Data + RW Data)       5516 (   5.39kB)

==============================================================================

